Archive member included to satisfy reference by file (symbol)

c:/altera/14.1/nios2eds/bin/gnu/h-x86_64-mingw32/bin/../lib/gcc/nios2-elf/4.8.3/../../../../../H-x86_64-mingw32/nios2-elf/lib/mno-hw-mul\libc.a(lib_a-puts.o)
                              obj/default/hello_ucosii.o (puts)
c:/altera/14.1/nios2eds/bin/gnu/h-x86_64-mingw32/bin/../lib/gcc/nios2-elf/4.8.3/../../../../../H-x86_64-mingw32/nios2-elf/lib/mno-hw-mul\libc.a(lib_a-strlen.o)
                              c:/altera/14.1/nios2eds/bin/gnu/h-x86_64-mingw32/bin/../lib/gcc/nios2-elf/4.8.3/../../../../../H-x86_64-mingw32/nios2-elf/lib/mno-hw-mul\libc.a(lib_a-puts.o) (strlen)
c:/altera/14.1/nios2eds/bin/gnu/h-x86_64-mingw32/bin/../lib/gcc/nios2-elf/4.8.3/../../../../../H-x86_64-mingw32/nios2-elf/lib/mno-hw-mul\libc.a(lib_a-fvwrite.o)
                              c:/altera/14.1/nios2eds/bin/gnu/h-x86_64-mingw32/bin/../lib/gcc/nios2-elf/4.8.3/../../../../../H-x86_64-mingw32/nios2-elf/lib/mno-hw-mul\libc.a(lib_a-puts.o) (__sfvwrite_r)
c:/altera/14.1/nios2eds/bin/gnu/h-x86_64-mingw32/bin/../lib/gcc/nios2-elf/4.8.3/../../../../../H-x86_64-mingw32/nios2-elf/lib/mno-hw-mul\libc.a(lib_a-impure.o)
                              c:/altera/14.1/nios2eds/bin/gnu/h-x86_64-mingw32/bin/../lib/gcc/nios2-elf/4.8.3/../../../../../H-x86_64-mingw32/nios2-elf/lib/mno-hw-mul\libc.a(lib_a-puts.o) (_impure_ptr)
c:/altera/14.1/nios2eds/bin/gnu/h-x86_64-mingw32/bin/../lib/gcc/nios2-elf/4.8.3/../../../../../H-x86_64-mingw32/nios2-elf/lib/mno-hw-mul\libc.a(lib_a-mallocr.o)
                              c:/altera/14.1/nios2eds/bin/gnu/h-x86_64-mingw32/bin/../lib/gcc/nios2-elf/4.8.3/../../../../../H-x86_64-mingw32/nios2-elf/lib/mno-hw-mul\libc.a(lib_a-fvwrite.o) (_malloc_r)
c:/altera/14.1/nios2eds/bin/gnu/h-x86_64-mingw32/bin/../lib/gcc/nios2-elf/4.8.3/../../../../../H-x86_64-mingw32/nios2-elf/lib/mno-hw-mul\libc.a(lib_a-memchr.o)
                              c:/altera/14.1/nios2eds/bin/gnu/h-x86_64-mingw32/bin/../lib/gcc/nios2-elf/4.8.3/../../../../../H-x86_64-mingw32/nios2-elf/lib/mno-hw-mul\libc.a(lib_a-fvwrite.o) (memchr)
c:/altera/14.1/nios2eds/bin/gnu/h-x86_64-mingw32/bin/../lib/gcc/nios2-elf/4.8.3/../../../../../H-x86_64-mingw32/nios2-elf/lib/mno-hw-mul\libc.a(lib_a-memcpy.o)
                              c:/altera/14.1/nios2eds/bin/gnu/h-x86_64-mingw32/bin/../lib/gcc/nios2-elf/4.8.3/../../../../../H-x86_64-mingw32/nios2-elf/lib/mno-hw-mul\libc.a(lib_a-fvwrite.o) (memcpy)
c:/altera/14.1/nios2eds/bin/gnu/h-x86_64-mingw32/bin/../lib/gcc/nios2-elf/4.8.3/../../../../../H-x86_64-mingw32/nios2-elf/lib/mno-hw-mul\libc.a(lib_a-memmove.o)
                              c:/altera/14.1/nios2eds/bin/gnu/h-x86_64-mingw32/bin/../lib/gcc/nios2-elf/4.8.3/../../../../../H-x86_64-mingw32/nios2-elf/lib/mno-hw-mul\libc.a(lib_a-fvwrite.o) (memmove)
c:/altera/14.1/nios2eds/bin/gnu/h-x86_64-mingw32/bin/../lib/gcc/nios2-elf/4.8.3/../../../../../H-x86_64-mingw32/nios2-elf/lib/mno-hw-mul\libc.a(lib_a-reallocr.o)
                              c:/altera/14.1/nios2eds/bin/gnu/h-x86_64-mingw32/bin/../lib/gcc/nios2-elf/4.8.3/../../../../../H-x86_64-mingw32/nios2-elf/lib/mno-hw-mul\libc.a(lib_a-fvwrite.o) (_realloc_r)
c:/altera/14.1/nios2eds/bin/gnu/h-x86_64-mingw32/bin/../lib/gcc/nios2-elf/4.8.3/../../../../../H-x86_64-mingw32/nios2-elf/lib/mno-hw-mul\libc.a(lib_a-sbrkr.o)
                              c:/altera/14.1/nios2eds/bin/gnu/h-x86_64-mingw32/bin/../lib/gcc/nios2-elf/4.8.3/../../../../../H-x86_64-mingw32/nios2-elf/lib/mno-hw-mul\libc.a(lib_a-mallocr.o) (_sbrk_r)
c:/altera/14.1/nios2eds/bin/gnu/h-x86_64-mingw32/bin/../lib/gcc/nios2-elf/4.8.3/../../../../../H-x86_64-mingw32/nios2-elf/lib/mno-hw-mul\libc.a(lib_a-wsetup.o)
                              c:/altera/14.1/nios2eds/bin/gnu/h-x86_64-mingw32/bin/../lib/gcc/nios2-elf/4.8.3/../../../../../H-x86_64-mingw32/nios2-elf/lib/mno-hw-mul\libc.a(lib_a-fvwrite.o) (__swsetup_r)
c:/altera/14.1/nios2eds/bin/gnu/h-x86_64-mingw32/bin/../lib/gcc/nios2-elf/4.8.3/../../../../../H-x86_64-mingw32/nios2-elf/lib/mno-hw-mul\libc.a(lib_a-fflush.o)
                              c:/altera/14.1/nios2eds/bin/gnu/h-x86_64-mingw32/bin/../lib/gcc/nios2-elf/4.8.3/../../../../../H-x86_64-mingw32/nios2-elf/lib/mno-hw-mul\libc.a(lib_a-fvwrite.o) (_fflush_r)
c:/altera/14.1/nios2eds/bin/gnu/h-x86_64-mingw32/bin/../lib/gcc/nios2-elf/4.8.3/../../../../../H-x86_64-mingw32/nios2-elf/lib/mno-hw-mul\libc.a(lib_a-findfp.o)
                              c:/altera/14.1/nios2eds/bin/gnu/h-x86_64-mingw32/bin/../lib/gcc/nios2-elf/4.8.3/../../../../../H-x86_64-mingw32/nios2-elf/lib/mno-hw-mul\libc.a(lib_a-wsetup.o) (__sinit)
c:/altera/14.1/nios2eds/bin/gnu/h-x86_64-mingw32/bin/../lib/gcc/nios2-elf/4.8.3/../../../../../H-x86_64-mingw32/nios2-elf/lib/mno-hw-mul\libc.a(lib_a-freer.o)
[...]
Memory Configuration

Name             Origin             Length             Attributes
sdram_BEFORE_EXCEPTION 0x0000000000800000 0x0000000000000020
sdram            0x0000000000800020 0x00000000007fffe0
reset            0x0000000001001000 0x0000000000000020
flash            0x0000000001001020 0x00000000000007e0
*default*        0x0000000000000000 0xffffffffffffffff

Linker script and memory map

LOAD ../max_nios_classic_ucos_bsp//obj/HAL/src/crt0.o
LOAD obj/default/hello_ucosii.o
LOAD c:/altera/14.1/nios2eds/bin/gnu/h-x86_64-mingw32/bin/../lib/gcc/nios2-elf/4.8.3/../../../../../H-x86_64-mingw32/nios2-elf/lib/mno-hw-mul\libstdc++.a
LOAD c:/altera/14.1/nios2eds/bin/gnu/h-x86_64-mingw32/bin/../lib/gcc/nios2-elf/4.8.3/../../../../../H-x86_64-mingw32/nios2-elf/lib/mno-hw-mul\libm.a
LOAD c:/altera/14.1/nios2eds/bin/gnu/h-x86_64-mingw32/bin/../lib/gcc/nios2-elf/4.8.3/mno-hw-mul\libgcc.a
START GROUP
LOAD c:/altera/14.1/nios2eds/bin/gnu/h-x86_64-mingw32/bin/../lib/gcc/nios2-elf/4.8.3/../../../../../H-x86_64-mingw32/nios2-elf/lib/mno-hw-mul\libc.a
LOAD c:/altera/14.1/nios2eds/bin/gnu/h-x86_64-mingw32/bin/../lib/gcc/nios2-elf/4.8.3/mno-hw-mul\libgcc.a
LOAD ../max_nios_classic_ucos_bsp/\libucosii_bsp.a
END GROUP
LOAD c:/altera/14.1/nios2eds/bin/gnu/h-x86_64-mingw32/bin/../lib/gcc/nios2-elf/4.8.3/mno-hw-mul\libgcc.a
                0x0000000000800000                __alt_mem_sdram = 0x800000
                0x0000000001001000                __alt_mem_flash = 0x1001000

.entry          0x0000000001001000        0x0
 *(.entry)
 .entry         0x0000000001001000        0x0 ../max_nios_classic_ucos_bsp//obj/HAL/src/crt0.o
                0x0000000001001000                __reset

.exceptions     0x0000000000800020      0x19c
                0x0000000000800020                PROVIDE (__ram_exceptions_start, ABSOLUTE (.))
                0x0000000000800020                . = ALIGN (0x20)
 *(.irq)
 *(.exceptions.entry.label)
 .exceptions.entry.label
                0x0000000000800020        0x0 ../max_nios_classic_ucos_bsp/\libucosii_bsp.a(alt_irq_entry.o)
                0x0000000000800020                alt_irq_entry
 .exceptions.entry.label
                0x0000000000800020        0x0 ../max_nios_classic_ucos_bsp/\libucosii_bsp.a(alt_exception_entry.o)
                0x0000000000800020                alt_exception
 *(.exceptions.entry.user)
 *(.exceptions.entry.ecc_fatal)
 *(.exceptions.entry)
 .exceptions.entry
                0x0000000000800020       0x54 ../max_nios_classic_ucos_bsp/\libucosii_bsp.a(alt_exception_entry.o)
 *(.exceptions.irqtest.user)
 *(.exceptions.irqtest)
 .exceptions.irqtest
                0x0000000000800074       0x10 ../max_nios_classic_ucos_bsp/\libucosii_bsp.a(alt_irq_entry.o)
 *(.exceptions.irqhandler.user)
 *(.exceptions.irqhandler)
 .exceptions.irqhandler
                0x0000000000800084        0x4 ../max_nios_classic_ucos_bsp/\libucosii_bsp.a(alt_irq_entry.o)
 *(.exceptions.irqreturn.user)
 *(.exceptions.irqreturn)
 .exceptions.irqreturn
                0x0000000000800088        0x4 ../max_nios_classic_ucos_bsp/\libucosii_bsp.a(alt_irq_entry.o)
 *(.exceptions.notirq.label)
 .exceptions.notirq.label
                0x000000000080008c        0x0 ../max_nios_classic_ucos_bsp/\libucosii_bsp.a(alt_irq_entry.o)
 *(.exceptions.notirq.user)
 *(.exceptions.notirq)
 .exceptions.notirq
                0x000000000080008c        0x8 ../max_nios_classic_ucos_bsp/\libucosii_bsp.a(alt_exception_entry.o)
 *(.exceptions.soft.user)
 *(.exceptions.soft)
 *(.exceptions.unknown.user)
 *(.exceptions.unknown)
 .exceptions.unknown
                0x0000000000800094        0x4 ../max_nios_classic_ucos_bsp/\libucosii_bsp.a(alt_exception_entry.o)
 *(.exceptions.exit.label)
 .exceptions.exit.label
                0x0000000000800098        0x0 ../max_nios_classic_ucos_bsp/\libucosii_bsp.a(alt_irq_entry.o)
 .exceptions.exit.label
                0x0000000000800098        0x0 ../max_nios_classic_ucos_bsp/\libucosii_bsp.a(alt_exception_entry.o)
 *(.exceptions.exit.user)
 *(.exceptions.exit)
 .exceptions.exit
                0x0000000000800098       0x54 ../max_nios_classic_ucos_bsp/\libucosii_bsp.a(alt_exception_entry.o)
 *(.exceptions)
 .exceptions    0x00000000008000ec       0xd0 ../max_nios_classic_ucos_bsp/\libucosii_bsp.a(alt_irq_handler.o)
                0x00000000008000ec                alt_irq_handler
                0x00000000008001bc                PROVIDE (__ram_exceptions_end, ABSOLUTE (.))
                0x0000000000800020                PROVIDE (__flash_exceptions_start, LOADADDR (.exceptions))

.text           0x00000000008001bc     0xeea0
                0x00000000008001bc                PROVIDE (stext, ABSOLUTE (.))
 *(.interp)
 *(.hash)
 *(.dynsym)
 *(.dynstr)
 *(.gnu.version)
 *(.gnu.version_d)
 *(.gnu.version_r)
 *(.rel.init)
 *(.rela.init)
 *(.rel.text .rel.text.* .rel.gnu.linkonce.t.*)
 *(.rela.text .rela.text.* .rela.gnu.linkonce.t.*)
 *(.rel.fini)
 *(.rela.fini)
 *(.rel.rodata .rel.rodata.* .rel.gnu.linkonce.r.*)
 *(.rela.rodata .rela.rodata.* .rela.gnu.linkonce.r.*)
 *(.rel.data .rel.data.* .rel.gnu.linkonce.d.*)
 *(.rela.data .rela.data.* .rela.gnu.linkonce.d.*)
 *(.rel.tdata .rel.tdata.* .rel.gnu.linkonce.td.*)
 *(.rela.tdata .rela.tdata.* .rela.gnu.linkonce.td.*)
 *(.rel.tbss .rel.tbss.* .rel.gnu.linkonce.tb.*)
 *(.rela.tbss .rela.tbss.* .rela.gnu.linkonce.tb.*)
 *(.rel.ctors)
 *(.rela.ctors)
 *(.rel.dtors)
 *(.rela.dtors)
 *(.rel.got)
 *(.rela.got)
 *(.rel.sdata .rel.sdata.* .rel.gnu.linkonce.s.*)
 *(.rela.sdata .rela.sdata.* .rela.gnu.linkonce.s.*)
 *(.rel.sbss .rel.sbss.* .rel.gnu.linkonce.sb.*)
 *(.rela.sbss .rela.sbss.* .rela.gnu.linkonce.sb.*)
 *(.rel.sdata2 .rel.sdata2.* .rel.gnu.linkonce.s2.*)
 *(.rela.sdata2 .rela.sdata2.* .rela.gnu.linkonce.s2.*)
 *(.rel.sbss2 .rel.sbss2.* .rel.gnu.linkonce.sb2.*)
 *(.rela.sbss2 .rela.sbss2.* .rela.gnu.linkonce.sb2.*)
 *(.rel.bss .rel.bss.* .rel.gnu.linkonce.b.*)
 *(.rela.bss .rela.bss.* .rela.gnu.linkonce.b.*)
 *(.rel.plt)
 *(.rela.plt)
 *(.rel.dyn)
 *(.init)
 *(.plt)
 *(.text .stub .text.* .gnu.linkonce.t.*)
 .text          0x00000000008001bc       0x38 ../max_nios_classic_ucos_bsp//obj/HAL/src/crt0.o
                0x00000000008001bc                _start
 .text          0x00000000008001f4      0x140 obj/default/hello_ucosii.o
                0x00000000008001f4                task1
                0x0000000000800250                task2
                0x0000000000800288                main
 .text          0x0000000000800334       0xcc c:/altera/14.1/nios2eds/bin/gnu/h-x86_64-mingw32/bin/../lib/gcc/nios2-elf/4.8.3/../../../../../H-x86_64-mingw32/nios2-elf/lib/mno-hw-mul\libc.a(lib_a-puts.o)
                0x0000000000800334                _puts_r
                0x00000000008003ec                puts
 .text          0x0000000000800400       0x8c c:/altera/14.1/nios2eds/bin/gnu/h-x86_64-mingw32/bin/../lib/gcc/nios2-elf/4.8.3/../../../../../H-x86_64-mingw32/nios2-elf/lib/mno-hw-mul\libc.a(lib_a-strlen.o)
                0x0000000000800400                strlen
 .text          0x000000000080048c      0x4ac c:/altera/14.1/nios2eds/bin/gnu/h-x86_64-mingw32/bin/../lib/gcc/nios2-elf/4.8.3/../../../../../H-x86_64-mingw32/nios2-elf/lib/mno-hw-mul\libc.a(lib_a-fvwrite.o)
                0x000000000080048c                __sfvwrite_r
 .text          0x0000000000800938        0x0 c:/altera/14.1/nios2eds/bin/gnu/h-x86_64-mingw32/bin/../lib/gcc/nios2-elf/4.8.3/../../../../../H-x86_64-mingw32/nios2-elf/lib/mno-hw-mul\libc.a(lib_a-impure.o)
 .text          0x0000000000800938      0x7c4 c:/altera/14.1/nios2eds/bin/gnu/h-x86_64-mingw32/bin/../lib/gcc/nios2-elf/4.8.3/../../../../../H-x86_64-mingw32/nios2-elf/lib/mno-hw-mul\libc.a(lib_a-mallocr.o)
                0x0000000000800938                _malloc_r
 .text          0x00000000008010fc       0xe8 c:/altera/14.1/nios2eds/bin/gnu/h-x86_64-mingw32/bin/../lib/gcc/nios2-elf/4.8.3/../../../../../H-x86_64-mingw32/nios2-elf/lib/mno-hw-mul\libc.a(lib_a-memchr.o)
                0x00000000008010fc                memchr
 .text          0x00000000008011e4      0x10c c:/altera/14.1/nios2eds/bin/gnu/h-x86_64-mingw32/bin/../lib/gcc/nios2-elf/4.8.3/../../../../../H-x86_64-mingw32/nios2-elf/lib/mno-hw-mul\libc.a(lib_a-memcpy.o)
                0x00000000008011e4                memcpy
 .text          0x00000000008012f0      0x13c c:/altera/14.1/nios2eds/bin/gnu/h-x86_64-mingw32/bin/../lib/gcc/nios2-elf/4.8.3/../../../../../H-x86_64-mingw32/nios2-elf/lib/mno-hw-mul\libc.a(lib_a-memmove.o)
                0x00000000008012f0                memmove
 .text          0x000000000080142c      0x564 c:/altera/14.1/nios2eds/bin/gnu/h-x86_64-mingw32/bin/../lib/gcc/nios2-elf/4.8.3/../../../../../H-x86_64-mingw32/nios2-elf/lib/mno-hw-mul\libc.a(lib_a-reallocr.o)
                0x000000000080142c                _realloc_r
 .text          0x0000000000801990       0x64 c:/altera/14.1/nios2eds/bin/gnu/h-x86_64-mingw32/bin/../lib/gcc/nios2-elf/4.8.3/../../../../../H-x86_64-mingw32/nios2-elf/lib/mno-hw-mul\libc.a(lib_a-sbrkr.o)
                0x0000000000801990                _sbrk_r
 .text          0x00000000008019f4      0x138 c:/altera/14.1/nios2eds/bin/gnu/h-x86_64-mingw32/bin/../lib/gcc/nios2-elf/4.8.3/../../../../../H-x86_64-mingw32/nios2-elf/lib/mno-hw-mul\libc.a(lib_a-wsetup.o)
                0x00000000008019f4                __swsetup_r
 .text          0x0000000000801b2c      0x274 c:/altera/14.1/nios2eds/bin/gnu/h-x86_64-mingw32/bin/../lib/gcc/nios2-elf/4.8.3/../../../../../H-x86_64-mingw32/nios2-elf/lib/mno-hw-mul\libc.a(lib_a-fflush.o)
                0x0000000000801b2c                _fflush_r
                0x0000000000801d70                fflush
 .text          0x0000000000801da0      0x3a4 c:/altera/14.1/nios2eds/bin/gnu/h-x86_64-mingw32/bin/../lib/gcc/nios2-elf/4.8.3/../../../../../H-x86_64-mingw32/nios2-elf/lib/mno-hw-mul\libc.a(lib_a-findfp.o)
                0x0000000000801db0                _cleanup_r
                0x0000000000801dbc                __sfmoreglue
                0x0000000000801e34                _cleanup
                0x0000000000801e4c                __sinit
                0x0000000000801fe8                __sfp
                0x0000000000802104                __sfp_lock_acquire
                0x0000000000802108                __sfp_lock_release
                0x000000000080210c                __sinit_lock_acquire
                0x0000000000802110                __sinit_lock_release
                0x0000000000802114                __fp_lock_all
                0x000000000080212c                __fp_unlock_all
 .text          0x0000000000802144      0x40c c:/altera/14.1/nios2eds/bin/gnu/h-x86_64-mingw32/bin/../lib/gcc/nios2-elf/4.8.3/../../../../../H-x86_64-mingw32/nios2-elf/lib/mno-hw-mul\libc.a(lib_a-freer.o)
                0x0000000000802144                _malloc_trim_r
                0x0000000000802280                _free_r
 .text          0x0000000000802550      0x160 c:/altera/14.1/nios2eds/bin/gnu/h-x86_64-mingw32/bin/../lib/gcc/nios2-elf/4.8.3/../../../../../H-x86_64-mingw32/nios2-elf/lib/mno-hw-mul\libc.a(lib_a-fwalk.o)
                0x0000000000802550                _fwalk
                0x00000000008025f8                _fwalk_reent
 .text          0x00000000008026b0        0x0 c:/altera/14.1/nios2eds/bin/gnu/h-x86_64-mingw32/bin/../lib/gcc/nios2-elf/4.8.3/../../../../../H-x86_64-mingw32/nios2-elf/lib/mno-hw-mul\libc.a(lib_a-int_errno.o)
 .text          0x00000000008026b0      0x1b4 c:/altera/14.1/nios2eds/bin/gnu/h-x86_64-mingw32/bin/../lib/gcc/nios2-elf/4.8.3/../../../../../H-x86_64-mingw32/nios2-elf/lib/mno-hw-mul\libc.a(lib_a-makebuf.o)
                0x00000000008026b0                __smakebuf_r
 .text          0x0000000000802864      0x114 c:/altera/14.1/nios2eds/bin/gnu/h-x86_64-mingw32/bin/../lib/gcc/nios2-elf/4.8.3/../../../../../H-x86_64-mingw32/nios2-elf/lib/mno-hw-mul\libc.a(lib_a-memset.o)
                0x0000000000802864                memset
 .text          0x0000000000802978      0x13c c:/altera/14.1/nios2eds/bin/gnu/h-x86_64-mingw32/bin/../lib/gcc/nios2-elf/4.8.3/../../../../../H-x86_64-mingw32/nios2-elf/lib/mno-hw-mul\libc.a(lib_a-stdio.o)
                0x0000000000802978                __sread
                0x00000000008029cc                __seofread
                0x00000000008029d4                __swrite
                0x0000000000802a50                __sseek
                0x0000000000802aac                __sclose
 .text          0x0000000000802ab4       0x6c c:/altera/14.1/nios2eds/bin/gnu/h-x86_64-mingw32/bin/../lib/gcc/nios2-elf/4.8.3/../../../../../H-x86_64-mingw32/nios2-elf/lib/mno-hw-mul\libc.a(lib_a-writer.o)
                0x0000000000802ab4                _write_r
 .text          0x0000000000802b20       0x64 c:/altera/14.1/nios2eds/bin/gnu/h-x86_64-mingw32/bin/../lib/gcc/nios2-elf/4.8.3/../../../../../H-x86_64-mingw32/nios2-elf/lib/mno-hw-mul\libc.a(closer.o)
                0x0000000000802b20                _close_r
 .text          0x0000000000802b84      0x13c c:/altera/14.1/nios2eds/bin/gnu/h-x86_64-mingw32/bin/../lib/gcc/nios2-elf/4.8.3/../../../../../H-x86_64-mingw32/nios2-elf/lib/mno-hw-mul\libc.a(lib_a-fclose.o)
                0x0000000000802b84                _fclose_r
                0x0000000000802cac                fclose
 .text          0x0000000000802cc0       0x68 c:/altera/14.1/nios2eds/bin/gnu/h-x86_64-mingw32/bin/../lib/gcc/nios2-elf/4.8.3/../../../../../H-x86_64-mingw32/nios2-elf/lib/mno-hw-mul\libc.a(lib_a-fstatr.o)
                0x0000000000802cc0                _fstat_r
 .text          0x0000000000802d28       0x64 c:/altera/14.1/nios2eds/bin/gnu/h-x86_64-mingw32/bin/../lib/gcc/nios2-elf/4.8.3/../../../../../H-x86_64-mingw32/nios2-elf/lib/mno-hw-mul\libc.a(lib_a-isattyr.o)
                0x0000000000802d28                _isatty_r
 .text          0x0000000000802d8c       0x6c c:/altera/14.1/nios2eds/bin/gnu/h-x86_64-mingw32/bin/../lib/gcc/nios2-elf/4.8.3/../../../../../H-x86_64-mingw32/nios2-elf/lib/mno-hw-mul\libc.a(lib_a-lseekr.o)
                0x0000000000802d8c                _lseek_r
 .text          0x0000000000802df8       0x6c c:/altera/14.1/nios2eds/bin/gnu/h-x86_64-mingw32/bin/../lib/gcc/nios2-elf/4.8.3/../../../../../H-x86_64-mingw32/nios2-elf/lib/mno-hw-mul\libc.a(lib_a-readr.o)
                0x0000000000802df8                _read_r
 .text          0x0000000000802e64       0x28 c:/altera/14.1/nios2eds/bin/gnu/h-x86_64-mingw32/bin/../lib/gcc/nios2-elf/4.8.3/mno-hw-mul\libgcc.a(lib2-mul.o)
                0x0000000000802e64                __mulsi3
 .text          0x0000000000802e8c      0x120 ../max_nios_classic_ucos_bsp/\libucosii_bsp.a(alt_close.o)
                0x0000000000802edc                close
 .text          0x0000000000802fac       0x2c ../max_nios_classic_ucos_bsp/\libucosii_bsp.a(alt_dev.o)
 .text          0x0000000000802fd8        0x0 ../max_nios_classic_ucos_bsp/\libucosii_bsp.a(alt_errno.o)
 .text          0x0000000000802fd8      0x104 ../max_nios_classic_ucos_bsp/\libucosii_bsp.a(alt_fstat.o)
                0x0000000000803028                fstat
 .text          0x00000000008030dc       0xf8 ../max_nios_classic_ucos_bsp/\libucosii_bsp.a(alt_isatty.o)
                0x000000000080312c                isatty
 .text          0x00000000008031d4      0x128 ../max_nios_classic_ucos_bsp/\libucosii_bsp.a(alt_lseek.o)
                0x0000000000803224                lseek
 .text          0x00000000008032fc       0xd4 ../max_nios_classic_ucos_bsp/\libucosii_bsp.a(alt_main.o)
                0x00000000008032fc                alt_main
 .text          0x00000000008033d0      0x148 ../max_nios_classic_ucos_bsp/\libucosii_bsp.a(alt_read.o)
                0x0000000000803420                read
 .text          0x0000000000803518       0x80 ../max_nios_classic_ucos_bsp/\libucosii_bsp.a(alt_release_fd.o)
                0x0000000000803518                alt_release_fd
 .text          0x0000000000803598       0xb0 ../max_nios_classic_ucos_bsp/\libucosii_bsp.a(alt_sbrk.o)
                0x0000000000803598                sbrk
 .text          0x0000000000803648      0x144 ../max_nios_classic_ucos_bsp/\libucosii_bsp.a(alt_write.o)
                0x0000000000803698                write
 .text          0x000000000080378c      0x11c ../max_nios_classic_ucos_bsp/\libucosii_bsp.a(alt_env_lock.o)
                0x000000000080378c                __env_lock
                0x000000000080384c                __env_unlock
 .text          0x00000000008038a8      0x1f0 ../max_nios_classic_ucos_bsp/\libucosii_bsp.a(alt_malloc_lock.o)
                0x00000000008038a8                __malloc_lock
                0x00000000008039c8                __malloc_unlock
 .text          0x0000000000803a98     0x1fcc ../max_nios_classic_ucos_bsp/\libucosii_bsp.a(os_core.o)
                0x0000000000803a98                OSEventNameGet
                0x0000000000803bb8                OSEventNameSet
                0x0000000000803cf4                OSEventPendMulti
                0x0000000000804304                OSInit
                0x0000000000804358                OSIntEnter
                0x00000000008043d4                OSIntExit
                0x00000000008044c8                OSSchedLock
                0x0000000000804550                OSSchedUnlock
                0x0000000000804628                OSStart
                0x0000000000804694                OSStatInit
                0x0000000000804740                OSTimeTick
                0x000000000080495c                OSVersion
                0x000000000080497c                OS_Dummy
                0x0000000000804998                OS_EventTaskRdy
                0x0000000000804b30                OS_EventTaskWait
                0x0000000000804c38                OS_EventTaskWaitMulti
                0x0000000000804d80                OS_EventTaskRemove
                0x0000000000804e30                OS_EventTaskRemoveMulti
                0x0000000000804f28                OS_EventWaitListInit
                0x00000000008052ec                OS_MemClr
                0x000000000080533c                OS_MemCopy
                0x00000000008053a0                OS_Sched
                0x00000000008054dc                OS_StrCopy
                0x0000000000805550                OS_StrLen
                0x00000000008055a4                OS_TaskIdle
                0x0000000000805600                OS_TaskStat
                0x00000000008056c8                OS_TaskStatStkChk
                0x0000000000805790                OS_TCBInit
 .text          0x0000000000805a64      0x18c ../max_nios_classic_ucos_bsp/\libucosii_bsp.a(os_dbg.o)
                0x0000000000805a64                OSDebugInit
 .text          0x0000000000805bf0     0x1824 ../max_nios_classic_ucos_bsp/\libucosii_bsp.a(os_flag.o)
                0x0000000000805bf0                OSFlagAccept
                0x0000000000805ef8                OSFlagCreate
                0x0000000000806020                OSFlagDel
                0x0000000000806290                OSFlagNameGet
                0x00000000008063c0                OSFlagNameSet
                0x0000000000806510                OSFlagPend
                0x0000000000806b10                OSFlagPendGetFlagsRdy
                0x0000000000806b78                OSFlagPost
                0x0000000000806f00                OSFlagQuery
                0x0000000000807184                OS_FlagInit
                0x0000000000807374                OS_FlagUnlink
 .text          0x0000000000807414      0x790 ../max_nios_classic_ucos_bsp/\libucosii_bsp.a(os_mem.o)
                0x0000000000807414                OSMemCreate
                0x0000000000807608                OSMemGet
                0x00000000008076f8                OSMemNameGet
                0x00000000008077f0                OSMemNameSet
                0x0000000000807908                OSMemPut
                0x00000000008079e0                OSMemQuery
                0x0000000000807ac8                OS_MemInit
 .text          0x0000000000807ba4     0x121c ../max_nios_classic_ucos_bsp/\libucosii_bsp.a(os_q.o)
                0x0000000000807ba4                OSQAccept
                0x0000000000807ce4                OSQCreate
                0x0000000000807edc                OSQDel
                0x00000000008081ac                OSQFlush
                0x0000000000808264                OSQPend
                0x0000000000808560                OSQPendAbort
                0x00000000008086d4                OSQPost
                0x000000000080883c                OSQPostFront
                0x00000000008089ac                OSQPostOpt
                0x0000000000808bb8                OSQQuery
                0x0000000000808d14                OS_QInit
 .text          0x0000000000808dc0      0xb18 ../max_nios_classic_ucos_bsp/\libucosii_bsp.a(os_sem.o)
                0x0000000000808dc0                OSSemAccept
                0x0000000000808e70                OSSemCreate
                0x0000000000808f70                OSSemDel
                0x00000000008091e0                OSSemPend
                0x0000000000809448                OSSemPendAbort
                0x00000000008095bc                OSSemPost
                0x00000000008096cc                OSSemQuery
                0x00000000008097dc                OSSemSet
 .text          0x00000000008098d8     0x18d8 ../max_nios_classic_ucos_bsp/\libucosii_bsp.a(os_task.o)
                0x00000000008098d8                OSTaskChangePrio
                0x0000000000809e00                OSTaskCreate
                0x0000000000809fbc                OSTaskCreateExt
                0x000000000080a1b0                OSTaskDel
                0x000000000080a58c                OSTaskDelReq
                0x000000000080a6e4                OSTaskNameGet
                0x000000000080a88c                OSTaskNameSet
                0x000000000080aa4c                OSTaskResume
                0x000000000080ac40                OSTaskStkChk
                0x000000000080ae08                OSTaskSuspend
                0x000000000080b018                OSTaskQuery
                0x000000000080b144                OS_TaskStkClr
 .text          0x000000000080b1b0      0x57c ../max_nios_classic_ucos_bsp/\libucosii_bsp.a(os_time.o)
                0x000000000080b1b0                OSTimeDly
                0x000000000080b2f4                OSTimeDlyHMSM
                0x000000000080b478                OSTimeDlyResume
                0x000000000080b664                OSTimeGet
                0x000000000080b6c8                OSTimeSet
 .text          0x000000000080b72c       0xd8 ../max_nios_classic_ucos_bsp/\libucosii_bsp.a(alt_sys_init.o)
                0x000000000080b764                alt_irq_init
                0x000000000080b798                alt_sys_init
 .text          0x000000000080b804      0x994 ../max_nios_classic_ucos_bsp/\libucosii_bsp.a(altera_avalon_epcs_flash_controller.o)
                0x000000000080b83c                alt_epcs_flash_init
                0x000000000080bc08                alt_epcs_flash_write
                0x000000000080be68                alt_epcs_flash_get_info
                0x000000000080bf88                alt_epcs_flash_erase_block
                0x000000000080bffc                alt_epcs_flash_write_block
                0x000000000080c100                alt_epcs_flash_read
 .text          0x000000000080c198      0x164 ../max_nios_classic_ucos_bsp/\libucosii_bsp.a(altera_avalon_jtag_uart_fd.o)
                0x000000000080c198                altera_avalon_jtag_uart_read_fd
                0x000000000080c1f8                altera_avalon_jtag_uart_write_fd
                0x000000000080c258                altera_avalon_jtag_uart_close_fd
                0x000000000080c2a8                altera_avalon_jtag_uart_ioctl_fd
 .text          0x000000000080c2fc      0x560 ../max_nios_classic_ucos_bsp/\libucosii_bsp.a(altera_avalon_jtag_uart_init.o)
                0x000000000080c2fc                altera_avalon_jtag_uart_init
                0x000000000080c7f4                altera_avalon_jtag_uart_close
 .text          0x000000000080c85c       0xec ../max_nios_classic_ucos_bsp/\libucosii_bsp.a(altera_avalon_jtag_uart_ioctl.o)
                0x000000000080c85c                altera_avalon_jtag_uart_ioctl
 .text          0x000000000080c948      0x2b4 ../max_nios_classic_ucos_bsp/\libucosii_bsp.a(altera_avalon_jtag_uart_read.o)
                0x000000000080c948                altera_avalon_jtag_uart_read
 .text          0x000000000080cbfc      0x2c4 ../max_nios_classic_ucos_bsp/\libucosii_bsp.a(altera_avalon_jtag_uart_write.o)
                0x000000000080cbfc                altera_avalon_jtag_uart_write
 .text          0x000000000080cec0       0xfc ../max_nios_classic_ucos_bsp/\libucosii_bsp.a(altera_avalon_timer_sc.o)
                0x000000000080cf34                alt_avalon_timer_sc_init
 .text          0x000000000080cfbc      0x62c ../max_nios_classic_ucos_bsp/\libucosii_bsp.a(epcs_commands.o)
                0x000000000080cfbc                epcs_read_status_register
                0x000000000080d088                epcs_sector_erase
                0x000000000080d180                epcs_read_buffer
                0x000000000080d274                epcs_write_enable
                0x000000000080d2c4                epcs_write_status_register
                0x000000000080d32c                epcs_write_buffer
                0x000000000080d448                epcs_read_electronic_signature
                0x000000000080d4b0                epcs_read_device_id
                0x000000000080d530                epcs_enter_4_bytes_mode
                0x000000000080d58c                epcs_exit_4_bytes_mode
 .text          0x000000000080d5e8      0x140 ../max_nios_classic_ucos_bsp/\libucosii_bsp.a(alt_alarm_start.o)
                0x000000000080d5e8                alt_alarm_start
 .text          0x000000000080d728       0xf0 ../max_nios_classic_ucos_bsp/\libucosii_bsp.a(alt_dev_llist_insert.o)
                0x000000000080d778                alt_dev_llist_insert
 .text          0x000000000080d818       0x5c ../max_nios_classic_ucos_bsp/\libucosii_bsp.a(alt_do_ctors.o)
                0x000000000080d818                _do_ctors
 .text          0x000000000080d874       0x5c ../max_nios_classic_ucos_bsp/\libucosii_bsp.a(alt_do_dtors.o)
                0x000000000080d874                _do_dtors
 .text          0x000000000080d8d0       0xb8 ../max_nios_classic_ucos_bsp/\libucosii_bsp.a(alt_flash_dev.o)
                0x000000000080d8d0                alt_flash_open_dev
                0x000000000080d938                alt_flash_close_dev
 .text          0x000000000080d988      0x1d8 ../max_nios_classic_ucos_bsp/\libucosii_bsp.a(alt_iic.o)
                0x000000000080d988                alt_ic_isr_register
                0x000000000080d9d8                alt_ic_irq_enable
                0x000000000080da74                alt_ic_irq_disable
                0x000000000080db14                alt_ic_irq_enabled
 .text          0x000000000080db60       0xf0 ../max_nios_classic_ucos_bsp/\libucosii_bsp.a(alt_iic_isr_register.o)
                0x000000000080db60                alt_iic_isr_register
 .text          0x000000000080dc50      0x158 ../max_nios_classic_ucos_bsp/\libucosii_bsp.a(alt_io_redirect.o)
                0x000000000080dd30                alt_io_redirect
 .text          0x000000000080dda8        0x0 ../max_nios_classic_ucos_bsp/\libucosii_bsp.a(alt_irq_entry.o)
 .text          0x000000000080dda8        0x0 ../max_nios_classic_ucos_bsp/\libucosii_bsp.a(alt_irq_handler.o)
 .text          0x000000000080dda8        0x0 ../max_nios_classic_ucos_bsp/\libucosii_bsp.a(alt_irq_vars.o)
 .text          0x000000000080dda8      0x2a0 ../max_nios_classic_ucos_bsp/\libucosii_bsp.a(alt_open.o)
                0x000000000080deec                open
 .text          0x000000000080e048      0x19c ../max_nios_classic_ucos_bsp/\libucosii_bsp.a(alt_tick.o)
                0x000000000080e048                alt_alarm_stop
                0x000000000080e0e0                alt_tick
 .text          0x000000000080e1e4       0x20 ../max_nios_classic_ucos_bsp/\libucosii_bsp.a(altera_nios2_qsys_irq.o)
                0x000000000080e1e4                altera_nios2_qsys_irq_init
 .text          0x000000000080e204       0xd0 ../max_nios_classic_ucos_bsp/\libucosii_bsp.a(os_cpu_a.o)
                0x000000000080e204                OSCtxSw
                0x000000000080e204                OSIntCtxSw
                0x000000000080e290                OSStartHighRdy
                0x000000000080e2b0                OSStartTsk
 .text          0x000000000080e2d4      0x3fc ../max_nios_classic_ucos_bsp/\libucosii_bsp.a(os_cpu_c.o)
                0x000000000080e2d4                OSTaskStkInit
                0x000000000080e5c8                OSTaskCreateHook
                0x000000000080e5e8                OSTaskDelHook
                0x000000000080e608                OSTaskSwHook
                0x000000000080e624                OSTaskStatHook
                0x000000000080e640                OSTimeTickHook
                0x000000000080e65c                OSInitHookBegin
                0x000000000080e678                OSInitHookEnd
                0x000000000080e694                OSTaskIdleHook
                0x000000000080e6b0                OSTCBInitHook
 .text          0x000000000080e6d0      0x1fc ../max_nios_classic_ucos_bsp/\libucosii_bsp.a(altera_avalon_spi.o)
                0x000000000080e6d0                alt_avalon_spi_command
 .text          0x000000000080e8cc        0x0 ../max_nios_classic_ucos_bsp/\libucosii_bsp.a(alt_exception_entry.o)
 .text          0x000000000080e8cc       0x90 ../max_nios_classic_ucos_bsp/\libucosii_bsp.a(alt_find_dev.o)
                0x000000000080e8cc                alt_find_dev
 .text          0x000000000080e95c      0x114 ../max_nios_classic_ucos_bsp/\libucosii_bsp.a(alt_find_file.o)
                0x000000000080e95c                alt_find_file
 .text          0x000000000080ea70      0x114 ../max_nios_classic_ucos_bsp/\libucosii_bsp.a(alt_get_fd.o)
                0x000000000080ea70                alt_get_fd
 .text          0x000000000080eb84       0x14 c:/altera/14.1/nios2eds/bin/gnu/h-x86_64-mingw32/bin/../lib/gcc/nios2-elf/4.8.3/../../../../../H-x86_64-mingw32/nios2-elf/lib/mno-hw-mul\libc.a(lib_a-atexit.o)
                0x000000000080eb84                atexit
 .text          0x000000000080eb98       0x38 c:/altera/14.1/nios2eds/bin/gnu/h-x86_64-mingw32/bin/../lib/gcc/nios2-elf/4.8.3/../../../../../H-x86_64-mingw32/nios2-elf/lib/mno-hw-mul\libc.a(lib_a-exit.o)
                0x000000000080eb98                exit
 .text          0x000000000080ebd0       0x7c c:/altera/14.1/nios2eds/bin/gnu/h-x86_64-mingw32/bin/../lib/gcc/nios2-elf/4.8.3/../../../../../H-x86_64-mingw32/nios2-elf/lib/mno-hw-mul\libc.a(lib_a-memcmp.o)
                0x000000000080ebd0                memcmp
 .text          0x000000000080ec4c      0x11c c:/altera/14.1/nios2eds/bin/gnu/h-x86_64-mingw32/bin/../lib/gcc/nios2-elf/4.8.3/../../../../../H-x86_64-mingw32/nios2-elf/lib/mno-hw-mul\libc.a(lib_a-__atexit.o)
                0x000000000080ec4c                __register_exitproc
 .text          0x000000000080ed68      0x1a4 c:/altera/14.1/nios2eds/bin/gnu/h-x86_64-mingw32/bin/../lib/gcc/nios2-elf/4.8.3/../../../../../H-x86_64-mingw32/nios2-elf/lib/mno-hw-mul\libc.a(lib_a-__call_atexit.o)
                0x000000000080ed68                __call_exitprocs
 .text          0x000000000080ef0c      0x114 c:/altera/14.1/nios2eds/bin/gnu/h-x86_64-mingw32/bin/../lib/gcc/nios2-elf/4.8.3/mno-hw-mul\libgcc.a(lib2-divmod.o)
                0x000000000080ef7c                __divsi3
                0x000000000080efc4                __modsi3
                0x000000000080f010                __udivsi3
                0x000000000080f018                __umodsi3
 .text          0x000000000080f020       0x3c ../max_nios_classic_ucos_bsp/\libucosii_bsp.a(alt_exit.o)
                0x000000000080f020                _exit
 *(.gnu.warning.*)
 *(.fini)
                0x000000000080f05c                PROVIDE (__etext, ABSOLUTE (.))
                0x000000000080f05c                PROVIDE (_etext, ABSOLUTE (.))
                0x000000000080f05c                PROVIDE (etext, ABSOLUTE (.))
 *(.eh_frame_hdr)
                0x000000000080f05c                . = ALIGN (0x4)
                0x000000000080f05c                PROVIDE (__preinit_array_start, ABSOLUTE (.))
 *(.preinit_array)
                0x000000000080f05c                PROVIDE (__preinit_array_end, ABSOLUTE (.))
                0x000000000080f05c                PROVIDE (__init_array_start, ABSOLUTE (.))
 *(.init_array)
                0x000000000080f05c                PROVIDE (__init_array_end, ABSOLUTE (.))
                0x000000000080f05c                PROVIDE (__fini_array_start, ABSOLUTE (.))
 *(.fini_array)
                0x000000000080f05c                PROVIDE (__fini_array_end, ABSOLUTE (.))
 *(.eh_frame)
 *(.gcc_except_table .gcc_except_table.*)
 *(.dynamic)
                0x000000000080f05c                PROVIDE (__CTOR_LIST__, ABSOLUTE (.))
 *(.ctors)
 *(SORT(.ctors.*))
                0x000000000080f05c                PROVIDE (__CTOR_END__, ABSOLUTE (.))
                0x000000000080f05c                PROVIDE (__DTOR_LIST__, ABSOLUTE (.))
 *(.dtors)
 *(SORT(.dtors.*))
                0x000000000080f05c                PROVIDE (__DTOR_END__, ABSOLUTE (.))
 *(.jcr)
                0x000000000080f05c                . = ALIGN (0x4)

.rodata         0x000000000080f05c      0x184
                0x000000000080f05c                PROVIDE (__ram_rodata_start, ABSOLUTE (.))
                0x000000000080f05c                . = ALIGN (0x4)
 *(.rodata .rodata.* .gnu.linkonce.r.*)
 .rodata        0x000000000080f05c       0x28 obj/default/hello_ucosii.o
 .rodata.str1.4
                0x000000000080f084        0x2 c:/altera/14.1/nios2eds/bin/gnu/h-x86_64-mingw32/bin/../lib/gcc/nios2-elf/4.8.3/../../../../../H-x86_64-mingw32/nios2-elf/lib/mno-hw-mul\libc.a(lib_a-puts.o)
                                          0x4 (size before relaxing)
 *fill*         0x000000000080f086        0x2 
 .rodata.str1.4
                0x000000000080f088        0x4 c:/altera/14.1/nios2eds/bin/gnu/h-x86_64-mingw32/bin/../lib/gcc/nios2-elf/4.8.3/../../../../../H-x86_64-mingw32/nios2-elf/lib/mno-hw-mul\libc.a(lib_a-impure.o)
 .rodata        0x000000000080f08c        0xc ../max_nios_classic_ucos_bsp/\libucosii_bsp.a(alt_dev.o)
 .rodata        0x000000000080f098        0xc ../max_nios_classic_ucos_bsp/\libucosii_bsp.a(alt_main.o)
 .rodata        0x000000000080f0a4      0x120 ../max_nios_classic_ucos_bsp/\libucosii_bsp.a(os_core.o)
                0x000000000080f0a4                OSUnMapTbl
 .rodata        0x000000000080f1c4       0x18 ../max_nios_classic_ucos_bsp/\libucosii_bsp.a(alt_sys_init.o)
 .rodata        0x000000000080f1dc        0x4 ../max_nios_classic_ucos_bsp/\libucosii_bsp.a(os_cpu_c.o)
 *(.rodata1)
                0x000000000080f1e0                . = ALIGN (0x4)
                0x000000000080f1e0                PROVIDE (__ram_rodata_end, ABSOLUTE (.))
                0x000000000080f05c                PROVIDE (__flash_rodata_start, LOADADDR (.rodata))

.rwdata         0x000000000080f1e0     0x1bc4
                0x000000000080f1e0                PROVIDE (__ram_rwdata_start, ABSOLUTE (.))
                0x000000000080f1e0                . = ALIGN (0x4)
 *(.got.plt)
 *(.got)
 *(.data1)
 *(.data .data.* .gnu.linkonce.d.*)
 .data          0x000000000080f1e0        0x0 ../max_nios_classic_ucos_bsp//obj/HAL/src/crt0.o
 .data          0x000000000080f1e0        0x0 obj/default/hello_ucosii.o
 .data          0x000000000080f1e0        0x0 c:/altera/14.1/nios2eds/bin/gnu/h-x86_64-mingw32/bin/../lib/gcc/nios2-elf/4.8.3/../../../../../H-x86_64-mingw32/nios2-elf/lib/mno-hw-mul\libc.a(lib_a-puts.o)
 .data          0x000000000080f1e0        0x0 c:/altera/14.1/nios2eds/bin/gnu/h-x86_64-mingw32/bin/../lib/gcc/nios2-elf/4.8.3/../../../../../H-x86_64-mingw32/nios2-elf/lib/mno-hw-mul\libc.a(lib_a-strlen.o)
 .data          0x000000000080f1e0        0x0 c:/altera/14.1/nios2eds/bin/gnu/h-x86_64-mingw32/bin/../lib/gcc/nios2-elf/4.8.3/../../../../../H-x86_64-mingw32/nios2-elf/lib/mno-hw-mul\libc.a(lib_a-fvwrite.o)
 .data          0x000000000080f1e0      0x424 c:/altera/14.1/nios2eds/bin/gnu/h-x86_64-mingw32/bin/../lib/gcc/nios2-elf/4.8.3/../../../../../H-x86_64-mingw32/nios2-elf/lib/mno-hw-mul\libc.a(lib_a-impure.o)
 .data          0x000000000080f604      0x408 c:/altera/14.1/nios2eds/bin/gnu/h-x86_64-mingw32/bin/../lib/gcc/nios2-elf/4.8.3/../../../../../H-x86_64-mingw32/nios2-elf/lib/mno-hw-mul\libc.a(lib_a-mallocr.o)
                0x000000000080f604                __malloc_av_
 .data          0x000000000080fa0c        0x0 c:/altera/14.1/nios2eds/bin/gnu/h-x86_64-mingw32/bin/../lib/gcc/nios2-elf/4.8.3/../../../../../H-x86_64-mingw32/nios2-elf/lib/mno-hw-mul\libc.a(lib_a-memchr.o)
 .data          0x000000000080fa0c        0x0 c:/altera/14.1/nios2eds/bin/gnu/h-x86_64-mingw32/bin/../lib/gcc/nios2-elf/4.8.3/../../../../../H-x86_64-mingw32/nios2-elf/lib/mno-hw-mul\libc.a(lib_a-memcpy.o)
 .data          0x000000000080fa0c        0x0 c:/altera/14.1/nios2eds/bin/gnu/h-x86_64-mingw32/bin/../lib/gcc/nios2-elf/4.8.3/../../../../../H-x86_64-mingw32/nios2-elf/lib/mno-hw-mul\libc.a(lib_a-memmove.o)
 .data          0x000000000080fa0c        0x0 c:/altera/14.1/nios2eds/bin/gnu/h-x86_64-mingw32/bin/../lib/gcc/nios2-elf/4.8.3/../../../../../H-x86_64-mingw32/nios2-elf/lib/mno-hw-mul\libc.a(lib_a-reallocr.o)
 .data          0x000000000080fa0c        0x0 c:/altera/14.1/nios2eds/bin/gnu/h-x86_64-mingw32/bin/../lib/gcc/nios2-elf/4.8.3/../../../../../H-x86_64-mingw32/nios2-elf/lib/mno-hw-mul\libc.a(lib_a-sbrkr.o)
 .data          0x000000000080fa0c        0x0 c:/altera/14.1/nios2eds/bin/gnu/h-x86_64-mingw32/bin/../lib/gcc/nios2-elf/4.8.3/../../../../../H-x86_64-mingw32/nios2-elf/lib/mno-hw-mul\libc.a(lib_a-wsetup.o)
 .data          0x000000000080fa0c        0x0 c:/altera/14.1/nios2eds/bin/gnu/h-x86_64-mingw32/bin/../lib/gcc/nios2-elf/4.8.3/../../../../../H-x86_64-mingw32/nios2-elf/lib/mno-hw-mul\libc.a(lib_a-fflush.o)
 .data          0x000000000080fa0c        0x0 c:/altera/14.1/nios2eds/bin/gnu/h-x86_64-mingw32/bin/../lib/gcc/nios2-elf/4.8.3/../../../../../H-x86_64-mingw32/nios2-elf/lib/mno-hw-mul\libc.a(lib_a-findfp.o)
 .data          0x000000000080fa0c        0x0 c:/altera/14.1/nios2eds/bin/gnu/h-x86_64-mingw32/bin/../lib/gcc/nios2-elf/4.8.3/../../../../../H-x86_64-mingw32/nios2-elf/lib/mno-hw-mul\libc.a(lib_a-freer.o)
 .data          0x000000000080fa0c        0x0 c:/altera/14.1/nios2eds/bin/gnu/h-x86_64-mingw32/bin/../lib/gcc/nios2-elf/4.8.3/../../../../../H-x86_64-mingw32/nios2-elf/lib/mno-hw-mul\libc.a(lib_a-fwalk.o)
 .data          0x000000000080fa0c        0x0 c:/altera/14.1/nios2eds/bin/gnu/h-x86_64-mingw32/bin/../lib/gcc/nios2-elf/4.8.3/../../../../../H-x86_64-mingw32/nios2-elf/lib/mno-hw-mul\libc.a(lib_a-int_errno.o)
 .data          0x000000000080fa0c        0x0 c:/altera/14.1/nios2eds/bin/gnu/h-x86_64-mingw32/bin/../lib/gcc/nios2-elf/4.8.3/../../../../../H-x86_64-mingw32/nios2-elf/lib/mno-hw-mul\libc.a(lib_a-makebuf.o)
 .data          0x000000000080fa0c        0x0 c:/altera/14.1/nios2eds/bin/gnu/h-x86_64-mingw32/bin/../lib/gcc/nios2-elf/4.8.3/../../../../../H-x86_64-mingw32/nios2-elf/lib/mno-hw-mul\libc.a(lib_a-memset.o)
 .data          0x000000000080fa0c        0x0 c:/altera/14.1/nios2eds/bin/gnu/h-x86_64-mingw32/bin/../lib/gcc/nios2-elf/4.8.3/../../../../../H-x86_64-mingw32/nios2-elf/lib/mno-hw-mul\libc.a(lib_a-stdio.o)
 .data          0x000000000080fa0c        0x0 c:/altera/14.1/nios2eds/bin/gnu/h-x86_64-mingw32/bin/../lib/gcc/nios2-elf/4.8.3/../../../../../H-x86_64-mingw32/nios2-elf/lib/mno-hw-mul\libc.a(lib_a-writer.o)
 .data          0x000000000080fa0c        0x0 c:/altera/14.1/nios2eds/bin/gnu/h-x86_64-mingw32/bin/../lib/gcc/nios2-elf/4.8.3/../../../../../H-x86_64-mingw32/nios2-elf/lib/mno-hw-mul\libc.a(closer.o)
 .data          0x000000000080fa0c        0x0 c:/altera/14.1/nios2eds/bin/gnu/h-x86_64-mingw32/bin/../lib/gcc/nios2-elf/4.8.3/../../../../../H-x86_64-mingw32/nios2-elf/lib/mno-hw-mul\libc.a(lib_a-fclose.o)
 .data          0x000000000080fa0c        0x0 c:/altera/14.1/nios2eds/bin/gnu/h-x86_64-mingw32/bin/../lib/gcc/nios2-elf/4.8.3/../../../../../H-x86_64-mingw32/nios2-elf/lib/mno-hw-mul\libc.a(lib_a-fstatr.o)
 .data          0x000000000080fa0c        0x0 c:/altera/14.1/nios2eds/bin/gnu/h-x86_64-mingw32/bin/../lib/gcc/nios2-elf/4.8.3/../../../../../H-x86_64-mingw32/nios2-elf/lib/mno-hw-mul\libc.a(lib_a-isattyr.o)
 .data          0x000000000080fa0c        0x0 c:/altera/14.1/nios2eds/bin/gnu/h-x86_64-mingw32/bin/../lib/gcc/nios2-elf/4.8.3/../../../../../H-x86_64-mingw32/nios2-elf/lib/mno-hw-mul\libc.a(lib_a-lseekr.o)
 .data          0x000000000080fa0c        0x0 c:/altera/14.1/nios2eds/bin/gnu/h-x86_64-mingw32/bin/../lib/gcc/nios2-elf/4.8.3/../../../../../H-x86_64-mingw32/nios2-elf/lib/mno-hw-mul\libc.a(lib_a-readr.o)
 .data          0x000000000080fa0c        0x0 c:/altera/14.1/nios2eds/bin/gnu/h-x86_64-mingw32/bin/../lib/gcc/nios2-elf/4.8.3/mno-hw-mul\libgcc.a(lib2-mul.o)
 .data          0x000000000080fa0c        0x0 ../max_nios_classic_ucos_bsp/\libucosii_bsp.a(alt_close.o)
 .data          0x000000000080fa0c      0x1a8 ../max_nios_classic_ucos_bsp/\libucosii_bsp.a(alt_dev.o)
                0x000000000080fa0c                alt_dev_null
                0x000000000080fa34                alt_fd_list
 .data          0x000000000080fbb4        0x0 ../max_nios_classic_ucos_bsp/\libucosii_bsp.a(alt_errno.o)
 .data          0x000000000080fbb4        0x0 ../max_nios_classic_ucos_bsp/\libucosii_bsp.a(alt_fstat.o)
 .data          0x000000000080fbb4        0x0 ../max_nios_classic_ucos_bsp/\libucosii_bsp.a(alt_isatty.o)
 .data          0x000000000080fbb4        0x0 ../max_nios_classic_ucos_bsp/\libucosii_bsp.a(alt_lseek.o)
 .data          0x000000000080fbb4        0x0 ../max_nios_classic_ucos_bsp/\libucosii_bsp.a(alt_main.o)
 .data          0x000000000080fbb4        0x0 ../max_nios_classic_ucos_bsp/\libucosii_bsp.a(alt_read.o)
 .data          0x000000000080fbb4        0x0 ../max_nios_classic_ucos_bsp/\libucosii_bsp.a(alt_release_fd.o)
 .data          0x000000000080fbb4        0x0 ../max_nios_classic_ucos_bsp/\libucosii_bsp.a(alt_sbrk.o)
 .data          0x000000000080fbb4        0x0 ../max_nios_classic_ucos_bsp/\libucosii_bsp.a(alt_write.o)
 .data          0x000000000080fbb4        0x0 ../max_nios_classic_ucos_bsp/\libucosii_bsp.a(alt_env_lock.o)
 .data          0x000000000080fbb4        0x0 ../max_nios_classic_ucos_bsp/\libucosii_bsp.a(alt_malloc_lock.o)
 .data          0x000000000080fbb4        0x0 ../max_nios_classic_ucos_bsp/\libucosii_bsp.a(os_core.o)
 .data          0x000000000080fbb4        0x0 ../max_nios_classic_ucos_bsp/\libucosii_bsp.a(os_dbg.o)
 .data          0x000000000080fbb4        0x0 ../max_nios_classic_ucos_bsp/\libucosii_bsp.a(os_flag.o)
 .data          0x000000000080fbb4        0x0 ../max_nios_classic_ucos_bsp/\libucosii_bsp.a(os_mem.o)
 .data          0x000000000080fbb4        0x0 ../max_nios_classic_ucos_bsp/\libucosii_bsp.a(os_q.o)
 .data          0x000000000080fbb4        0x0 ../max_nios_classic_ucos_bsp/\libucosii_bsp.a(os_sem.o)
 .data          0x000000000080fbb4        0x0 ../max_nios_classic_ucos_bsp/\libucosii_bsp.a(os_task.o)
 .data          0x000000000080fbb4        0x0 ../max_nios_classic_ucos_bsp/\libucosii_bsp.a(os_time.o)
 .data          0x000000000080fbb4     0x1134 ../max_nios_classic_ucos_bsp/\libucosii_bsp.a(alt_sys_init.o)
 .data          0x0000000000810ce8        0x0 ../max_nios_classic_ucos_bsp/\libucosii_bsp.a(altera_avalon_epcs_flash_controller.o)
 .data          0x0000000000810ce8        0x0 ../max_nios_classic_ucos_bsp/\libucosii_bsp.a(altera_avalon_jtag_uart_fd.o)
 .data          0x0000000000810ce8        0x0 ../max_nios_classic_ucos_bsp/\libucosii_bsp.a(altera_avalon_jtag_uart_init.o)
 .data          0x0000000000810ce8        0x0 ../max_nios_classic_ucos_bsp/\libucosii_bsp.a(altera_avalon_jtag_uart_ioctl.o)
 .data          0x0000000000810ce8        0x0 ../max_nios_classic_ucos_bsp/\libucosii_bsp.a(altera_avalon_jtag_uart_read.o)
 .data          0x0000000000810ce8        0x0 ../max_nios_classic_ucos_bsp/\libucosii_bsp.a(altera_avalon_jtag_uart_write.o)
 .data          0x0000000000810ce8        0x0 ../max_nios_classic_ucos_bsp/\libucosii_bsp.a(altera_avalon_timer_sc.o)
 .data          0x0000000000810ce8        0x0 ../max_nios_classic_ucos_bsp/\libucosii_bsp.a(epcs_commands.o)
 .data          0x0000000000810ce8        0x0 ../max_nios_classic_ucos_bsp/\libucosii_bsp.a(alt_alarm_start.o)
 .data          0x0000000000810ce8        0x0 ../max_nios_classic_ucos_bsp/\libucosii_bsp.a(alt_dev_llist_insert.o)
 .data          0x0000000000810ce8        0x0 ../max_nios_classic_ucos_bsp/\libucosii_bsp.a(alt_do_ctors.o)
 .data          0x0000000000810ce8        0x0 ../max_nios_classic_ucos_bsp/\libucosii_bsp.a(alt_do_dtors.o)
 .data          0x0000000000810ce8        0x0 ../max_nios_classic_ucos_bsp/\libucosii_bsp.a(alt_flash_dev.o)
 .data          0x0000000000810ce8        0x0 ../max_nios_classic_ucos_bsp/\libucosii_bsp.a(alt_iic.o)
 .data          0x0000000000810ce8        0x0 ../max_nios_classic_ucos_bsp/\libucosii_bsp.a(alt_iic_isr_register.o)
 .data          0x0000000000810ce8        0x0 ../max_nios_classic_ucos_bsp/\libucosii_bsp.a(alt_io_redirect.o)
 .data          0x0000000000810ce8        0x0 ../max_nios_classic_ucos_bsp/\libucosii_bsp.a(alt_irq_entry.o)
 .data          0x0000000000810ce8        0x0 ../max_nios_classic_ucos_bsp/\libucosii_bsp.a(alt_irq_handler.o)
 .data          0x0000000000810ce8        0x0 ../max_nios_classic_ucos_bsp/\libucosii_bsp.a(alt_irq_vars.o)
 .data          0x0000000000810ce8        0x0 ../max_nios_classic_ucos_bsp/\libucosii_bsp.a(alt_open.o)
 .data          0x0000000000810ce8        0x0 ../max_nios_classic_ucos_bsp/\libucosii_bsp.a(alt_tick.o)
 .data          0x0000000000810ce8        0x0 ../max_nios_classic_ucos_bsp/\libucosii_bsp.a(altera_nios2_qsys_irq.o)
 .data          0x0000000000810ce8        0x0 ../max_nios_classic_ucos_bsp/\libucosii_bsp.a(os_cpu_a.o)
 .data          0x0000000000810ce8        0x0 ../max_nios_classic_ucos_bsp/\libucosii_bsp.a(os_cpu_c.o)
 .data          0x0000000000810ce8        0x0 ../max_nios_classic_ucos_bsp/\libucosii_bsp.a(altera_avalon_spi.o)
 .data          0x0000000000810ce8        0x0 ../max_nios_classic_ucos_bsp/\libucosii_bsp.a(alt_exception_entry.o)
 .data          0x0000000000810ce8        0x0 ../max_nios_classic_ucos_bsp/\libucosii_bsp.a(alt_find_dev.o)
 .data          0x0000000000810ce8        0x0 ../max_nios_classic_ucos_bsp/\libucosii_bsp.a(alt_find_file.o)
 .data          0x0000000000810ce8        0x0 ../max_nios_classic_ucos_bsp/\libucosii_bsp.a(alt_get_fd.o)
 .data          0x0000000000810ce8        0x0 c:/altera/14.1/nios2eds/bin/gnu/h-x86_64-mingw32/bin/../lib/gcc/nios2-elf/4.8.3/../../../../../H-x86_64-mingw32/nios2-elf/lib/mno-hw-mul\libc.a(lib_a-atexit.o)
 .data          0x0000000000810ce8        0x0 c:/altera/14.1/nios2eds/bin/gnu/h-x86_64-mingw32/bin/../lib/gcc/nios2-elf/4.8.3/../../../../../H-x86_64-mingw32/nios2-elf/lib/mno-hw-mul\libc.a(lib_a-exit.o)
 .data          0x0000000000810ce8        0x0 c:/altera/14.1/nios2eds/bin/gnu/h-x86_64-mingw32/bin/../lib/gcc/nios2-elf/4.8.3/../../../../../H-x86_64-mingw32/nios2-elf/lib/mno-hw-mul\libc.a(lib_a-memcmp.o)
 .data          0x0000000000810ce8        0x0 c:/altera/14.1/nios2eds/bin/gnu/h-x86_64-mingw32/bin/../lib/gcc/nios2-elf/4.8.3/../../../../../H-x86_64-mingw32/nios2-elf/lib/mno-hw-mul\libc.a(lib_a-__atexit.o)
 .data          0x0000000000810ce8        0x0 c:/altera/14.1/nios2eds/bin/gnu/h-x86_64-mingw32/bin/../lib/gcc/nios2-elf/4.8.3/../../../../../H-x86_64-mingw32/nios2-elf/lib/mno-hw-mul\libc.a(lib_a-__call_atexit.o)
 .data          0x0000000000810ce8        0x0 c:/altera/14.1/nios2eds/bin/gnu/h-x86_64-mingw32/bin/../lib/gcc/nios2-elf/4.8.3/mno-hw-mul\libgcc.a(lib2-divmod.o)
 .data          0x0000000000810ce8        0x0 ../max_nios_classic_ucos_bsp/\libucosii_bsp.a(alt_exit.o)
                0x0000000000818ce8                _gp = ABSOLUTE ((. + 0x8000))
                0x0000000000818ce8                PROVIDE (gp, _gp)
 *(.rwdata .rwdata.*)
 *(.sdata .sdata.* .gnu.linkonce.s.*)
 .sdata         0x0000000000810ce8        0x8 c:/altera/14.1/nios2eds/bin/gnu/h-x86_64-mingw32/bin/../lib/gcc/nios2-elf/4.8.3/../../../../../H-x86_64-mingw32/nios2-elf/lib/mno-hw-mul\libc.a(lib_a-impure.o)
                0x0000000000810ce8                _global_impure_ptr
                0x0000000000810cec                _impure_ptr
 .sdata         0x0000000000810cf0        0x8 c:/altera/14.1/nios2eds/bin/gnu/h-x86_64-mingw32/bin/../lib/gcc/nios2-elf/4.8.3/../../../../../H-x86_64-mingw32/nios2-elf/lib/mno-hw-mul\libc.a(lib_a-mallocr.o)
                0x0000000000810cf0                __malloc_sbrk_base
                0x0000000000810cf4                __malloc_trim_threshold
 .sdata         0x0000000000810cf8       0x14 ../max_nios_classic_ucos_bsp/\libucosii_bsp.a(alt_dev.o)
                0x0000000000810cf8                alt_fs_list
                0x0000000000810d00                alt_dev_list
                0x0000000000810d08                alt_max_fd
 .sdata         0x0000000000810d0c        0x4 ../max_nios_classic_ucos_bsp/\libucosii_bsp.a(alt_errno.o)
                0x0000000000810d0c                alt_errno
 .sdata         0x0000000000810d10        0x4 ../max_nios_classic_ucos_bsp/\libucosii_bsp.a(alt_sbrk.o)
 .sdata         0x0000000000810d14        0x4 ../max_nios_classic_ucos_bsp/\libucosii_bsp.a(alt_env_lock.o)
 .sdata         0x0000000000810d18        0x4 ../max_nios_classic_ucos_bsp/\libucosii_bsp.a(alt_malloc_lock.o)
 .sdata         0x0000000000810d1c       0x74 ../max_nios_classic_ucos_bsp/\libucosii_bsp.a(os_dbg.o)
                0x0000000000810d1c                OSDebugEn
                0x0000000000810d20                OSEndiannessTest
                0x0000000000810d24                OSEventEn
                0x0000000000810d26                OSEventMax
                0x0000000000810d28                OSEventNameSize
                0x0000000000810d2a                OSEventSize
                0x0000000000810d2c                OSEventTblSize
                0x0000000000810d2e                OSEventMultiEn
                0x0000000000810d30                OSFlagEn
                0x0000000000810d32                OSFlagGrpSize
                0x0000000000810d34                OSFlagNodeSize
                0x0000000000810d36                OSFlagWidth
                0x0000000000810d38                OSFlagMax
                0x0000000000810d3a                OSFlagNameSize
                0x0000000000810d3c                OSLowestPrio
                0x0000000000810d3e                OSMboxEn
                0x0000000000810d40                OSMemEn
                0x0000000000810d42                OSMemMax
                0x0000000000810d44                OSMemNameSize
                0x0000000000810d46                OSMemSize
                0x0000000000810d48                OSMemTblSize
                0x0000000000810d4a                OSMutexEn
                0x0000000000810d4c                OSPtrSize
                0x0000000000810d4e                OSQEn
                0x0000000000810d50                OSQMax
                0x0000000000810d52                OSQSize
                0x0000000000810d54                OSRdyTblSize
                0x0000000000810d56                OSSemEn
                0x0000000000810d58                OSStkWidth
                0x0000000000810d5a                OSTaskCreateEn
                0x0000000000810d5c                OSTaskCreateExtEn
                0x0000000000810d5e                OSTaskDelEn
                0x0000000000810d60                OSTaskIdleStkSize
                0x0000000000810d62                OSTaskProfileEn
                0x0000000000810d64                OSTaskMax
                0x0000000000810d66                OSTaskNameSize
                0x0000000000810d68                OSTaskStatEn
                0x0000000000810d6a                OSTaskStatStkSize
                0x0000000000810d6c                OSTaskStatStkChkEn
                0x0000000000810d6e                OSTaskSwHookEn
                0x0000000000810d70                OSTCBPrioTblMax
                0x0000000000810d72                OSTCBSize
                0x0000000000810d74                OSTicksPerSec
                0x0000000000810d76                OSTimeTickHookEn
                0x0000000000810d78                OSVersionNbr
                0x0000000000810d7a                OSTmrEn
                0x0000000000810d7c                OSTmrCfgMax
                0x0000000000810d7e                OSTmrCfgNameSize
                0x0000000000810d80                OSTmrCfgWheelSize
                0x0000000000810d82                OSTmrCfgTicksPerSec
                0x0000000000810d84                OSTmrSize
                0x0000000000810d86                OSTmrTblSize
                0x0000000000810d88                OSTmrWheelSize
                0x0000000000810d8a                OSTmrWheelTblSize
                0x0000000000810d8c                OSDataSize
 .sdata         0x0000000000810d90        0x8 ../max_nios_classic_ucos_bsp/\libucosii_bsp.a(alt_flash_dev.o)
                0x0000000000810d90                alt_flash_dev_list
 .sdata         0x0000000000810d98        0x4 ../max_nios_classic_ucos_bsp/\libucosii_bsp.a(alt_irq_vars.o)
                0x0000000000810d98                alt_priority_mask
 .sdata         0x0000000000810d9c        0x8 ../max_nios_classic_ucos_bsp/\libucosii_bsp.a(alt_tick.o)
                0x0000000000810d9c                alt_alarm_list
 *(.sdata2 .sdata2.* .gnu.linkonce.s2.*)
                0x0000000000810da4                . = ALIGN (0x4)
                0x0000000000810da4                _edata = ABSOLUTE (.)
                0x0000000000810da4                PROVIDE (edata, ABSOLUTE (.))
                0x0000000000810da4                PROVIDE (__ram_rwdata_end, ABSOLUTE (.))
                0x000000000080f1e0                PROVIDE (__flash_rwdata_start, LOADADDR (.rwdata))

.bss            0x0000000000810da4     0x73d8
                0x0000000000810da4                __bss_start = ABSOLUTE (.)
                0x0000000000810da4                PROVIDE (__sbss_start, ABSOLUTE (.))
                0x0000000000810da4                PROVIDE (___sbss_start, ABSOLUTE (.))
 *(.dynsbss)
 *(.sbss .sbss.* .gnu.linkonce.sb.*)
 .sbss          0x0000000000810da4        0xc c:/altera/14.1/nios2eds/bin/gnu/h-x86_64-mingw32/bin/../lib/gcc/nios2-elf/4.8.3/../../../../../H-x86_64-mingw32/nios2-elf/lib/mno-hw-mul\libc.a(lib_a-mallocr.o)
                0x0000000000810da4                __malloc_max_total_mem
                0x0000000000810da8                __malloc_max_sbrked_mem
                0x0000000000810dac                __malloc_top_pad
 .sbss          0x0000000000810db0        0x4 c:/altera/14.1/nios2eds/bin/gnu/h-x86_64-mingw32/bin/../lib/gcc/nios2-elf/4.8.3/../../../../../H-x86_64-mingw32/nios2-elf/lib/mno-hw-mul\libc.a(lib_a-int_errno.o)
                0x0000000000810db0                errno
 .sbss          0x0000000000810db4        0x4 ../max_nios_classic_ucos_bsp/\libucosii_bsp.a(alt_dev.o)
                0x0000000000810db4                alt_fd_list_lock
 .sbss          0x0000000000810db8        0xc ../max_nios_classic_ucos_bsp/\libucosii_bsp.a(alt_main.o)
                0x0000000000810db8                alt_argc
                0x0000000000810dbc                alt_argv
                0x0000000000810dc0                alt_envp
 .sbss          0x0000000000810dc4        0x8 ../max_nios_classic_ucos_bsp/\libucosii_bsp.a(alt_env_lock.o)
                0x0000000000810dc8                alt_envsem
 .sbss          0x0000000000810dcc        0x8 ../max_nios_classic_ucos_bsp/\libucosii_bsp.a(alt_malloc_lock.o)
                0x0000000000810dd0                alt_heapsem
 .sbss          0x0000000000810dd4       0x50 ../max_nios_classic_ucos_bsp/\libucosii_bsp.a(os_core.o)
                0x0000000000810dd4                OSLockNesting
                0x0000000000810dd5                OSRunning
                0x0000000000810dd8                OSIdleCtr
                0x0000000000810ddc                OSPrioHighRdy
                0x0000000000810ddd                OSPrioCur
                0x0000000000810de0                OSTCBList
                0x0000000000810de4                OSTickStepState
                0x0000000000810de8                OSCtxSwCtr
                0x0000000000810dec                OSIdleCtrMax
                0x0000000000810df0                OSTCBFreeList
                0x0000000000810df4                OSCPUUsage
                0x0000000000810df5                OSTaskCtr
                0x0000000000810df8                OSMemFreeList
                0x0000000000810dfc                OSTCBHighRdy
                0x0000000000810e00                OSQFreeList
                0x0000000000810e04                OSRdyGrp
                0x0000000000810e05                OSRdyTbl
                0x0000000000810e08                OSEventFreeList
                0x0000000000810e0c                OSIntNesting
                0x0000000000810e10                OSTCBCur
                0x0000000000810e14                OSTime
                0x0000000000810e18                OSFlagFreeList
                0x0000000000810e1c                OSStatRdy
                0x0000000000810e20                OSIdleCtrRun
 .sbss          0x0000000000810e24        0x4 ../max_nios_classic_ucos_bsp/\libucosii_bsp.a(alt_irq_vars.o)
                0x0000000000810e24                alt_irq_active
 .sbss          0x0000000000810e28        0x8 ../max_nios_classic_ucos_bsp/\libucosii_bsp.a(alt_tick.o)
                0x0000000000810e28                _alt_tick_rate
                0x0000000000810e2c                _alt_nticks
 *(.sbss2 .sbss2.* .gnu.linkonce.sb2.*)
 *(.scommon)
                0x0000000000810e30                PROVIDE (__sbss_end, ABSOLUTE (.))
                0x0000000000810e30                PROVIDE (___sbss_end, ABSOLUTE (.))
 *(.dynbss)
 *(.bss .bss.* .gnu.linkonce.b.*)
 .bss           0x0000000000810e30        0x0 ../max_nios_classic_ucos_bsp//obj/HAL/src/crt0.o
 .bss           0x0000000000810e30        0x0 obj/default/hello_ucosii.o
 .bss           0x0000000000810e30        0x0 c:/altera/14.1/nios2eds/bin/gnu/h-x86_64-mingw32/bin/../lib/gcc/nios2-elf/4.8.3/../../../../../H-x86_64-mingw32/nios2-elf/lib/mno-hw-mul\libc.a(lib_a-puts.o)
 .bss           0x0000000000810e30        0x0 c:/altera/14.1/nios2eds/bin/gnu/h-x86_64-mingw32/bin/../lib/gcc/nios2-elf/4.8.3/../../../../../H-x86_64-mingw32/nios2-elf/lib/mno-hw-mul\libc.a(lib_a-strlen.o)
 .bss           0x0000000000810e30        0x0 c:/altera/14.1/nios2eds/bin/gnu/h-x86_64-mingw32/bin/../lib/gcc/nios2-elf/4.8.3/../../../../../H-x86_64-mingw32/nios2-elf/lib/mno-hw-mul\libc.a(lib_a-fvwrite.o)
 .bss           0x0000000000810e30        0x0 c:/altera/14.1/nios2eds/bin/gnu/h-x86_64-mingw32/bin/../lib/gcc/nios2-elf/4.8.3/../../../../../H-x86_64-mingw32/nios2-elf/lib/mno-hw-mul\libc.a(lib_a-impure.o)
 .bss           0x0000000000810e30       0x28 c:/altera/14.1/nios2eds/bin/gnu/h-x86_64-mingw32/bin/../lib/gcc/nios2-elf/4.8.3/../../../../../H-x86_64-mingw32/nios2-elf/lib/mno-hw-mul\libc.a(lib_a-mallocr.o)
                0x0000000000810e30                __malloc_current_mallinfo
 .bss           0x0000000000810e58        0x0 c:/altera/14.1/nios2eds/bin/gnu/h-x86_64-mingw32/bin/../lib/gcc/nios2-elf/4.8.3/../../../../../H-x86_64-mingw32/nios2-elf/lib/mno-hw-mul\libc.a(lib_a-memchr.o)
 .bss           0x0000000000810e58        0x0 c:/altera/14.1/nios2eds/bin/gnu/h-x86_64-mingw32/bin/../lib/gcc/nios2-elf/4.8.3/../../../../../H-x86_64-mingw32/nios2-elf/lib/mno-hw-mul\libc.a(lib_a-memcpy.o)
 .bss           0x0000000000810e58        0x0 c:/altera/14.1/nios2eds/bin/gnu/h-x86_64-mingw32/bin/../lib/gcc/nios2-elf/4.8.3/../../../../../H-x86_64-mingw32/nios2-elf/lib/mno-hw-mul\libc.a(lib_a-memmove.o)
 .bss           0x0000000000810e58        0x0 c:/altera/14.1/nios2eds/bin/gnu/h-x86_64-mingw32/bin/../lib/gcc/nios2-elf/4.8.3/../../../../../H-x86_64-mingw32/nios2-elf/lib/mno-hw-mul\libc.a(lib_a-reallocr.o)
 .bss           0x0000000000810e58        0x0 c:/altera/14.1/nios2eds/bin/gnu/h-x86_64-mingw32/bin/../lib/gcc/nios2-elf/4.8.3/../../../../../H-x86_64-mingw32/nios2-elf/lib/mno-hw-mul\libc.a(lib_a-sbrkr.o)
 .bss           0x0000000000810e58        0x0 c:/altera/14.1/nios2eds/bin/gnu/h-x86_64-mingw32/bin/../lib/gcc/nios2-elf/4.8.3/../../../../../H-x86_64-mingw32/nios2-elf/lib/mno-hw-mul\libc.a(lib_a-wsetup.o)
 .bss           0x0000000000810e58        0x0 c:/altera/14.1/nios2eds/bin/gnu/h-x86_64-mingw32/bin/../lib/gcc/nios2-elf/4.8.3/../../../../../H-x86_64-mingw32/nios2-elf/lib/mno-hw-mul\libc.a(lib_a-fflush.o)
 .bss           0x0000000000810e58        0x0 c:/altera/14.1/nios2eds/bin/gnu/h-x86_64-mingw32/bin/../lib/gcc/nios2-elf/4.8.3/../../../../../H-x86_64-mingw32/nios2-elf/lib/mno-hw-mul\libc.a(lib_a-findfp.o)
 .bss           0x0000000000810e58        0x0 c:/altera/14.1/nios2eds/bin/gnu/h-x86_64-mingw32/bin/../lib/gcc/nios2-elf/4.8.3/../../../../../H-x86_64-mingw32/nios2-elf/lib/mno-hw-mul\libc.a(lib_a-freer.o)
 .bss           0x0000000000810e58        0x0 c:/altera/14.1/nios2eds/bin/gnu/h-x86_64-mingw32/bin/../lib/gcc/nios2-elf/4.8.3/../../../../../H-x86_64-mingw32/nios2-elf/lib/mno-hw-mul\libc.a(lib_a-fwalk.o)
 .bss           0x0000000000810e58        0x0 c:/altera/14.1/nios2eds/bin/gnu/h-x86_64-mingw32/bin/../lib/gcc/nios2-elf/4.8.3/../../../../../H-x86_64-mingw32/nios2-elf/lib/mno-hw-mul\libc.a(lib_a-int_errno.o)
 .bss           0x0000000000810e58        0x0 c:/altera/14.1/nios2eds/bin/gnu/h-x86_64-mingw32/bin/../lib/gcc/nios2-elf/4.8.3/../../../../../H-x86_64-mingw32/nios2-elf/lib/mno-hw-mul\libc.a(lib_a-makebuf.o)
 .bss           0x0000000000810e58        0x0 c:/altera/14.1/nios2eds/bin/gnu/h-x86_64-mingw32/bin/../lib/gcc/nios2-elf/4.8.3/../../../../../H-x86_64-mingw32/nios2-elf/lib/mno-hw-mul\libc.a(lib_a-memset.o)
 .bss           0x0000000000810e58        0x0 c:/altera/14.1/nios2eds/bin/gnu/h-x86_64-mingw32/bin/../lib/gcc/nios2-elf/4.8.3/../../../../../H-x86_64-mingw32/nios2-elf/lib/mno-hw-mul\libc.a(lib_a-stdio.o)
 .bss           0x0000000000810e58        0x0 c:/altera/14.1/nios2eds/bin/gnu/h-x86_64-mingw32/bin/../lib/gcc/nios2-elf/4.8.3/../../../../../H-x86_64-mingw32/nios2-elf/lib/mno-hw-mul\libc.a(lib_a-writer.o)
 .bss           0x0000000000810e58        0x0 c:/altera/14.1/nios2eds/bin/gnu/h-x86_64-mingw32/bin/../lib/gcc/nios2-elf/4.8.3/../../../../../H-x86_64-mingw32/nios2-elf/lib/mno-hw-mul\libc.a(closer.o)
 .bss           0x0000000000810e58        0x0 c:/altera/14.1/nios2eds/bin/gnu/h-x86_64-mingw32/bin/../lib/gcc/nios2-elf/4.8.3/../../../../../H-x86_64-mingw32/nios2-elf/lib/mno-hw-mul\libc.a(lib_a-fclose.o)
 .bss           0x0000000000810e58        0x0 c:/altera/14.1/nios2eds/bin/gnu/h-x86_64-mingw32/bin/../lib/gcc/nios2-elf/4.8.3/../../../../../H-x86_64-mingw32/nios2-elf/lib/mno-hw-mul\libc.a(lib_a-fstatr.o)
 .bss           0x0000000000810e58        0x0 c:/altera/14.1/nios2eds/bin/gnu/h-x86_64-mingw32/bin/../lib/gcc/nios2-elf/4.8.3/../../../../../H-x86_64-mingw32/nios2-elf/lib/mno-hw-mul\libc.a(lib_a-isattyr.o)
 .bss           0x0000000000810e58        0x0 c:/altera/14.1/nios2eds/bin/gnu/h-x86_64-mingw32/bin/../lib/gcc/nios2-elf/4.8.3/../../../../../H-x86_64-mingw32/nios2-elf/lib/mno-hw-mul\libc.a(lib_a-lseekr.o)
 .bss           0x0000000000810e58        0x0 c:/altera/14.1/nios2eds/bin/gnu/h-x86_64-mingw32/bin/../lib/gcc/nios2-elf/4.8.3/../../../../../H-x86_64-mingw32/nios2-elf/lib/mno-hw-mul\libc.a(lib_a-readr.o)
 .bss           0x0000000000810e58        0x0 c:/altera/14.1/nios2eds/bin/gnu/h-x86_64-mingw32/bin/../lib/gcc/nios2-elf/4.8.3/mno-hw-mul\libgcc.a(lib2-mul.o)
 .bss           0x0000000000810e58        0x0 ../max_nios_classic_ucos_bsp/\libucosii_bsp.a(alt_close.o)
 .bss           0x0000000000810e58        0x0 ../max_nios_classic_ucos_bsp/\libucosii_bsp.a(alt_dev.o)
 .bss           0x0000000000810e58        0x0 ../max_nios_classic_ucos_bsp/\libucosii_bsp.a(alt_errno.o)
 .bss           0x0000000000810e58        0x0 ../max_nios_classic_ucos_bsp/\libucosii_bsp.a(alt_fstat.o)
 .bss           0x0000000000810e58        0x0 ../max_nios_classic_ucos_bsp/\libucosii_bsp.a(alt_isatty.o)
 .bss           0x0000000000810e58        0x0 ../max_nios_classic_ucos_bsp/\libucosii_bsp.a(alt_lseek.o)
 .bss           0x0000000000810e58        0x0 ../max_nios_classic_ucos_bsp/\libucosii_bsp.a(alt_main.o)
 .bss           0x0000000000810e58        0x0 ../max_nios_classic_ucos_bsp/\libucosii_bsp.a(alt_read.o)
 .bss           0x0000000000810e58        0x0 ../max_nios_classic_ucos_bsp/\libucosii_bsp.a(alt_release_fd.o)
 .bss           0x0000000000810e58        0x0 ../max_nios_classic_ucos_bsp/\libucosii_bsp.a(alt_sbrk.o)
 .bss           0x0000000000810e58        0x0 ../max_nios_classic_ucos_bsp/\libucosii_bsp.a(alt_write.o)
 .bss           0x0000000000810e58        0x0 ../max_nios_classic_ucos_bsp/\libucosii_bsp.a(alt_env_lock.o)
 .bss           0x0000000000810e58        0x0 ../max_nios_classic_ucos_bsp/\libucosii_bsp.a(alt_malloc_lock.o)
 .bss           0x0000000000810e58        0x0 ../max_nios_classic_ucos_bsp/\libucosii_bsp.a(os_core.o)
 .bss           0x0000000000810e58        0x0 ../max_nios_classic_ucos_bsp/\libucosii_bsp.a(os_dbg.o)
 .bss           0x0000000000810e58        0x0 ../max_nios_classic_ucos_bsp/\libucosii_bsp.a(os_flag.o)
 .bss           0x0000000000810e58        0x0 ../max_nios_classic_ucos_bsp/\libucosii_bsp.a(os_mem.o)
 .bss           0x0000000000810e58        0x0 ../max_nios_classic_ucos_bsp/\libucosii_bsp.a(os_q.o)
 .bss           0x0000000000810e58        0x0 ../max_nios_classic_ucos_bsp/\libucosii_bsp.a(os_sem.o)
 .bss           0x0000000000810e58        0x0 ../max_nios_classic_ucos_bsp/\libucosii_bsp.a(os_task.o)
 .bss           0x0000000000810e58        0x0 ../max_nios_classic_ucos_bsp/\libucosii_bsp.a(os_time.o)
 .bss           0x0000000000810e58        0x0 ../max_nios_classic_ucos_bsp/\libucosii_bsp.a(alt_sys_init.o)
 .bss           0x0000000000810e58        0x0 ../max_nios_classic_ucos_bsp/\libucosii_bsp.a(altera_avalon_epcs_flash_controller.o)
 .bss           0x0000000000810e58        0x0 ../max_nios_classic_ucos_bsp/\libucosii_bsp.a(altera_avalon_jtag_uart_fd.o)
 .bss           0x0000000000810e58        0x0 ../max_nios_classic_ucos_bsp/\libucosii_bsp.a(altera_avalon_jtag_uart_init.o)
 .bss           0x0000000000810e58        0x0 ../max_nios_classic_ucos_bsp/\libucosii_bsp.a(altera_avalon_jtag_uart_ioctl.o)
 .bss           0x0000000000810e58        0x0 ../max_nios_classic_ucos_bsp/\libucosii_bsp.a(altera_avalon_jtag_uart_read.o)
 .bss           0x0000000000810e58        0x0 ../max_nios_classic_ucos_bsp/\libucosii_bsp.a(altera_avalon_jtag_uart_write.o)
 .bss           0x0000000000810e58        0x0 ../max_nios_classic_ucos_bsp/\libucosii_bsp.a(altera_avalon_timer_sc.o)
 .bss           0x0000000000810e58        0x0 ../max_nios_classic_ucos_bsp/\libucosii_bsp.a(epcs_commands.o)
 .bss           0x0000000000810e58        0x0 ../max_nios_classic_ucos_bsp/\libucosii_bsp.a(alt_alarm_start.o)
 .bss           0x0000000000810e58        0x0 ../max_nios_classic_ucos_bsp/\libucosii_bsp.a(alt_dev_llist_insert.o)
 .bss           0x0000000000810e58        0x0 ../max_nios_classic_ucos_bsp/\libucosii_bsp.a(alt_do_ctors.o)
 .bss           0x0000000000810e58        0x0 ../max_nios_classic_ucos_bsp/\libucosii_bsp.a(alt_do_dtors.o)
 .bss           0x0000000000810e58        0x0 ../max_nios_classic_ucos_bsp/\libucosii_bsp.a(alt_flash_dev.o)
 .bss           0x0000000000810e58        0x0 ../max_nios_classic_ucos_bsp/\libucosii_bsp.a(alt_iic.o)
 .bss           0x0000000000810e58        0x0 ../max_nios_classic_ucos_bsp/\libucosii_bsp.a(alt_iic_isr_register.o)
 .bss           0x0000000000810e58        0x0 ../max_nios_classic_ucos_bsp/\libucosii_bsp.a(alt_io_redirect.o)
 .bss           0x0000000000810e58        0x0 ../max_nios_classic_ucos_bsp/\libucosii_bsp.a(alt_irq_entry.o)
 .bss           0x0000000000810e58        0x0 ../max_nios_classic_ucos_bsp/\libucosii_bsp.a(alt_irq_handler.o)
 .bss           0x0000000000810e58        0x0 ../max_nios_classic_ucos_bsp/\libucosii_bsp.a(alt_irq_vars.o)
 .bss           0x0000000000810e58        0x0 ../max_nios_classic_ucos_bsp/\libucosii_bsp.a(alt_open.o)
 .bss           0x0000000000810e58        0x0 ../max_nios_classic_ucos_bsp/\libucosii_bsp.a(alt_tick.o)
 .bss           0x0000000000810e58        0x0 ../max_nios_classic_ucos_bsp/\libucosii_bsp.a(altera_nios2_qsys_irq.o)
 .bss           0x0000000000810e58        0x0 ../max_nios_classic_ucos_bsp/\libucosii_bsp.a(os_cpu_a.o)
 .bss           0x0000000000810e58        0x0 ../max_nios_classic_ucos_bsp/\libucosii_bsp.a(os_cpu_c.o)
 .bss           0x0000000000810e58        0x0 ../max_nios_classic_ucos_bsp/\libucosii_bsp.a(altera_avalon_spi.o)
 .bss           0x0000000000810e58        0x0 ../max_nios_classic_ucos_bsp/\libucosii_bsp.a(alt_exception_entry.o)
 .bss           0x0000000000810e58        0x0 ../max_nios_classic_ucos_bsp/\libucosii_bsp.a(alt_find_dev.o)
 .bss           0x0000000000810e58        0x0 ../max_nios_classic_ucos_bsp/\libucosii_bsp.a(alt_find_file.o)
 .bss           0x0000000000810e58        0x0 ../max_nios_classic_ucos_bsp/\libucosii_bsp.a(alt_get_fd.o)
 .bss           0x0000000000810e58        0x0 c:/altera/14.1/nios2eds/bin/gnu/h-x86_64-mingw32/bin/../lib/gcc/nios2-elf/4.8.3/../../../../../H-x86_64-mingw32/nios2-elf/lib/mno-hw-mul\libc.a(lib_a-atexit.o)
 .bss           0x0000000000810e58        0x0 c:/altera/14.1/nios2eds/bin/gnu/h-x86_64-mingw32/bin/../lib/gcc/nios2-elf/4.8.3/../../../../../H-x86_64-mingw32/nios2-elf/lib/mno-hw-mul\libc.a(lib_a-exit.o)
 .bss           0x0000000000810e58        0x0 c:/altera/14.1/nios2eds/bin/gnu/h-x86_64-mingw32/bin/../lib/gcc/nios2-elf/4.8.3/../../../../../H-x86_64-mingw32/nios2-elf/lib/mno-hw-mul\libc.a(lib_a-memcmp.o)
 .bss           0x0000000000810e58        0x0 c:/altera/14.1/nios2eds/bin/gnu/h-x86_64-mingw32/bin/../lib/gcc/nios2-elf/4.8.3/../../../../../H-x86_64-mingw32/nios2-elf/lib/mno-hw-mul\libc.a(lib_a-__atexit.o)
 .bss           0x0000000000810e58        0x0 c:/altera/14.1/nios2eds/bin/gnu/h-x86_64-mingw32/bin/../lib/gcc/nios2-elf/4.8.3/../../../../../H-x86_64-mingw32/nios2-elf/lib/mno-hw-mul\libc.a(lib_a-__call_atexit.o)
 .bss           0x0000000000810e58        0x0 c:/altera/14.1/nios2eds/bin/gnu/h-x86_64-mingw32/bin/../lib/gcc/nios2-elf/4.8.3/mno-hw-mul\libgcc.a(lib2-divmod.o)
 .bss           0x0000000000810e58        0x0 ../max_nios_classic_ucos_bsp/\libucosii_bsp.a(alt_exit.o)
 *(COMMON)
 COMMON         0x0000000000810e58     0x4000 obj/default/hello_ucosii.o
                0x0000000000810e58                task1_stk
                0x0000000000812e58                task2_stk
 COMMON         0x0000000000814e58     0x3224 ../max_nios_classic_ucos_bsp/\libucosii_bsp.a(os_core.o)
                0x0000000000814e58                OSFlagTbl
                0x00000000008151c8                OSMemTbl
                0x0000000000815df8                OSTaskStatStk
                0x00000000008165f8                OSQTbl
                0x00000000008167d8                OSTaskIdleStk
                0x0000000000816fd8                OSEventTbl
                0x0000000000817b18                OSTCBTbl
                0x0000000000818028                OSTCBPrioTbl
 COMMON         0x000000000081807c      0x100 ../max_nios_classic_ucos_bsp/\libucosii_bsp.a(alt_irq_handler.o)
                0x000000000081807c                alt_irq
                0x000000000081817c                . = ALIGN (0x4)
                0x000000000081817c                __bss_end = ABSOLUTE (.)

.sdram          0x000000000081817c        0x0
                0x000000000081817c                PROVIDE (_alt_partition_sdram_start, ABSOLUTE (.))
 *(.sdram .sdram. sdram.*)
                0x000000000081817c                . = ALIGN (0x4)
                0x000000000081817c                PROVIDE (_alt_partition_sdram_end, ABSOLUTE (.))
                0x000000000081817c                _end = ABSOLUTE (.)
                0x000000000081817c                end = ABSOLUTE (.)
                0x000000000081817c                __alt_stack_base = ABSOLUTE (.)
                0x000000000081817c                PROVIDE (_alt_partition_sdram_load_addr, LOADADDR (.sdram))

.flash          0x0000000001001020        0x0
                0x0000000001001020                PROVIDE (_alt_partition_flash_start, ABSOLUTE (.))
 *(.flash .flash. flash.*)
                0x0000000001001020                . = ALIGN (0x4)
                0x0000000001001020                PROVIDE (_alt_partition_flash_end, ABSOLUTE (.))
                0x0000000001001020                PROVIDE (_alt_partition_flash_load_addr, LOADADDR (.flash))

.stab
 *(.stab)

.stabstr
 *(.stabstr)

.stab.excl
 *(.stab.excl)

.stab.exclstr
 *(.stab.exclstr)

.stab.index
 *(.stab.index)

.stab.indexstr
 *(.stab.indexstr)

.comment        0x0000000000000000       0x39
 *(.comment)
 .comment       0x0000000000000000       0x39 obj/default/hello_ucosii.o
                                         0x3a (size before relaxing)
 .comment       0x0000000000000000       0x3a c:/altera/14.1/nios2eds/bin/gnu/h-x86_64-mingw32/bin/../lib/gcc/nios2-elf/4.8.3/../../../../../H-x86_64-mingw32/nios2-elf/lib/mno-hw-mul\libc.a(lib_a-puts.o)
 .comment       0x0000000000000000       0x3a c:/altera/14.1/nios2eds/bin/gnu/h-x86_64-mingw32/bin/../lib/gcc/nios2-elf/4.8.3/../../../../../H-x86_64-mingw32/nios2-elf/lib/mno-hw-mul\libc.a(lib_a-strlen.o)
 .comment       0x0000000000000000       0x3a c:/altera/14.1/nios2eds/bin/gnu/h-x86_64-mingw32/bin/../lib/gcc/nios2-elf/4.8.3/../../../../../H-x86_64-mingw32/nios2-elf/lib/mno-hw-mul\libc.a(lib_a-fvwrite.o)
 .comment       0x0000000000000000       0x3a c:/altera/14.1/nios2eds/bin/gnu/h-x86_64-mingw32/bin/../lib/gcc/nios2-elf/4.8.3/../../../../../H-x86_64-mingw32/nios2-elf/lib/mno-hw-mul\libc.a(lib_a-impure.o)
 .comment       0x0000000000000000       0x3a c:/altera/14.1/nios2eds/bin/gnu/h-x86_64-mingw32/bin/../lib/gcc/nios2-elf/4.8.3/../../../../../H-x86_64-mingw32/nios2-elf/lib/mno-hw-mul\libc.a(lib_a-mallocr.o)
 .comment       0x0000000000000000       0x3a c:/altera/14.1/nios2eds/bin/gnu/h-x86_64-mingw32/bin/../lib/gcc/nios2-elf/4.8.3/../../../../../H-x86_64-mingw32/nios2-elf/lib/mno-hw-mul\libc.a(lib_a-memchr.o)
 .comment       0x0000000000000000       0x3a c:/altera/14.1/nios2eds/bin/gnu/h-x86_64-mingw32/bin/../lib/gcc/nios2-elf/4.8.3/../../../../../H-x86_64-mingw32/nios2-elf/lib/mno-hw-mul\libc.a(lib_a-memcpy.o)
 .comment       0x0000000000000000       0x3a c:/altera/14.1/nios2eds/bin/gnu/h-x86_64-mingw32/bin/../lib/gcc/nios2-elf/4.8.3/../../../../../H-x86_64-mingw32/nios2-elf/lib/mno-hw-mul\libc.a(lib_a-memmove.o)
 .comment       0x0000000000000000       0x3a c:/altera/14.1/nios2eds/bin/gnu/h-x86_64-mingw32/bin/../lib/gcc/nios2-elf/4.8.3/../../../../../H-x86_64-mingw32/nios2-elf/lib/mno-hw-mul\libc.a(lib_a-reallocr.o)
 .comment       0x0000000000000000       0x3a c:/altera/14.1/nios2eds/bin/gnu/h-x86_64-mingw32/bin/../lib/gcc/nios2-elf/4.8.3/../../../../../H-x86_64-mingw32/nios2-elf/lib/mno-hw-mul\libc.a(lib_a-sbrkr.o)
 .comment       0x0000000000000000       0x3a c:/altera/14.1/nios2eds/bin/gnu/h-x86_64-mingw32/bin/../lib/gcc/nios2-elf/4.8.3/../../../../../H-x86_64-mingw32/nios2-elf/lib/mno-hw-mul\libc.a(lib_a-wsetup.o)
 .comment       0x0000000000000000       0x3a c:/altera/14.1/nios2eds/bin/gnu/h-x86_64-mingw32/bin/../lib/gcc/nios2-elf/4.8.3/../../../../../H-x86_64-mingw32/nios2-elf/lib/mno-hw-mul\libc.a(lib_a-fflush.o)
 .comment       0x0000000000000000       0x3a c:/altera/14.1/nios2eds/bin/gnu/h-x86_64-mingw32/bin/../lib/gcc/nios2-elf/4.8.3/../../../../../H-x86_64-mingw32/nios2-elf/lib/mno-hw-mul\libc.a(lib_a-findfp.o)
 .comment       0x0000000000000000       0x3a c:/altera/14.1/nios2eds/bin/gnu/h-x86_64-mingw32/bin/../lib/gcc/nios2-elf/4.8.3/../../../../../H-x86_64-mingw32/nios2-elf/lib/mno-hw-mul\libc.a(lib_a-freer.o)
 .comment       0x0000000000000000       0x3a c:/altera/14.1/nios2eds/bin/gnu/h-x86_64-mingw32/bin/../lib/gcc/nios2-elf/4.8.3/../../../../../H-x86_64-mingw32/nios2-elf/lib/mno-hw-mul\libc.a(lib_a-fwalk.o)
 .comment       0x0000000000000000       0x3a c:/altera/14.1/nios2eds/bin/gnu/h-x86_64-mingw32/bin/../lib/gcc/nios2-elf/4.8.3/../../../../../H-x86_64-mingw32/nios2-elf/lib/mno-hw-mul\libc.a(lib_a-int_errno.o)
 .comment       0x0000000000000000       0x3a c:/altera/14.1/nios2eds/bin/gnu/h-x86_64-mingw32/bin/../lib/gcc/nios2-elf/4.8.3/../../../../../H-x86_64-mingw32/nios2-elf/lib/mno-hw-mul\libc.a(lib_a-makebuf.o)
 .comment       0x0000000000000000       0x3a c:/altera/14.1/nios2eds/bin/gnu/h-x86_64-mingw32/bin/../lib/gcc/nios2-elf/4.8.3/../../../../../H-x86_64-mingw32/nios2-elf/lib/mno-hw-mul\libc.a(lib_a-memset.o)
 .comment       0x0000000000000000       0x3a c:/altera/14.1/nios2eds/bin/gnu/h-x86_64-mingw32/bin/../lib/gcc/nios2-elf/4.8.3/../../../../../H-x86_64-mingw32/nios2-elf/lib/mno-hw-mul\libc.a(lib_a-stdio.o)
 .comment       0x0000000000000000       0x3a c:/altera/14.1/nios2eds/bin/gnu/h-x86_64-mingw32/bin/../lib/gcc/nios2-elf/4.8.3/../../../../../H-x86_64-mingw32/nios2-elf/lib/mno-hw-mul\libc.a(lib_a-writer.o)
 .comment       0x0000000000000000       0x3a c:/altera/14.1/nios2eds/bin/gnu/h-x86_64-mingw32/bin/../lib/gcc/nios2-elf/4.8.3/../../../../../H-x86_64-mingw32/nios2-elf/lib/mno-hw-mul\libc.a(closer.o)
 .comment       0x0000000000000000       0x3a c:/altera/14.1/nios2eds/bin/gnu/h-x86_64-mingw32/bin/../lib/gcc/nios2-elf/4.8.3/../../../../../H-x86_64-mingw32/nios2-elf/lib/mno-hw-mul\libc.a(lib_a-fclose.o)
 .comment       0x0000000000000000       0x3a c:/altera/14.1/nios2eds/bin/gnu/h-x86_64-mingw32/bin/../lib/gcc/nios2-elf/4.8.3/../../../../../H-x86_64-mingw32/nios2-elf/lib/mno-hw-mul\libc.a(lib_a-fstatr.o)
 .comment       0x0000000000000000       0x3a c:/altera/14.1/nios2eds/bin/gnu/h-x86_64-mingw32/bin/../lib/gcc/nios2-elf/4.8.3/../../../../../H-x86_64-mingw32/nios2-elf/lib/mno-hw-mul\libc.a(lib_a-isattyr.o)
 .comment       0x0000000000000000       0x3a c:/altera/14.1/nios2eds/bin/gnu/h-x86_64-mingw32/bin/../lib/gcc/nios2-elf/4.8.3/../../../../../H-x86_64-mingw32/nios2-elf/lib/mno-hw-mul\libc.a(lib_a-lseekr.o)
 .comment       0x0000000000000000       0x3a c:/altera/14.1/nios2eds/bin/gnu/h-x86_64-mingw32/bin/../lib/gcc/nios2-elf/4.8.3/../../../../../H-x86_64-mingw32/nios2-elf/lib/mno-hw-mul\libc.a(lib_a-readr.o)
 .comment       0x0000000000000000       0x3a c:/altera/14.1/nios2eds/bin/gnu/h-x86_64-mingw32/bin/../lib/gcc/nios2-elf/4.8.3/mno-hw-mul\libgcc.a(lib2-mul.o)
 .comment       0x0000000000000000       0x3a ../max_nios_classic_ucos_bsp/\libucosii_bsp.a(alt_close.o)
 .comment       0x0000000000000000       0x3a ../max_nios_classic_ucos_bsp/\libucosii_bsp.a(alt_dev.o)
 .comment       0x0000000000000000       0x3a ../max_nios_classic_ucos_bsp/\libucosii_bsp.a(alt_errno.o)
 .comment       0x0000000000000000       0x3a ../max_nios_classic_ucos_bsp/\libucosii_bsp.a(alt_fstat.o)
 .comment       0x0000000000000000       0x3a ../max_nios_classic_ucos_bsp/\libucosii_bsp.a(alt_isatty.o)
 .comment       0x0000000000000000       0x3a ../max_nios_classic_ucos_bsp/\libucosii_bsp.a(alt_lseek.o)
 .comment       0x0000000000000000       0x3a ../max_nios_classic_ucos_bsp/\libucosii_bsp.a(alt_main.o)
 .comment       0x0000000000000000       0x3a ../max_nios_classic_ucos_bsp/\libucosii_bsp.a(alt_read.o)
 .comment       0x0000000000000000       0x3a ../max_nios_classic_ucos_bsp/\libucosii_bsp.a(alt_release_fd.o)
 .comment       0x0000000000000000       0x3a ../max_nios_classic_ucos_bsp/\libucosii_bsp.a(alt_sbrk.o)
 .comment       0x0000000000000000       0x3a ../max_nios_classic_ucos_bsp/\libucosii_bsp.a(alt_write.o)
 .comment       0x0000000000000000       0x3a ../max_nios_classic_ucos_bsp/\libucosii_bsp.a(alt_env_lock.o)
 .comment       0x0000000000000000       0x3a ../max_nios_classic_ucos_bsp/\libucosii_bsp.a(alt_malloc_lock.o)
 .comment       0x0000000000000000       0x3a ../max_nios_classic_ucos_bsp/\libucosii_bsp.a(os_core.o)
 .comment       0x0000000000000000       0x3a ../max_nios_classic_ucos_bsp/\libucosii_bsp.a(os_dbg.o)
 .comment       0x0000000000000000       0x3a ../max_nios_classic_ucos_bsp/\libucosii_bsp.a(os_flag.o)
 .comment       0x0000000000000000       0x3a ../max_nios_classic_ucos_bsp/\libucosii_bsp.a(os_mem.o)
 .comment       0x0000000000000000       0x3a ../max_nios_classic_ucos_bsp/\libucosii_bsp.a(os_q.o)
 .comment       0x0000000000000000       0x3a ../max_nios_classic_ucos_bsp/\libucosii_bsp.a(os_sem.o)
 .comment       0x0000000000000000       0x3a ../max_nios_classic_ucos_bsp/\libucosii_bsp.a(os_task.o)
 .comment       0x0000000000000000       0x3a ../max_nios_classic_ucos_bsp/\libucosii_bsp.a(os_time.o)
 .comment       0x0000000000000000       0x3a ../max_nios_classic_ucos_bsp/\libucosii_bsp.a(alt_sys_init.o)
 .comment       0x0000000000000000       0x3a ../max_nios_classic_ucos_bsp/\libucosii_bsp.a(altera_avalon_epcs_flash_controller.o)
 .comment       0x0000000000000000       0x3a ../max_nios_classic_ucos_bsp/\libucosii_bsp.a(altera_avalon_jtag_uart_fd.o)
 .comment       0x0000000000000000       0x3a ../max_nios_classic_ucos_bsp/\libucosii_bsp.a(altera_avalon_jtag_uart_init.o)
 .comment       0x0000000000000000       0x3a ../max_nios_classic_ucos_bsp/\libucosii_bsp.a(altera_avalon_jtag_uart_ioctl.o)
 .comment       0x0000000000000000       0x3a ../max_nios_classic_ucos_bsp/\libucosii_bsp.a(altera_avalon_jtag_uart_read.o)
 .comment       0x0000000000000000       0x3a ../max_nios_classic_ucos_bsp/\libucosii_bsp.a(altera_avalon_jtag_uart_write.o)
 .comment       0x0000000000000000       0x3a ../max_nios_classic_ucos_bsp/\libucosii_bsp.a(altera_avalon_timer_sc.o)
 .comment       0x0000000000000000       0x3a ../max_nios_classic_ucos_bsp/\libucosii_bsp.a(epcs_commands.o)
 .comment       0x0000000000000000       0x3a ../max_nios_classic_ucos_bsp/\libucosii_bsp.a(alt_alarm_start.o)
 .comment       0x0000000000000000       0x3a ../max_nios_classic_ucos_bsp/\libucosii_bsp.a(alt_dev_llist_insert.o)
 .comment       0x0000000000000000       0x3a ../max_nios_classic_ucos_bsp/\libucosii_bsp.a(alt_do_ctors.o)
 .comment       0x0000000000000000       0x3a ../max_nios_classic_ucos_bsp/\libucosii_bsp.a(alt_do_dtors.o)
 .comment       0x0000000000000000       0x3a ../max_nios_classic_ucos_bsp/\libucosii_bsp.a(alt_flash_dev.o)
 .comment       0x0000000000000000       0x3a ../max_nios_classic_ucos_bsp/\libucosii_bsp.a(alt_iic.o)
 .comment       0x0000000000000000       0x3a ../max_nios_classic_ucos_bsp/\libucosii_bsp.a(alt_iic_isr_register.o)
 .comment       0x0000000000000000       0x3a ../max_nios_classic_ucos_bsp/\libucosii_bsp.a(alt_io_redirect.o)
 .comment       0x0000000000000000       0x3a ../max_nios_classic_ucos_bsp/\libucosii_bsp.a(alt_irq_handler.o)
 .comment       0x0000000000000000       0x3a ../max_nios_classic_ucos_bsp/\libucosii_bsp.a(alt_irq_vars.o)
 .comment       0x0000000000000000       0x3a ../max_nios_classic_ucos_bsp/\libucosii_bsp.a(alt_open.o)
 .comment       0x0000000000000000       0x3a ../max_nios_classic_ucos_bsp/\libucosii_bsp.a(alt_tick.o)
 .comment       0x0000000000000000       0x3a ../max_nios_classic_ucos_bsp/\libucosii_bsp.a(altera_nios2_qsys_irq.o)
 .comment       0x0000000000000000       0x3a ../max_nios_classic_ucos_bsp/\libucosii_bsp.a(os_cpu_c.o)
 .comment       0x0000000000000000       0x3a ../max_nios_classic_ucos_bsp/\libucosii_bsp.a(altera_avalon_spi.o)
 .comment       0x0000000000000000       0x3a ../max_nios_classic_ucos_bsp/\libucosii_bsp.a(alt_find_dev.o)
 .comment       0x0000000000000000       0x3a ../max_nios_classic_ucos_bsp/\libucosii_bsp.a(alt_find_file.o)
 .comment       0x0000000000000000       0x3a ../max_nios_classic_ucos_bsp/\libucosii_bsp.a(alt_get_fd.o)
 .comment       0x0000000000000000       0x3a c:/altera/14.1/nios2eds/bin/gnu/h-x86_64-mingw32/bin/../lib/gcc/nios2-elf/4.8.3/../../../../../H-x86_64-mingw32/nios2-elf/lib/mno-hw-mul\libc.a(lib_a-atexit.o)
 .comment       0x0000000000000000       0x3a c:/altera/14.1/nios2eds/bin/gnu/h-x86_64-mingw32/bin/../lib/gcc/nios2-elf/4.8.3/../../../../../H-x86_64-mingw32/nios2-elf/lib/mno-hw-mul\libc.a(lib_a-exit.o)
 .comment       0x0000000000000000       0x3a c:/altera/14.1/nios2eds/bin/gnu/h-x86_64-mingw32/bin/../lib/gcc/nios2-elf/4.8.3/../../../../../H-x86_64-mingw32/nios2-elf/lib/mno-hw-mul\libc.a(lib_a-memcmp.o)
 .comment       0x0000000000000000       0x3a c:/altera/14.1/nios2eds/bin/gnu/h-x86_64-mingw32/bin/../lib/gcc/nios2-elf/4.8.3/../../../../../H-x86_64-mingw32/nios2-elf/lib/mno-hw-mul\libc.a(lib_a-__atexit.o)
 .comment       0x0000000000000000       0x3a c:/altera/14.1/nios2eds/bin/gnu/h-x86_64-mingw32/bin/../lib/gcc/nios2-elf/4.8.3/../../../../../H-x86_64-mingw32/nios2-elf/lib/mno-hw-mul\libc.a(lib_a-__call_atexit.o)
 .comment       0x0000000000000000       0x3a c:/altera/14.1/nios2eds/bin/gnu/h-x86_64-mingw32/bin/../lib/gcc/nios2-elf/4.8.3/mno-hw-mul\libgcc.a(lib2-divmod.o)
 .comment       0x0000000000000000       0x3a ../max_nios_classic_ucos_bsp/\libucosii_bsp.a(alt_exit.o)

.debug
 *(.debug)

.line
 *(.line)

.debug_srcinfo
 *(.debug_srcinfo)

.debug_sfnames
 *(.debug_sfnames)

.debug_aranges  0x0000000000000000      0xae8
 *(.debug_aranges)
 .debug_aranges
                0x0000000000000000       0x20 ../max_nios_classic_ucos_bsp//obj/HAL/src/crt0.o
 .debug_aranges
                0x0000000000000020       0x20 obj/default/hello_ucosii.o
 .debug_aranges
                0x0000000000000040       0x20 c:/altera/14.1/nios2eds/bin/gnu/h-x86_64-mingw32/bin/../lib/gcc/nios2-elf/4.8.3/../../../../../H-x86_64-mingw32/nios2-elf/lib/mno-hw-mul\libc.a(lib_a-puts.o)
 .debug_aranges
                0x0000000000000060       0x20 c:/altera/14.1/nios2eds/bin/gnu/h-x86_64-mingw32/bin/../lib/gcc/nios2-elf/4.8.3/../../../../../H-x86_64-mingw32/nios2-elf/lib/mno-hw-mul\libc.a(lib_a-strlen.o)
 .debug_aranges
                0x0000000000000080       0x20 c:/altera/14.1/nios2eds/bin/gnu/h-x86_64-mingw32/bin/../lib/gcc/nios2-elf/4.8.3/../../../../../H-x86_64-mingw32/nios2-elf/lib/mno-hw-mul\libc.a(lib_a-fvwrite.o)
 .debug_aranges
                0x00000000000000a0       0x18 c:/altera/14.1/nios2eds/bin/gnu/h-x86_64-mingw32/bin/../lib/gcc/nios2-elf/4.8.3/../../../../../H-x86_64-mingw32/nios2-elf/lib/mno-hw-mul\libc.a(lib_a-impure.o)
 .debug_aranges
                0x00000000000000b8       0x20 c:/altera/14.1/nios2eds/bin/gnu/h-x86_64-mingw32/bin/../lib/gcc/nios2-elf/4.8.3/../../../../../H-x86_64-mingw32/nios2-elf/lib/mno-hw-mul\libc.a(lib_a-mallocr.o)
 .debug_aranges
                0x00000000000000d8       0x20 c:/altera/14.1/nios2eds/bin/gnu/h-x86_64-mingw32/bin/../lib/gcc/nios2-elf/4.8.3/../../../../../H-x86_64-mingw32/nios2-elf/lib/mno-hw-mul\libc.a(lib_a-memchr.o)
 .debug_aranges
                0x00000000000000f8       0x20 c:/altera/14.1/nios2eds/bin/gnu/h-x86_64-mingw32/bin/../lib/gcc/nios2-elf/4.8.3/../../../../../H-x86_64-mingw32/nios2-elf/lib/mno-hw-mul\libc.a(lib_a-memcpy.o)
 .debug_aranges
                0x0000000000000118       0x20 c:/altera/14.1/nios2eds/bin/gnu/h-x86_64-mingw32/bin/../lib/gcc/nios2-elf/4.8.3/../../../../../H-x86_64-mingw32/nios2-elf/lib/mno-hw-mul\libc.a(lib_a-memmove.o)
 .debug_aranges
                0x0000000000000138       0x20 c:/altera/14.1/nios2eds/bin/gnu/h-x86_64-mingw32/bin/../lib/gcc/nios2-elf/4.8.3/../../../../../H-x86_64-mingw32/nios2-elf/lib/mno-hw-mul\libc.a(lib_a-reallocr.o)
 .debug_aranges
                0x0000000000000158       0x20 c:/altera/14.1/nios2eds/bin/gnu/h-x86_64-mingw32/bin/../lib/gcc/nios2-elf/4.8.3/../../../../../H-x86_64-mingw32/nios2-elf/lib/mno-hw-mul\libc.a(lib_a-sbrkr.o)
 .debug_aranges
                0x0000000000000178       0x20 c:/altera/14.1/nios2eds/bin/gnu/h-x86_64-mingw32/bin/../lib/gcc/nios2-elf/4.8.3/../../../../../H-x86_64-mingw32/nios2-elf/lib/mno-hw-mul\libc.a(lib_a-wsetup.o)
 .debug_aranges
                0x0000000000000198       0x20 c:/altera/14.1/nios2eds/bin/gnu/h-x86_64-mingw32/bin/../lib/gcc/nios2-elf/4.8.3/../../../../../H-x86_64-mingw32/nios2-elf/lib/mno-hw-mul\libc.a(lib_a-fflush.o)
 .debug_aranges
                0x00000000000001b8       0x20 c:/altera/14.1/nios2eds/bin/gnu/h-x86_64-mingw32/bin/../lib/gcc/nios2-elf/4.8.3/../../../../../H-x86_64-mingw32/nios2-elf/lib/mno-hw-mul\libc.a(lib_a-findfp.o)
 .debug_aranges
                0x00000000000001d8       0x20 c:/altera/14.1/nios2eds/bin/gnu/h-x86_64-mingw32/bin/../lib/gcc/nios2-elf/4.8.3/../../../../../H-x86_64-mingw32/nios2-elf/lib/mno-hw-mul\libc.a(lib_a-freer.o)
 .debug_aranges
                0x00000000000001f8       0x20 c:/altera/14.1/nios2eds/bin/gnu/h-x86_64-mingw32/bin/../lib/gcc/nios2-elf/4.8.3/../../../../../H-x86_64-mingw32/nios2-elf/lib/mno-hw-mul\libc.a(lib_a-fwalk.o)
 .debug_aranges
                0x0000000000000218       0x18 c:/altera/14.1/nios2eds/bin/gnu/h-x86_64-mingw32/bin/../lib/gcc/nios2-elf/4.8.3/../../../../../H-x86_64-mingw32/nios2-elf/lib/mno-hw-mul\libc.a(lib_a-int_errno.o)
 .debug_aranges
                0x0000000000000230       0x20 c:/altera/14.1/nios2eds/bin/gnu/h-x86_64-mingw32/bin/../lib/gcc/nios2-elf/4.8.3/../../../../../H-x86_64-mingw32/nios2-elf/lib/mno-hw-mul\libc.a(lib_a-makebuf.o)
 .debug_aranges
                0x0000000000000250       0x20 c:/altera/14.1/nios2eds/bin/gnu/h-x86_64-mingw32/bin/../lib/gcc/nios2-elf/4.8.3/../../../../../H-x86_64-mingw32/nios2-elf/lib/mno-hw-mul\libc.a(lib_a-memset.o)
 .debug_aranges
                0x0000000000000270       0x20 c:/altera/14.1/nios2eds/bin/gnu/h-x86_64-mingw32/bin/../lib/gcc/nios2-elf/4.8.3/../../../../../H-x86_64-mingw32/nios2-elf/lib/mno-hw-mul\libc.a(lib_a-stdio.o)
 .debug_aranges
                0x0000000000000290       0x20 c:/altera/14.1/nios2eds/bin/gnu/h-x86_64-mingw32/bin/../lib/gcc/nios2-elf/4.8.3/../../../../../H-x86_64-mingw32/nios2-elf/lib/mno-hw-mul\libc.a(lib_a-writer.o)
 .debug_aranges
                0x00000000000002b0       0x20 c:/altera/14.1/nios2eds/bin/gnu/h-x86_64-mingw32/bin/../lib/gcc/nios2-elf/4.8.3/../../../../../H-x86_64-mingw32/nios2-elf/lib/mno-hw-mul\libc.a(closer.o)
 .debug_aranges
                0x00000000000002d0       0x20 c:/altera/14.1/nios2eds/bin/gnu/h-x86_64-mingw32/bin/../lib/gcc/nios2-elf/4.8.3/../../../../../H-x86_64-mingw32/nios2-elf/lib/mno-hw-mul\libc.a(lib_a-fclose.o)
 .debug_aranges
                0x00000000000002f0       0x20 c:/altera/14.1/nios2eds/bin/gnu/h-x86_64-mingw32/bin/../lib/gcc/nios2-elf/4.8.3/../../../../../H-x86_64-mingw32/nios2-elf/lib/mno-hw-mul\libc.a(lib_a-fstatr.o)
 .debug_aranges
                0x0000000000000310       0x20 c:/altera/14.1/nios2eds/bin/gnu/h-x86_64-mingw32/bin/../lib/gcc/nios2-elf/4.8.3/../../../../../H-x86_64-mingw32/nios2-elf/lib/mno-hw-mul\libc.a(lib_a-isattyr.o)
 .debug_aranges
                0x0000000000000330       0x20 c:/altera/14.1/nios2eds/bin/gnu/h-x86_64-mingw32/bin/../lib/gcc/nios2-elf/4.8.3/../../../../../H-x86_64-mingw32/nios2-elf/lib/mno-hw-mul\libc.a(lib_a-lseekr.o)
 .debug_aranges
                0x0000000000000350       0x20 c:/altera/14.1/nios2eds/bin/gnu/h-x86_64-mingw32/bin/../lib/gcc/nios2-elf/4.8.3/../../../../../H-x86_64-mingw32/nios2-elf/lib/mno-hw-mul\libc.a(lib_a-readr.o)
 .debug_aranges
                0x0000000000000370       0x20 c:/altera/14.1/nios2eds/bin/gnu/h-x86_64-mingw32/bin/../lib/gcc/nios2-elf/4.8.3/mno-hw-mul\libgcc.a(lib2-mul.o)
 .debug_aranges
                0x0000000000000390       0x20 ../max_nios_classic_ucos_bsp/\libucosii_bsp.a(alt_close.o)
 .debug_aranges
                0x00000000000003b0       0x20 ../max_nios_classic_ucos_bsp/\libucosii_bsp.a(alt_dev.o)
 .debug_aranges
                0x00000000000003d0       0x18 ../max_nios_classic_ucos_bsp/\libucosii_bsp.a(alt_errno.o)
 .debug_aranges
                0x00000000000003e8       0x20 ../max_nios_classic_ucos_bsp/\libucosii_bsp.a(alt_fstat.o)
 .debug_aranges
                0x0000000000000408       0x20 ../max_nios_classic_ucos_bsp/\libucosii_bsp.a(alt_isatty.o)
 .debug_aranges
                0x0000000000000428       0x20 ../max_nios_classic_ucos_bsp/\libucosii_bsp.a(alt_lseek.o)
 .debug_aranges
                0x0000000000000448       0x20 ../max_nios_classic_ucos_bsp/\libucosii_bsp.a(alt_main.o)
 .debug_aranges
                0x0000000000000468       0x20 ../max_nios_classic_ucos_bsp/\libucosii_bsp.a(alt_read.o)
 .debug_aranges
                0x0000000000000488       0x20 ../max_nios_classic_ucos_bsp/\libucosii_bsp.a(alt_release_fd.o)
 .debug_aranges
                0x00000000000004a8       0x20 ../max_nios_classic_ucos_bsp/\libucosii_bsp.a(alt_sbrk.o)
 .debug_aranges
                0x00000000000004c8       0x20 ../max_nios_classic_ucos_bsp/\libucosii_bsp.a(alt_write.o)
 .debug_aranges