<html>
<body>
<pre>
<h1>µVision Build Log</h1>
<h2>Tool Versions:</h2>
IDE-Version: µVision V5.14.0.0
Copyright (C) 2015 ARM Ltd and ARM Germany GmbH. All rights reserved.
License Information: Udayan Prabir Sinha, Student, LIC=UB48T-RKPTA-MR7XP-M9GTN-QR67Z-4QXWE
 
Tool Versions:
Toolchain:       MDK-ARM Professional  Version: 5.14.0.0
Toolchain Path:  C:\Keil_v5\ARM\ARMCC\Bin
C Compiler:      Armcc.exe V5.05 update 1 (build 106)
Assembler:       Armasm.exe V5.05 update 1 (build 106)
Linker/Locator:  ArmLink.exe V5.05 update 1 (build 106)
Library Manager: ArmAr.exe V5.05 update 1 (build 106)
Hex Converter:   FromElf.exe V5.05 update 1 (build 106)
CPU DLL:         SARMCM3.DLL V5.14.0.0
Dialog DLL:      DCM.DLL V1.13.1.0
Target DLL:      STLink\ST-LINKIII-KEIL_SWO.dll V2.0.14.0_KEIL
Dialog DLL:      TCM.DLL V1.14.4.0
 
<h2>Project:</h2>
C:\Keil_v5\STM32L1XX_Discovery\STM32L1XX_Discovery\MDK-ARM\STM32L1XX_Discovery.uvprojx
Project File Date:  11/07/2015

<h2>Output:</h2>
Rebuild target 'STM32L1XX_Discovery Configuration'
compiling main.c...
../Src/main.c(130): warning:  #177-D: variable "rx_data" was declared but never referenced
        uint8_t rx_data;
../Src/main.c(195): warning:  #177-D: function "MX_ADC_Init" was declared but never referenced
  void MX_ADC_Init(void)
../Src/main.c(229): warning:  #177-D: function "MX_COMP2_Init" was declared but never referenced
  void MX_COMP2_Init(void)
../Src/main.c(244): warning:  #177-D: function "MX_CRC_Init" was declared but never referenced
  void MX_CRC_Init(void)
../Src/main.c(253): warning:  #177-D: function "MX_DAC_Init" was declared but never referenced
  void MX_DAC_Init(void)
../Src/main.c(276): warning:  #177-D: function "MX_I2C1_Init" was declared but never referenced
  void MX_I2C1_Init(void)
../Src/main.c(293): warning:  #177-D: function "MX_I2C2_Init" was declared but never referenced
  void MX_I2C2_Init(void)
../Src/main.c(310): warning:  #177-D: function "MX_IWDG_Init" was declared but never referenced
  void MX_IWDG_Init(void)
../Src/main.c(321): warning:  #177-D: function "MX_RTC_Init" was declared but never referenced
  void MX_RTC_Init(void)
../Src/main.c(360): warning:  #177-D: function "MX_SPI2_Init" was declared but never referenced
  void MX_SPI2_Init(void)
../Src/main.c(380): warning:  #177-D: function "MX_SPI3_Init" was declared but never referenced
  void MX_SPI3_Init(void)
../Src/main.c(400): warning:  #177-D: function "MX_TIM3_Init" was declared but never referenced
  void MX_TIM3_Init(void)
../Src/main.c(439): warning:  #177-D: function "MX_USART2_UART_Init" was declared but never referenced
  void MX_USART2_UART_Init(void)
../Src/main.c: 13 warnings, 0 errors
compiling stm32l1xx_it.c...
compiling stm32l1xx_hal_msp.c...
assembling startup_stm32l100xc.s...
compiling stm32l1xx_hal_comp.c...
compiling stm32l1xx_hal_gpio.c...
compiling stm32l1xx_hal_rcc_ex.c...
compiling stm32l1xx_hal_pwr.c...
compiling stm32l1xx_hal_uart.c...
compiling stm32l1xx_hal_tim_ex.c...
compiling stm32l1xx_hal_iwdg.c...
compiling stm32l1xx_hal_crc.c...
compiling stm32l1xx_hal_cortex.c...
compiling stm32l1xx_hal_flash_ramfunc.c...
compiling stm32l1xx_hal_tim.c...
compiling stm32l1xx_hal_dma.c...
compiling stm32l1xx_hal_i2c.c...
compiling stm32l1xx_hal_rcc.c...
compiling stm32l1xx_hal_dac.c...
compiling stm32l1xx_hal_rtc_ex.c...
compiling stm32l1xx_hal_flash.c...
compiling stm32l1xx_hal_spi.c...
compiling stm32l1xx_hal_dac_ex.c...
compiling stm32l1xx_hal_adc.c...
compiling stm32l1xx_hal.c...
compiling stm32l1xx_hal_rtc.c...
compiling stm32l1xx_hal_spi_ex.c...
compiling stm32l1xx_hal_pwr_ex.c...
compiling stm32l1xx_hal_flash_ex.c...
compiling stm32l1xx_hal_adc_ex.c...
compiling system_stm32l1xx.c...
linking...
Program Size: Code=7472 RO-data=356 RW-data=8 ZI-data=1088  
"STM32L1XX_Discovery Configuration/\.axf" - 0 Error(s), 13 Warning(s).

<h2>Software Packages used:</h2>

Package Vendor: ARM
                http://www.keil.com/pack/ARM.CMSIS.4.4.0.pack
                ARM::CMSIS:CORE:4.2.0
                CMSIS (Cortex Microcontroller Software Interface Standard)
   * Component: CORE Version: 4.2.0

<h2>Collection of Component include folders:</h2>
  C:\Keil_v5\STM32L1XX_Discovery\STM32L1XX_Discovery\MDK-ARM\RTE
  C:\Keil_v5\ARM\PACK\ARM\CMSIS\4.4.0\CMSIS\Include
  C:\Keil_v5\ARM\PACK\Keil\STM32L1xx_DFP\1.0.2\Device\Include

<h2>Collection of Component Files used:</h2>

   * Component: ARM::CMSIS:CORE:4.2.0
</pre>
</body>
</html>
