Archive member included to satisfy reference by file (symbol)

g:/altera/15.0/nios2eds/bin/gnu/h-x86_64-mingw32/bin/../lib/gcc/nios2-elf/4.9.1/../../../../../H-x86_64-mingw32/nios2-elf/lib/mno-hw-mul\libc.a(lib_a-puts.o)
                              obj/default/hello_ucosii.o (puts)
g:/altera/15.0/nios2eds/bin/gnu/h-x86_64-mingw32/bin/../lib/gcc/nios2-elf/4.9.1/../../../../../H-x86_64-mingw32/nios2-elf/lib/mno-hw-mul\libc.a(lib_a-strlen.o)
                              g:/altera/15.0/nios2eds/bin/gnu/h-x86_64-mingw32/bin/../lib/gcc/nios2-elf/4.9.1/../../../../../H-x86_64-mingw32/nios2-elf/lib/mno-hw-mul\libc.a(lib_a-puts.o) (strlen)
g:/altera/15.0/nios2eds/bin/gnu/h-x86_64-mingw32/bin/../lib/gcc/nios2-elf/4.9.1/../../../../../H-x86_64-mingw32/nios2-elf/lib/mno-hw-mul\libc.a(lib_a-fvwrite.o)
                              g:/altera/15.0/nios2eds/bin/gnu/h-x86_64-mingw32/bin/../lib/gcc/nios2-elf/4.9.1/../../../../../H-x86_64-mingw32/nios2-elf/lib/mno-hw-mul\libc.a(lib_a-puts.o) (__sfvwrite_r)
g:/altera/15.0/nios2eds/bin/gnu/h-x86_64-mingw32/bin/../lib/gcc/nios2-elf/4.9.1/../../../../../H-x86_64-mingw32/nios2-elf/lib/mno-hw-mul\libc.a(lib_a-impure.o)
                              g:/altera/15.0/nios2eds/bin/gnu/h-x86_64-mingw32/bin/../lib/gcc/nios2-elf/4.9.1/../../../../../H-x86_64-mingw32/nios2-elf/lib/mno-hw-mul\libc.a(lib_a-puts.o) (_impure_ptr)
g:/altera/15.0/nios2eds/bin/gnu/h-x86_64-mingw32/bin/../lib/gcc/nios2-elf/4.9.1/../../../../../H-x86_64-mingw32/nios2-elf/lib/mno-hw-mul\libc.a(lib_a-mallocr.o)
                              g:/altera/15.0/nios2eds/bin/gnu/h-x86_64-mingw32/bin/../lib/gcc/nios2-elf/4.9.1/../../../../../H-x86_64-mingw32/nios2-elf/lib/mno-hw-mul\libc.a(lib_a-fvwrite.o) (_malloc_r)
g:/altera/15.0/nios2eds/bin/gnu/h-x86_64-mingw32/bin/../lib/gcc/nios2-elf/4.9.1/../../../../../H-x86_64-mingw32/nios2-elf/lib/mno-hw-mul\libc.a(lib_a-memchr.o)
                              g:/altera/15.0/nios2eds/bin/gnu/h-x86_64-mingw32/bin/../lib/gcc/nios2-elf/4.9.1/../../../../../H-x86_64-mingw32/nios2-elf/lib/mno-hw-mul\libc.a(lib_a-fvwrite.o) (memchr)
g:/altera/15.0/nios2eds/bin/gnu/h-x86_64-mingw32/bin/../lib/gcc/nios2-elf/4.9.1/../../../../../H-x86_64-mingw32/nios2-elf/lib/mno-hw-mul\libc.a(lib_a-memcpy.o)
                              g:/altera/15.0/nios2eds/bin/gnu/h-x86_64-mingw32/bin/../lib/gcc/nios2-elf/4.9.1/../../../../../H-x86_64-mingw32/nios2-elf/lib/mno-hw-mul\libc.a(lib_a-fvwrite.o) (memcpy)
g:/altera/15.0/nios2eds/bin/gnu/h-x86_64-mingw32/bin/../lib/gcc/nios2-elf/4.9.1/../../../../../H-x86_64-mingw32/nios2-elf/lib/mno-hw-mul\libc.a(lib_a-memmove.o)
                              g:/altera/15.0/nios2eds/bin/gnu/h-x86_64-mingw32/bin/../lib/gcc/nios2-elf/4.9.1/../../../../../H-x86_64-mingw32/nios2-elf/lib/mno-hw-mul\libc.a(lib_a-fvwrite.o) (memmove)
g:/altera/15.0/nios2eds/bin/gnu/h-x86_64-mingw32/bin/../lib/gcc/nios2-elf/4.9.1/../../../../../H-x86_64-mingw32/nios2-elf/lib/mno-hw-mul\libc.a(lib_a-reallocr.o)
                              g:/altera/15.0/nios2eds/bin/gnu/h-x86_64-mingw32/bin/../lib/gcc/nios2-elf/4.9.1/../../../../../H-x86_64-mingw32/nios2-elf/lib/mno-hw-mul\libc.a(lib_a-fvwrite.o) (_realloc_r)
g:/altera/15.0/nios2eds/bin/gnu/h-x86_64-mingw32/bin/../lib/gcc/nios2-elf/4.9.1/../../../../../H-x86_64-mingw32/nios2-elf/lib/mno-hw-mul\libc.a(lib_a-sbrkr.o)
                              g:/altera/15.0/nios2eds/bin/gnu/h-x86_64-mingw32/bin/../lib/gcc/nios2-elf/4.9.1/../../../../../H-x86_64-mingw32/nios2-elf/lib/mno-hw-mul\libc.a(lib_a-mallocr.o) (_sbrk_r)
g:/altera/15.0/nios2eds/bin/gnu/h-x86_64-mingw32/bin/../lib/gcc/nios2-elf/4.9.1/../../../../../H-x86_64-mingw32/nios2-elf/lib/mno-hw-mul\libc.a(lib_a-wsetup.o)
                              g:/altera/15.0/nios2eds/bin/gnu/h-x86_64-mingw32/bin/../lib/gcc/nios2-elf/4.9.1/../../../../../H-x86_64-mingw32/nios2-elf/lib/mno-hw-mul\libc.a(lib_a-fvwrite.o) (__swsetup_r)
g:/altera/15.0/nios2eds/bin/gnu/h-x86_64-mingw32/bin/../lib/gcc/nios2-elf/4.9.1/../../../../../H-x86_64-mingw32/nios2-elf/lib/mno-hw-mul\libc.a(lib_a-fflush.o)
                              g:/altera/15.0/nios2eds/bin/gnu/h-x86_64-mingw32/bin/../lib/gcc/nios2-elf/4.9.1/../../../../../H-x86_64-mingw32/nios2-elf/lib/mno-hw-mul\libc.a(lib_a-fvwrite.o) (_fflush_r)
g:/altera/15.0/nios2eds/bin/gnu/h-x86_64-mingw32/bin/../lib/gcc/nios2-elf/4.9.1/../../../../../H-x86_64-mingw32/nios2-elf/lib/mno-hw-mul\libc.a(lib_a-findfp.o)
                              g:/altera/15.0/nios2eds/bin/gnu/h-x86_64-mingw32/bin/../lib/gcc/nios2-elf/4.9.1/../../../../../H-x86_64-mingw32/nios2-elf/lib/mno-hw-mul\libc.a(lib_a-wsetup.o) (__sinit)
g:/altera/15.0/nios2eds/bin/gnu/h-x86_64-mingw32/bin/../lib/gcc/nios2-elf/4.9.1/../../../../../H-x86_64-mingw32/nios2-elf/lib/mno-hw-mul\libc.a(lib_a-freer.o)
[...]
Memory Configuration

Name             Origin             Length             Attributes
sdram_BEFORE_EXCEPTION 0x0000000000800000 0x0000000000000020
sdram            0x0000000000800020 0x00000000007fffe0
reset            0x0000000001001000 0x0000000000000020
flash            0x0000000001001020 0x00000000000007e0
*default*        0x0000000000000000 0xffffffffffffffff

Linker script and memory map

LOAD G:/Altera/15.0/Nios/nios2_ucosii_bsp//obj/HAL/src/crt0.o
LOAD obj/default/hello_ucosii.o
LOAD g:/altera/15.0/nios2eds/bin/gnu/h-x86_64-mingw32/bin/../lib/gcc/nios2-elf/4.9.1/../../../../../H-x86_64-mingw32/nios2-elf/lib/mno-hw-mul\libstdc++.a
LOAD g:/altera/15.0/nios2eds/bin/gnu/h-x86_64-mingw32/bin/../lib/gcc/nios2-elf/4.9.1/../../../../../H-x86_64-mingw32/nios2-elf/lib/mno-hw-mul\libm.a
LOAD g:/altera/15.0/nios2eds/bin/gnu/h-x86_64-mingw32/bin/../lib/gcc/nios2-elf/4.9.1/mno-hw-mul\libgcc.a
START GROUP
LOAD g:/altera/15.0/nios2eds/bin/gnu/h-x86_64-mingw32/bin/../lib/gcc/nios2-elf/4.9.1/../../../../../H-x86_64-mingw32/nios2-elf/lib/mno-hw-mul\libc.a
LOAD g:/altera/15.0/nios2eds/bin/gnu/h-x86_64-mingw32/bin/../lib/gcc/nios2-elf/4.9.1/mno-hw-mul\libgcc.a
LOAD G:/Altera/15.0/Nios/nios2_ucosii_bsp/\libucosii_bsp.a
LOAD g:/altera/15.0/nios2eds/bin/gnu/h-x86_64-mingw32/bin/../lib/gcc/nios2-elf/4.9.1/../../../../../H-x86_64-mingw32/nios2-elf/lib/mno-hw-mul\libm.a
END GROUP
LOAD g:/altera/15.0/nios2eds/bin/gnu/h-x86_64-mingw32/bin/../lib/gcc/nios2-elf/4.9.1/mno-hw-mul\libgcc.a
                0x0000000000800000                __alt_mem_sdram = 0x800000
                0x0000000001001000                __alt_mem_flash = 0x1001000

.entry          0x0000000001001000        0x0
 *(.entry)
 .entry         0x0000000001001000        0x0 G:/Altera/15.0/Nios/nios2_ucosii_bsp//obj/HAL/src/crt0.o
                0x0000000001001000                __reset

.exceptions     0x0000000000800020      0x19c
                0x0000000000800020                PROVIDE (__ram_exceptions_start, ABSOLUTE (.))
                0x0000000000800020                . = ALIGN (0x20)
 *(.irq)
 *(.exceptions.entry.label)
 .exceptions.entry.label
                0x0000000000800020        0x0 G:/Altera/15.0/Nios/nios2_ucosii_bsp/\libucosii_bsp.a(alt_irq_entry.o)
                0x0000000000800020                alt_irq_entry
 .exceptions.entry.label
                0x0000000000800020        0x0 G:/Altera/15.0/Nios/nios2_ucosii_bsp/\libucosii_bsp.a(alt_exception_entry.o)
                0x0000000000800020                alt_exception
 *(.exceptions.entry.user)
 *(.exceptions.entry.ecc_fatal)
 *(.exceptions.entry)
 .exceptions.entry
                0x0000000000800020       0x54 G:/Altera/15.0/Nios/nios2_ucosii_bsp/\libucosii_bsp.a(alt_exception_entry.o)
 *(.exceptions.irqtest.user)
 *(.exceptions.irqtest)
 .exceptions.irqtest
                0x0000000000800074       0x10 G:/Altera/15.0/Nios/nios2_ucosii_bsp/\libucosii_bsp.a(alt_irq_entry.o)
 *(.exceptions.irqhandler.user)
 *(.exceptions.irqhandler)
 .exceptions.irqhandler
                0x0000000000800084        0x4 G:/Altera/15.0/Nios/nios2_ucosii_bsp/\libucosii_bsp.a(alt_irq_entry.o)
 *(.exceptions.irqreturn.user)
 *(.exceptions.irqreturn)
 .exceptions.irqreturn
                0x0000000000800088        0x4 G:/Altera/15.0/Nios/nios2_ucosii_bsp/\libucosii_bsp.a(alt_irq_entry.o)
 *(.exceptions.notirq.label)
 .exceptions.notirq.label
                0x000000000080008c        0x0 G:/Altera/15.0/Nios/nios2_ucosii_bsp/\libucosii_bsp.a(alt_irq_entry.o)
 *(.exceptions.notirq.user)
 *(.exceptions.notirq)
 .exceptions.notirq
                0x000000000080008c        0x8 G:/Altera/15.0/Nios/nios2_ucosii_bsp/\libucosii_bsp.a(alt_exception_entry.o)
 *(.exceptions.soft.user)
 *(.exceptions.soft)
 *(.exceptions.unknown.user)
 *(.exceptions.unknown)
 .exceptions.unknown
                0x0000000000800094        0x4 G:/Altera/15.0/Nios/nios2_ucosii_bsp/\libucosii_bsp.a(alt_exception_entry.o)
 *(.exceptions.exit.label)
 .exceptions.exit.label
                0x0000000000800098        0x0 G:/Altera/15.0/Nios/nios2_ucosii_bsp/\libucosii_bsp.a(alt_irq_entry.o)
 .exceptions.exit.label
                0x0000000000800098        0x0 G:/Altera/15.0/Nios/nios2_ucosii_bsp/\libucosii_bsp.a(alt_exception_entry.o)
 *(.exceptions.exit.user)
 *(.exceptions.exit)
 .exceptions.exit
                0x0000000000800098       0x54 G:/Altera/15.0/Nios/nios2_ucosii_bsp/\libucosii_bsp.a(alt_exception_entry.o)
 *(.exceptions)
 .exceptions    0x00000000008000ec       0xd0 G:/Altera/15.0/Nios/nios2_ucosii_bsp/\libucosii_bsp.a(alt_irq_handler.o)
                0x00000000008000ec                alt_irq_handler
                0x00000000008001bc                PROVIDE (__ram_exceptions_end, ABSOLUTE (.))
                0x0000000000800020                PROVIDE (__flash_exceptions_start, LOADADDR (.exceptions))

.text           0x00000000008001bc     0xeee4
                0x00000000008001bc                PROVIDE (stext, ABSOLUTE (.))
 *(.interp)
 *(.hash)
 *(.dynsym)
 *(.dynstr)
 *(.gnu.version)
 *(.gnu.version_d)
 *(.gnu.version_r)
 *(.rel.init)
 *(.rela.init)
 *(.rel.text .rel.text.* .rel.gnu.linkonce.t.*)
 *(.rela.text .rela.text.* .rela.gnu.linkonce.t.*)
 *(.rel.fini)
 *(.rela.fini)
 *(.rel.rodata .rel.rodata.* .rel.gnu.linkonce.r.*)
 *(.rela.rodata .rela.rodata.* .rela.gnu.linkonce.r.*)
 *(.rel.data .rel.data.* .rel.gnu.linkonce.d.*)
 *(.rela.data .rela.data.* .rela.gnu.linkonce.d.*)
 *(.rel.tdata .rel.tdata.* .rel.gnu.linkonce.td.*)
 *(.rela.tdata .rela.tdata.* .rela.gnu.linkonce.td.*)
 *(.rel.tbss .rel.tbss.* .rel.gnu.linkonce.tb.*)
 *(.rela.tbss .rela.tbss.* .rela.gnu.linkonce.tb.*)
 *(.rel.ctors)
 *(.rela.ctors)
 *(.rel.dtors)
 *(.rela.dtors)
 *(.rel.got)
 *(.rela.got)
 *(.rel.sdata .rel.sdata.* .rel.gnu.linkonce.s.*)
 *(.rela.sdata .rela.sdata.* .rela.gnu.linkonce.s.*)
 *(.rel.sbss .rel.sbss.* .rel.gnu.linkonce.sb.*)
 *(.rela.sbss .rela.sbss.* .rela.gnu.linkonce.sb.*)
 *(.rel.sdata2 .rel.sdata2.* .rel.gnu.linkonce.s2.*)
 *(.rela.sdata2 .rela.sdata2.* .rela.gnu.linkonce.s2.*)
 *(.rel.sbss2 .rel.sbss2.* .rel.gnu.linkonce.sb2.*)
 *(.rela.sbss2 .rela.sbss2.* .rela.gnu.linkonce.sb2.*)
 *(.rel.bss .rel.bss.* .rel.gnu.linkonce.b.*)
 *(.rela.bss .rela.bss.* .rela.gnu.linkonce.b.*)
 *(.rel.plt)
 *(.rela.plt)
 *(.rel.dyn)
 *(.init)
 *(.plt)
 *(.text .stub .text.* .gnu.linkonce.t.*)
 .text          0x00000000008001bc       0x38 G:/Altera/15.0/Nios/nios2_ucosii_bsp//obj/HAL/src/crt0.o
                0x00000000008001bc                _start
 .text          0x00000000008001f4      0x13c obj/default/hello_ucosii.o
                0x00000000008001f4                task1
                0x000000000080023c                task2
                0x0000000000800284                main
 .text          0x0000000000800330       0xcc g:/altera/15.0/nios2eds/bin/gnu/h-x86_64-mingw32/bin/../lib/gcc/nios2-elf/4.9.1/../../../../../H-x86_64-mingw32/nios2-elf/lib/mno-hw-mul\libc.a(lib_a-puts.o)
                0x0000000000800330                _puts_r
                0x00000000008003e8                puts
 .text          0x00000000008003fc       0x98 g:/altera/15.0/nios2eds/bin/gnu/h-x86_64-mingw32/bin/../lib/gcc/nios2-elf/4.9.1/../../../../../H-x86_64-mingw32/nios2-elf/lib/mno-hw-mul\libc.a(lib_a-strlen.o)
                0x00000000008003fc                strlen
 .text          0x0000000000800494      0x4a4 g:/altera/15.0/nios2eds/bin/gnu/h-x86_64-mingw32/bin/../lib/gcc/nios2-elf/4.9.1/../../../../../H-x86_64-mingw32/nios2-elf/lib/mno-hw-mul\libc.a(lib_a-fvwrite.o)
                0x0000000000800494                __sfvwrite_r
 .text          0x0000000000800938        0x0 g:/altera/15.0/nios2eds/bin/gnu/h-x86_64-mingw32/bin/../lib/gcc/nios2-elf/4.9.1/../../../../../H-x86_64-mingw32/nios2-elf/lib/mno-hw-mul\libc.a(lib_a-impure.o)
 .text          0x0000000000800938      0x7a8 g:/altera/15.0/nios2eds/bin/gnu/h-x86_64-mingw32/bin/../lib/gcc/nios2-elf/4.9.1/../../../../../H-x86_64-mingw32/nios2-elf/lib/mno-hw-mul\libc.a(lib_a-mallocr.o)
                0x0000000000800938                _malloc_r
 .text          0x00000000008010e0       0xe8 g:/altera/15.0/nios2eds/bin/gnu/h-x86_64-mingw32/bin/../lib/gcc/nios2-elf/4.9.1/../../../../../H-x86_64-mingw32/nios2-elf/lib/mno-hw-mul\libc.a(lib_a-memchr.o)
                0x00000000008010e0                memchr
 .text          0x00000000008011c8      0x138 g:/altera/15.0/nios2eds/bin/gnu/h-x86_64-mingw32/bin/../lib/gcc/nios2-elf/4.9.1/../../../../../H-x86_64-mingw32/nios2-elf/lib/mno-hw-mul\libc.a(lib_a-memcpy.o)
                0x00000000008011c8                memcpy
 .text          0x0000000000801300      0x15c g:/altera/15.0/nios2eds/bin/gnu/h-x86_64-mingw32/bin/../lib/gcc/nios2-elf/4.9.1/../../../../../H-x86_64-mingw32/nios2-elf/lib/mno-hw-mul\libc.a(lib_a-memmove.o)
                0x0000000000801300                memmove
 .text          0x000000000080145c      0x5a0 g:/altera/15.0/nios2eds/bin/gnu/h-x86_64-mingw32/bin/../lib/gcc/nios2-elf/4.9.1/../../../../../H-x86_64-mingw32/nios2-elf/lib/mno-hw-mul\libc.a(lib_a-reallocr.o)
                0x000000000080145c                _realloc_r
 .text          0x00000000008019fc       0x54 g:/altera/15.0/nios2eds/bin/gnu/h-x86_64-mingw32/bin/../lib/gcc/nios2-elf/4.9.1/../../../../../H-x86_64-mingw32/nios2-elf/lib/mno-hw-mul\libc.a(lib_a-sbrkr.o)
                0x00000000008019fc                _sbrk_r
 .text          0x0000000000801a50      0x130 g:/altera/15.0/nios2eds/bin/gnu/h-x86_64-mingw32/bin/../lib/gcc/nios2-elf/4.9.1/../../../../../H-x86_64-mingw32/nios2-elf/lib/mno-hw-mul\libc.a(lib_a-wsetup.o)
                0x0000000000801a50                __swsetup_r
 .text          0x0000000000801b80      0x258 g:/altera/15.0/nios2eds/bin/gnu/h-x86_64-mingw32/bin/../lib/gcc/nios2-elf/4.9.1/../../../../../H-x86_64-mingw32/nios2-elf/lib/mno-hw-mul\libc.a(lib_a-fflush.o)
                0x0000000000801b80                _fflush_r
                0x0000000000801da8                fflush
 .text          0x0000000000801dd8      0x3b4 g:/altera/15.0/nios2eds/bin/gnu/h-x86_64-mingw32/bin/../lib/gcc/nios2-elf/4.9.1/../../../../../H-x86_64-mingw32/nios2-elf/lib/mno-hw-mul\libc.a(lib_a-findfp.o)
                0x0000000000801de8                _cleanup_r
                0x0000000000801f94                __sfmoreglue
                0x000000000080200c                __sfp
                0x0000000000802124                _cleanup
                0x000000000080213c                __sinit
                0x000000000080214c                __sfp_lock_acquire
                0x0000000000802150                __sfp_lock_release
                0x0000000000802154                __sinit_lock_acquire
                0x0000000000802158                __sinit_lock_release
                0x000000000080215c                __fp_lock_all
                0x0000000000802174                __fp_unlock_all
 .text          0x000000000080218c      0x414 g:/altera/15.0/nios2eds/bin/gnu/h-x86_64-mingw32/bin/../lib/gcc/nios2-elf/4.9.1/../../../../../H-x86_64-mingw32/nios2-elf/lib/mno-hw-mul\libc.a(lib_a-freer.o)
                0x000000000080218c                _malloc_trim_r
                0x00000000008022b0                _free_r
 .text          0x00000000008025a0      0x170 g:/altera/15.0/nios2eds/bin/gnu/h-x86_64-mingw32/bin/../lib/gcc/nios2-elf/4.9.1/../../../../../H-x86_64-mingw32/nios2-elf/lib/mno-hw-mul\libc.a(lib_a-fwalk.o)
                0x00000000008025a0                _fwalk
                0x0000000000802658                _fwalk_reent
 .text          0x0000000000802710        0x0 g:/altera/15.0/nios2eds/bin/gnu/h-x86_64-mingw32/bin/../lib/gcc/nios2-elf/4.9.1/../../../../../H-x86_64-mingw32/nios2-elf/lib/mno-hw-mul\libc.a(lib_a-int_errno.o)
 .text          0x0000000000802710      0x1b8 g:/altera/15.0/nios2eds/bin/gnu/h-x86_64-mingw32/bin/../lib/gcc/nios2-elf/4.9.1/../../../../../H-x86_64-mingw32/nios2-elf/lib/mno-hw-mul\libc.a(lib_a-makebuf.o)
                0x0000000000802710                __smakebuf_r
 .text          0x00000000008028c8      0x124 g:/altera/15.0/nios2eds/bin/gnu/h-x86_64-mingw32/bin/../lib/gcc/nios2-elf/4.9.1/../../../../../H-x86_64-mingw32/nios2-elf/lib/mno-hw-mul\libc.a(lib_a-memset.o)
                0x00000000008028c8                memset
 .text          0x00000000008029ec      0x13c g:/altera/15.0/nios2eds/bin/gnu/h-x86_64-mingw32/bin/../lib/gcc/nios2-elf/4.9.1/../../../../../H-x86_64-mingw32/nios2-elf/lib/mno-hw-mul\libc.a(lib_a-stdio.o)
                0x00000000008029ec                __sread
                0x0000000000802a40                __seofread
                0x0000000000802a48                __swrite
                0x0000000000802ac4                __sseek
                0x0000000000802b20                __sclose
 .text          0x0000000000802b28       0x5c g:/altera/15.0/nios2eds/bin/gnu/h-x86_64-mingw32/bin/../lib/gcc/nios2-elf/4.9.1/../../../../../H-x86_64-mingw32/nios2-elf/lib/mno-hw-mul\libc.a(lib_a-writer.o)
                0x0000000000802b28                _write_r
 .text          0x0000000000802b84       0x54 g:/altera/15.0/nios2eds/bin/gnu/h-x86_64-mingw32/bin/../lib/gcc/nios2-elf/4.9.1/../../../../../H-x86_64-mingw32/nios2-elf/lib/mno-hw-mul\libc.a(closer.o)
                0x0000000000802b84                _close_r
 .text          0x0000000000802bd8      0x114 g:/altera/15.0/nios2eds/bin/gnu/h-x86_64-mingw32/bin/../lib/gcc/nios2-elf/4.9.1/../../../../../H-x86_64-mingw32/nios2-elf/lib/mno-hw-mul\libc.a(lib_a-fclose.o)
                0x0000000000802bd8                _fclose_r
                0x0000000000802cd8                fclose
 .text          0x0000000000802cec       0x58 g:/altera/15.0/nios2eds/bin/gnu/h-x86_64-mingw32/bin/../lib/gcc/nios2-elf/4.9.1/../../../../../H-x86_64-mingw32/nios2-elf/lib/mno-hw-mul\libc.a(lib_a-fstatr.o)
                0x0000000000802cec                _fstat_r
 .text          0x0000000000802d44       0x54 g:/altera/15.0/nios2eds/bin/gnu/h-x86_64-mingw32/bin/../lib/gcc/nios2-elf/4.9.1/../../../../../H-x86_64-mingw32/nios2-elf/lib/mno-hw-mul\libc.a(lib_a-isattyr.o)
                0x0000000000802d44                _isatty_r
 .text          0x0000000000802d98       0x5c g:/altera/15.0/nios2eds/bin/gnu/h-x86_64-mingw32/bin/../lib/gcc/nios2-elf/4.9.1/../../../../../H-x86_64-mingw32/nios2-elf/lib/mno-hw-mul\libc.a(lib_a-lseekr.o)
                0x0000000000802d98                _lseek_r
 .text          0x0000000000802df4       0x5c g:/altera/15.0/nios2eds/bin/gnu/h-x86_64-mingw32/bin/../lib/gcc/nios2-elf/4.9.1/../../../../../H-x86_64-mingw32/nios2-elf/lib/mno-hw-mul\libc.a(lib_a-readr.o)
                0x0000000000802df4                _read_r
 .text          0x0000000000802e50       0x28 g:/altera/15.0/nios2eds/bin/gnu/h-x86_64-mingw32/bin/../lib/gcc/nios2-elf/4.9.1/mno-hw-mul\libgcc.a(lib2-mul.o)
                0x0000000000802e50                __mulsi3
 .text          0x0000000000802e78      0x128 G:/Altera/15.0/Nios/nios2_ucosii_bsp/\libucosii_bsp.a(alt_close.o)
                0x0000000000802ec8                close
 .text          0x0000000000802fa0       0x2c G:/Altera/15.0/Nios/nios2_ucosii_bsp/\libucosii_bsp.a(alt_dev.o)
 .text          0x0000000000802fcc        0x0 G:/Altera/15.0/Nios/nios2_ucosii_bsp/\libucosii_bsp.a(alt_errno.o)
 .text          0x0000000000802fcc      0x108 G:/Altera/15.0/Nios/nios2_ucosii_bsp/\libucosii_bsp.a(alt_fstat.o)
                0x000000000080301c                fstat
 .text          0x00000000008030d4       0xfc G:/Altera/15.0/Nios/nios2_ucosii_bsp/\libucosii_bsp.a(alt_isatty.o)
                0x0000000000803124                isatty
 .text          0x00000000008031d0      0x12c G:/Altera/15.0/Nios/nios2_ucosii_bsp/\libucosii_bsp.a(alt_lseek.o)
                0x0000000000803220                lseek
 .text          0x00000000008032fc       0xd4 G:/Altera/15.0/Nios/nios2_ucosii_bsp/\libucosii_bsp.a(alt_main.o)
                0x00000000008032fc                alt_main
 .text          0x00000000008033d0      0x154 G:/Altera/15.0/Nios/nios2_ucosii_bsp/\libucosii_bsp.a(alt_read.o)
                0x0000000000803420                read
 .text          0x0000000000803524       0x80 G:/Altera/15.0/Nios/nios2_ucosii_bsp/\libucosii_bsp.a(alt_release_fd.o)
                0x0000000000803524                alt_release_fd
 .text          0x00000000008035a4       0xb0 G:/Altera/15.0/Nios/nios2_ucosii_bsp/\libucosii_bsp.a(alt_sbrk.o)
                0x00000000008035a4                sbrk
 .text          0x0000000000803654      0x150 G:/Altera/15.0/Nios/nios2_ucosii_bsp/\libucosii_bsp.a(alt_write.o)
                0x00000000008036a4                write
 .text          0x00000000008037a4      0x11c G:/Altera/15.0/Nios/nios2_ucosii_bsp/\libucosii_bsp.a(alt_env_lock.o)
                0x00000000008037a4                __env_lock
                0x0000000000803864                __env_unlock
 .text          0x00000000008038c0      0x1f0 G:/Altera/15.0/Nios/nios2_ucosii_bsp/\libucosii_bsp.a(alt_malloc_lock.o)
                0x00000000008038c0                __malloc_lock
                0x00000000008039e0                __malloc_unlock
 .text          0x0000000000803ab0     0x1fe0 G:/Altera/15.0/Nios/nios2_ucosii_bsp/\libucosii_bsp.a(os_core.o)
                0x0000000000803ab0                OSEventNameGet
                0x0000000000803bd0                OSEventNameSet
                0x0000000000803d0c                OSEventPendMulti
                0x000000000080431c                OSInit
                0x0000000000804370                OSIntEnter
                0x00000000008043ec                OSIntExit
                0x00000000008044e0                OSSchedLock
                0x0000000000804568                OSSchedUnlock
                0x0000000000804640                OSStart
                0x00000000008046ac                OSStatInit
                0x0000000000804758                OSTimeTick
                0x0000000000804974                OSVersion
                0x0000000000804994                OS_Dummy
                0x00000000008049b0                OS_EventTaskRdy
                0x0000000000804b48                OS_EventTaskWait
                0x0000000000804c54                OS_EventTaskWaitMulti
                0x0000000000804da0                OS_EventTaskRemove
                0x0000000000804e54                OS_EventTaskRemoveMulti
                0x0000000000804f50                OS_EventWaitListInit
                0x0000000000805314                OS_MemClr
                0x0000000000805364                OS_MemCopy
                0x00000000008053c8                OS_Sched
                0x0000000000805504                OS_StrCopy
                0x0000000000805578                OS_StrLen
                0x00000000008055cc                OS_TaskIdle
                0x0000000000805628                OS_TaskStat
                0x00000000008056f4                OS_TaskStatStkChk
                0x00000000008057bc                OS_TCBInit
 .text          0x0000000000805a90      0x18c G:/Altera/15.0/Nios/nios2_ucosii_bsp/\libucosii_bsp.a(os_dbg.o)
                0x0000000000805a90                OSDebugInit
 .text          0x0000000000805c1c     0x181c G:/Altera/15.0/Nios/nios2_ucosii_bsp/\libucosii_bsp.a(os_flag.o)
                0x0000000000805c1c                OSFlagAccept
                0x0000000000805f24                OSFlagCreate
                0x000000000080604c                OSFlagDel
                0x00000000008062bc                OSFlagNameGet
                0x00000000008063ec                OSFlagNameSet
                0x000000000080653c                OSFlagPend
                0x0000000000806b2c                OSFlagPendGetFlagsRdy
                0x0000000000806b94                OSFlagPost
                0x0000000000806f1c                OSFlagQuery
                0x00000000008071a4                OS_FlagInit
                0x0000000000807398                OS_FlagUnlink
 .text          0x0000000000807438      0x790 G:/Altera/15.0/Nios/nios2_ucosii_bsp/\libucosii_bsp.a(os_mem.o)
                0x0000000000807438                OSMemCreate
                0x000000000080762c                OSMemGet
                0x000000000080771c                OSMemNameGet
                0x0000000000807814                OSMemNameSet
                0x000000000080792c                OSMemPut
                0x0000000000807a04                OSMemQuery
                0x0000000000807aec                OS_MemInit
 .text          0x0000000000807bc8     0x1210 G:/Altera/15.0/Nios/nios2_ucosii_bsp/\libucosii_bsp.a(os_q.o)
                0x0000000000807bc8                OSQAccept
                0x0000000000807d08                OSQCreate
                0x0000000000807f04                OSQDel
                0x00000000008081cc                OSQFlush
                0x0000000000808284                OSQPend
                0x0000000000808580                OSQPendAbort
                0x00000000008086ec                OSQPost
                0x0000000000808854                OSQPostFront
                0x00000000008089c4                OSQPostOpt
                0x0000000000808bd0                OSQQuery
                0x0000000000808d2c                OS_QInit
 .text          0x0000000000808dd8      0xb08 G:/Altera/15.0/Nios/nios2_ucosii_bsp/\libucosii_bsp.a(os_sem.o)
                0x0000000000808dd8                OSSemAccept
                0x0000000000808e88                OSSemCreate
                0x0000000000808f88                OSSemDel
                0x00000000008091f0                OSSemPend
                0x0000000000809458                OSSemPendAbort
                0x00000000008095c4                OSSemPost
                0x00000000008096d4                OSSemQuery
                0x00000000008097e4                OSSemSet
 .text          0x00000000008098e0     0x18f4 G:/Altera/15.0/Nios/nios2_ucosii_bsp/\libucosii_bsp.a(os_task.o)
                0x00000000008098e0                OSTaskChangePrio
                0x0000000000809e20                OSTaskCreate
                0x0000000000809fdc                OSTaskCreateExt
                0x000000000080a1c8                OSTaskDel
                0x000000000080a5a8                OSTaskDelReq
                0x000000000080a700                OSTaskNameGet
                0x000000000080a8a8                OSTaskNameSet
                0x000000000080aa68                OSTaskResume
                0x000000000080ac60                OSTaskStkChk
                0x000000000080ae28                OSTaskSuspend
                0x000000000080b03c                OSTaskQuery
                0x000000000080b168                OS_TaskStkClr
 .text          0x000000000080b1d4      0x584 G:/Altera/15.0/Nios/nios2_ucosii_bsp/\libucosii_bsp.a(os_time.o)
                0x000000000080b1d4                OSTimeDly
                0x000000000080b31c                OSTimeDlyHMSM
                0x000000000080b4a0                OSTimeDlyResume
                0x000000000080b690                OSTimeGet
                0x000000000080b6f4                OSTimeSet
 .text          0x000000000080b758       0xd8 G:/Altera/15.0/Nios/nios2_ucosii_bsp/\libucosii_bsp.a(alt_sys_init.o)
                0x000000000080b790                alt_irq_init
                0x000000000080b7c4                alt_sys_init
 .text          0x000000000080b830      0x990 G:/Altera/15.0/Nios/nios2_ucosii_bsp/\libucosii_bsp.a(altera_avalon_epcs_flash_controller.o)
                0x000000000080b868                alt_epcs_flash_init
                0x000000000080bc34                alt_epcs_flash_write
                0x000000000080be94                alt_epcs_flash_get_info
                0x000000000080bfb4                alt_epcs_flash_erase_block
                0x000000000080c028                alt_epcs_flash_write_block
                0x000000000080c128                alt_epcs_flash_read
 .text          0x000000000080c1c0      0x164 G:/Altera/15.0/Nios/nios2_ucosii_bsp/\libucosii_bsp.a(altera_avalon_jtag_uart_fd.o)
                0x000000000080c1c0                altera_avalon_jtag_uart_read_fd
                0x000000000080c220                altera_avalon_jtag_uart_write_fd
                0x000000000080c280                altera_avalon_jtag_uart_close_fd
                0x000000000080c2d0                altera_avalon_jtag_uart_ioctl_fd
 .text          0x000000000080c324      0x568 G:/Altera/15.0/Nios/nios2_ucosii_bsp/\libucosii_bsp.a(altera_avalon_jtag_uart_init.o)
                0x000000000080c324                altera_avalon_jtag_uart_init
                0x000000000080c824                altera_avalon_jtag_uart_close
 .text          0x000000000080c88c       0xec G:/Altera/15.0/Nios/nios2_ucosii_bsp/\libucosii_bsp.a(altera_avalon_jtag_uart_ioctl.o)
                0x000000000080c88c                altera_avalon_jtag_uart_ioctl
 .text          0x000000000080c978      0x2b4 G:/Altera/15.0/Nios/nios2_ucosii_bsp/\libucosii_bsp.a(altera_avalon_jtag_uart_read.o)
                0x000000000080c978                altera_avalon_jtag_uart_read
 .text          0x000000000080cc2c      0x2c0 G:/Altera/15.0/Nios/nios2_ucosii_bsp/\libucosii_bsp.a(altera_avalon_jtag_uart_write.o)
                0x000000000080cc2c                altera_avalon_jtag_uart_write
 .text          0x000000000080ceec       0xfc G:/Altera/15.0/Nios/nios2_ucosii_bsp/\libucosii_bsp.a(altera_avalon_timer_sc.o)
                0x000000000080cf60                alt_avalon_timer_sc_init
 .text          0x000000000080cfe8      0x62c G:/Altera/15.0/Nios/nios2_ucosii_bsp/\libucosii_bsp.a(epcs_commands.o)
                0x000000000080cfe8                epcs_read_status_register
                0x000000000080d0b4                epcs_sector_erase
                0x000000000080d1ac                epcs_read_buffer
                0x000000000080d2a0                epcs_write_enable
                0x000000000080d2f0                epcs_write_status_register
                0x000000000080d358                epcs_write_buffer
                0x000000000080d474                epcs_read_electronic_signature
                0x000000000080d4dc                epcs_read_device_id
                0x000000000080d55c                epcs_enter_4_bytes_mode
                0x000000000080d5b8                epcs_exit_4_bytes_mode
 .text          0x000000000080d614      0x140 G:/Altera/15.0/Nios/nios2_ucosii_bsp/\libucosii_bsp.a(alt_alarm_start.o)
                0x000000000080d614                alt_alarm_start
 .text          0x000000000080d754       0xf4 G:/Altera/15.0/Nios/nios2_ucosii_bsp/\libucosii_bsp.a(alt_dev_llist_insert.o)
                0x000000000080d7a4                alt_dev_llist_insert
 .text          0x000000000080d848       0x5c G:/Altera/15.0/Nios/nios2_ucosii_bsp/\libucosii_bsp.a(alt_do_ctors.o)
                0x000000000080d848                _do_ctors
 .text          0x000000000080d8a4       0x5c G:/Altera/15.0/Nios/nios2_ucosii_bsp/\libucosii_bsp.a(alt_do_dtors.o)
                0x000000000080d8a4                _do_dtors
 .text          0x000000000080d900       0xb8 G:/Altera/15.0/Nios/nios2_ucosii_bsp/\libucosii_bsp.a(alt_flash_dev.o)
                0x000000000080d900                alt_flash_open_dev
                0x000000000080d968                alt_flash_close_dev
 .text          0x000000000080d9b8      0x1e0 G:/Altera/15.0/Nios/nios2_ucosii_bsp/\libucosii_bsp.a(alt_iic.o)
                0x000000000080d9b8                alt_ic_isr_register
                0x000000000080da08                alt_ic_irq_enable
                0x000000000080daa8                alt_ic_irq_disable
                0x000000000080db4c                alt_ic_irq_enabled
 .text          0x000000000080db98       0xf0 G:/Altera/15.0/Nios/nios2_ucosii_bsp/\libucosii_bsp.a(alt_iic_isr_register.o)
                0x000000000080db98                alt_iic_isr_register
 .text          0x000000000080dc88      0x158 G:/Altera/15.0/Nios/nios2_ucosii_bsp/\libucosii_bsp.a(alt_io_redirect.o)
                0x000000000080dd68                alt_io_redirect
 .text          0x000000000080dde0        0x0 G:/Altera/15.0/Nios/nios2_ucosii_bsp/\libucosii_bsp.a(alt_irq_entry.o)
 .text          0x000000000080dde0        0x0 G:/Altera/15.0/Nios/nios2_ucosii_bsp/\libucosii_bsp.a(alt_irq_handler.o)
 .text          0x000000000080dde0        0x0 G:/Altera/15.0/Nios/nios2_ucosii_bsp/\libucosii_bsp.a(alt_irq_vars.o)
 .text          0x000000000080dde0      0x2a4 G:/Altera/15.0/Nios/nios2_ucosii_bsp/\libucosii_bsp.a(alt_open.o)
                0x000000000080df24                open
 .text          0x000000000080e084      0x19c G:/Altera/15.0/Nios/nios2_ucosii_bsp/\libucosii_bsp.a(alt_tick.o)
                0x000000000080e084                alt_alarm_stop
                0x000000000080e11c                alt_tick
 .text          0x000000000080e220       0x20 G:/Altera/15.0/Nios/nios2_ucosii_bsp/\libucosii_bsp.a(altera_nios2_qsys_irq.o)
                0x000000000080e220                altera_nios2_qsys_irq_init
 .text          0x000000000080e240       0xd0 G:/Altera/15.0/Nios/nios2_ucosii_bsp/\libucosii_bsp.a(os_cpu_a.o)
                0x000000000080e240                OSCtxSw
                0x000000000080e240                OSIntCtxSw
                0x000000000080e2cc                OSStartHighRdy
                0x000000000080e2ec                OSStartTsk
 .text          0x000000000080e310      0x3fc G:/Altera/15.0/Nios/nios2_ucosii_bsp/\libucosii_bsp.a(os_cpu_c.o)
                0x000000000080e310                OSTaskStkInit
                0x000000000080e604                OSTaskCreateHook
                0x000000000080e624                OSTaskDelHook
                0x000000000080e644                OSTaskSwHook
                0x000000000080e660                OSTaskStatHook
                0x000000000080e67c                OSTimeTickHook
                0x000000000080e698                OSInitHookBegin
                0x000000000080e6b4                OSInitHookEnd
                0x000000000080e6d0                OSTaskIdleHook
                0x000000000080e6ec                OSTCBInitHook
 .text          0x000000000080e70c      0x204 G:/Altera/15.0/Nios/nios2_ucosii_bsp/\libucosii_bsp.a(altera_avalon_spi.o)
                0x000000000080e70c                alt_avalon_spi_command
 .text          0x000000000080e910        0x0 G:/Altera/15.0/Nios/nios2_ucosii_bsp/\libucosii_bsp.a(alt_exception_entry.o)
 .text          0x000000000080e910       0x90 G:/Altera/15.0/Nios/nios2_ucosii_bsp/\libucosii_bsp.a(alt_find_dev.o)
                0x000000000080e910                alt_find_dev
 .text          0x000000000080e9a0      0x114 G:/Altera/15.0/Nios/nios2_ucosii_bsp/\libucosii_bsp.a(alt_find_file.o)
                0x000000000080e9a0                alt_find_file
 .text          0x000000000080eab4      0x114 G:/Altera/15.0/Nios/nios2_ucosii_bsp/\libucosii_bsp.a(alt_get_fd.o)
                0x000000000080eab4                alt_get_fd
 .text          0x000000000080ebc8       0x14 g:/altera/15.0/nios2eds/bin/gnu/h-x86_64-mingw32/bin/../lib/gcc/nios2-elf/4.9.1/../../../../../H-x86_64-mingw32/nios2-elf/lib/mno-hw-mul\libc.a(lib_a-atexit.o)
                0x000000000080ebc8                atexit
 .text          0x000000000080ebdc       0x38 g:/altera/15.0/nios2eds/bin/gnu/h-x86_64-mingw32/bin/../lib/gcc/nios2-elf/4.9.1/../../../../../H-x86_64-mingw32/nios2-elf/lib/mno-hw-mul\libc.a(lib_a-exit.o)
                0x000000000080ebdc                exit
 .text          0x000000000080ec14       0x7c g:/altera/15.0/nios2eds/bin/gnu/h-x86_64-mingw32/bin/../lib/gcc/nios2-elf/4.9.1/../../../../../H-x86_64-mingw32/nios2-elf/lib/mno-hw-mul\libc.a(lib_a-memcmp.o)
                0x000000000080ec14                memcmp
 .text          0x000000000080ec90      0x114 g:/altera/15.0/nios2eds/bin/gnu/h-x86_64-mingw32/bin/../lib/gcc/nios2-elf/4.9.1/../../../../../H-x86_64-mingw32/nios2-elf/lib/mno-hw-mul\libc.a(lib_a-__atexit.o)
                0x000000000080ec90                __register_exitproc
 .text          0x000000000080eda4      0x194 g:/altera/15.0/nios2eds/bin/gnu/h-x86_64-mingw32/bin/../lib/gcc/nios2-elf/4.9.1/../../../../../H-x86_64-mingw32/nios2-elf/lib/mno-hw-mul\libc.a(lib_a-__call_atexit.o)
                0x000000000080eda4                __call_exitprocs
 .text          0x000000000080ef38      0x12c g:/altera/15.0/nios2eds/bin/gnu/h-x86_64-mingw32/bin/../lib/gcc/nios2-elf/4.9.1/mno-hw-mul\libgcc.a(lib2-divmod.o)
                0x000000000080efa4                __divsi3
                0x000000000080eff8                __modsi3
                0x000000000080f054                __udivsi3
                0x000000000080f05c                __umodsi3
 .text          0x000000000080f064       0x3c G:/Altera/15.0/Nios/nios2_ucosii_bsp/\libucosii_bsp.a(alt_exit.o)
                0x000000000080f064                _exit
 *(.gnu.warning.*)
 *(.fini)
                0x000000000080f0a0                PROVIDE (__etext, ABSOLUTE (.))
                0x000000000080f0a0                PROVIDE (_etext, ABSOLUTE (.))
                0x000000000080f0a0                PROVIDE (etext, ABSOLUTE (.))
 *(.eh_frame_hdr)
                0x000000000080f0a0                . = ALIGN (0x4)
                0x000000000080f0a0                PROVIDE (__preinit_array_start, ABSOLUTE (.))
 *(.preinit_array)
                0x000000000080f0a0                PROVIDE (__preinit_array_end, ABSOLUTE (.))
                0x000000000080f0a0                PROVIDE (__init_array_start, ABSOLUTE (.))
 *(.init_array)
                0x000000000080f0a0                PROVIDE (__init_array_end, ABSOLUTE (.))
                0x000000000080f0a0                PROVIDE (__fini_array_start, ABSOLUTE (.))
 *(.fini_array)
                0x000000000080f0a0                PROVIDE (__fini_array_end, ABSOLUTE (.))
 *(.eh_frame)
 *(.gcc_except_table .gcc_except_table.*)
 *(.dynamic)
                0x000000000080f0a0                PROVIDE (__CTOR_LIST__, ABSOLUTE (.))
 *(.ctors)
 *(SORT(.ctors.*))
                0x000000000080f0a0                PROVIDE (__CTOR_END__, ABSOLUTE (.))
                0x000000000080f0a0                PROVIDE (__DTOR_LIST__, ABSOLUTE (.))
 *(.dtors)
 *(SORT(.dtors.*))
                0x000000000080f0a0                PROVIDE (__DTOR_END__, ABSOLUTE (.))
 *(.jcr)
                0x000000000080f0a0                . = ALIGN (0x4)

.rodata         0x000000000080f0a0      0x184
                0x000000000080f0a0                PROVIDE (__ram_rodata_start, ABSOLUTE (.))
                0x000000000080f0a0                . = ALIGN (0x4)
 *(.rodata .rodata.* .gnu.linkonce.r.*)
 .rodata        0x000000000080f0a0       0x28 obj/default/hello_ucosii.o
 .rodata.str1.4
                0x000000000080f0c8        0x2 g:/altera/15.0/nios2eds/bin/gnu/h-x86_64-mingw32/bin/../lib/gcc/nios2-elf/4.9.1/../../../../../H-x86_64-mingw32/nios2-elf/lib/mno-hw-mul\libc.a(lib_a-puts.o)
                                          0x4 (size before relaxing)
 *fill*         0x000000000080f0ca        0x2 
 .rodata.str1.4
                0x000000000080f0cc        0x4 g:/altera/15.0/nios2eds/bin/gnu/h-x86_64-mingw32/bin/../lib/gcc/nios2-elf/4.9.1/../../../../../H-x86_64-mingw32/nios2-elf/lib/mno-hw-mul\libc.a(lib_a-impure.o)
 .rodata        0x000000000080f0d0        0xc G:/Altera/15.0/Nios/nios2_ucosii_bsp/\libucosii_bsp.a(alt_dev.o)
 .rodata        0x000000000080f0dc        0xc G:/Altera/15.0/Nios/nios2_ucosii_bsp/\libucosii_bsp.a(alt_main.o)
 .rodata        0x000000000080f0e8      0x120 G:/Altera/15.0/Nios/nios2_ucosii_bsp/\libucosii_bsp.a(os_core.o)
                0x000000000080f0e8                OSUnMapTbl
 .rodata        0x000000000080f208       0x18 G:/Altera/15.0/Nios/nios2_ucosii_bsp/\libucosii_bsp.a(alt_sys_init.o)
 .rodata        0x000000000080f220        0x4 G:/Altera/15.0/Nios/nios2_ucosii_bsp/\libucosii_bsp.a(os_cpu_c.o)
 *(.rodata1)
                0x000000000080f224                . = ALIGN (0x4)
                0x000000000080f224                PROVIDE (__ram_rodata_end, ABSOLUTE (.))
                0x000000000080f0a0                PROVIDE (__flash_rodata_start, LOADADDR (.rodata))

.rwdata         0x000000000080f224     0x1bc8
                0x000000000080f224                PROVIDE (__ram_rwdata_start, ABSOLUTE (.))
                0x000000000080f224                . = ALIGN (0x4)
 *(.got.plt)
 *(.got)
 *(.data1)
 *(.data .data.* .gnu.linkonce.d.*)
 .data          0x000000000080f224        0x0 G:/Altera/15.0/Nios/nios2_ucosii_bsp//obj/HAL/src/crt0.o
 .data          0x000000000080f224        0x0 obj/default/hello_ucosii.o
 .data          0x000000000080f224        0x0 g:/altera/15.0/nios2eds/bin/gnu/h-x86_64-mingw32/bin/../lib/gcc/nios2-elf/4.9.1/../../../../../H-x86_64-mingw32/nios2-elf/lib/mno-hw-mul\libc.a(lib_a-puts.o)
 .data          0x000000000080f224        0x0 g:/altera/15.0/nios2eds/bin/gnu/h-x86_64-mingw32/bin/../lib/gcc/nios2-elf/4.9.1/../../../../../H-x86_64-mingw32/nios2-elf/lib/mno-hw-mul\libc.a(lib_a-strlen.o)
 .data          0x000000000080f224        0x0 g:/altera/15.0/nios2eds/bin/gnu/h-x86_64-mingw32/bin/../lib/gcc/nios2-elf/4.9.1/../../../../../H-x86_64-mingw32/nios2-elf/lib/mno-hw-mul\libc.a(lib_a-fvwrite.o)
 .data          0x000000000080f224      0x424 g:/altera/15.0/nios2eds/bin/gnu/h-x86_64-mingw32/bin/../lib/gcc/nios2-elf/4.9.1/../../../../../H-x86_64-mingw32/nios2-elf/lib/mno-hw-mul\libc.a(lib_a-impure.o)
 .data          0x000000000080f648      0x408 g:/altera/15.0/nios2eds/bin/gnu/h-x86_64-mingw32/bin/../lib/gcc/nios2-elf/4.9.1/../../../../../H-x86_64-mingw32/nios2-elf/lib/mno-hw-mul\libc.a(lib_a-mallocr.o)
                0x000000000080f648                __malloc_av_
 .data          0x000000000080fa50        0x0 g:/altera/15.0/nios2eds/bin/gnu/h-x86_64-mingw32/bin/../lib/gcc/nios2-elf/4.9.1/../../../../../H-x86_64-mingw32/nios2-elf/lib/mno-hw-mul\libc.a(lib_a-memchr.o)
 .data          0x000000000080fa50        0x0 g:/altera/15.0/nios2eds/bin/gnu/h-x86_64-mingw32/bin/../lib/gcc/nios2-elf/4.9.1/../../../../../H-x86_64-mingw32/nios2-elf/lib/mno-hw-mul\libc.a(lib_a-memcpy.o)
 .data          0x000000000080fa50        0x0 g:/altera/15.0/nios2eds/bin/gnu/h-x86_64-mingw32/bin/../lib/gcc/nios2-elf/4.9.1/../../../../../H-x86_64-mingw32/nios2-elf/lib/mno-hw-mul\libc.a(lib_a-memmove.o)
 .data          0x000000000080fa50        0x0 g:/altera/15.0/nios2eds/bin/gnu/h-x86_64-mingw32/bin/../lib/gcc/nios2-elf/4.9.1/../../../../../H-x86_64-mingw32/nios2-elf/lib/mno-hw-mul\libc.a(lib_a-reallocr.o)
 .data          0x000000000080fa50        0x0 g:/altera/15.0/nios2eds/bin/gnu/h-x86_64-mingw32/bin/../lib/gcc/nios2-elf/4.9.1/../../../../../H-x86_64-mingw32/nios2-elf/lib/mno-hw-mul\libc.a(lib_a-sbrkr.o)
 .data          0x000000000080fa50        0x0 g:/altera/15.0/nios2eds/bin/gnu/h-x86_64-mingw32/bin/../lib/gcc/nios2-elf/4.9.1/../../../../../H-x86_64-mingw32/nios2-elf/lib/mno-hw-mul\libc.a(lib_a-wsetup.o)
 .data          0x000000000080fa50        0x0 g:/altera/15.0/nios2eds/bin/gnu/h-x86_64-mingw32/bin/../lib/gcc/nios2-elf/4.9.1/../../../../../H-x86_64-mingw32/nios2-elf/lib/mno-hw-mul\libc.a(lib_a-fflush.o)
 .data          0x000000000080fa50        0x0 g:/altera/15.0/nios2eds/bin/gnu/h-x86_64-mingw32/bin/../lib/gcc/nios2-elf/4.9.1/../../../../../H-x86_64-mingw32/nios2-elf/lib/mno-hw-mul\libc.a(lib_a-findfp.o)
 .data          0x000000000080fa50        0x0 g:/altera/15.0/nios2eds/bin/gnu/h-x86_64-mingw32/bin/../lib/gcc/nios2-elf/4.9.1/../../../../../H-x86_64-mingw32/nios2-elf/lib/mno-hw-mul\libc.a(lib_a-freer.o)
 .data          0x000000000080fa50        0x0 g:/altera/15.0/nios2eds/bin/gnu/h-x86_64-mingw32/bin/../lib/gcc/nios2-elf/4.9.1/../../../../../H-x86_64-mingw32/nios2-elf/lib/mno-hw-mul\libc.a(lib_a-fwalk.o)
 .data          0x000000000080fa50        0x0 g:/altera/15.0/nios2eds/bin/gnu/h-x86_64-mingw32/bin/../lib/gcc/nios2-elf/4.9.1/../../../../../H-x86_64-mingw32/nios2-elf/lib/mno-hw-mul\libc.a(lib_a-int_errno.o)
 .data          0x000000000080fa50        0x0 g:/altera/15.0/nios2eds/bin/gnu/h-x86_64-mingw32/bin/../lib/gcc/nios2-elf/4.9.1/../../../../../H-x86_64-mingw32/nios2-elf/lib/mno-hw-mul\libc.a(lib_a-makebuf.o)
 .data          0x000000000080fa50        0x0 g:/altera/15.0/nios2eds/bin/gnu/h-x86_64-mingw32/bin/../lib/gcc/nios2-elf/4.9.1/../../../../../H-x86_64-mingw32/nios2-elf/lib/mno-hw-mul\libc.a(lib_a-memset.o)
 .data          0x000000000080fa50        0x0 g:/altera/15.0/nios2eds/bin/gnu/h-x86_64-mingw32/bin/../lib/gcc/nios2-elf/4.9.1/../../../../../H-x86_64-mingw32/nios2-elf/lib/mno-hw-mul\libc.a(lib_a-stdio.o)
 .data          0x000000000080fa50        0x0 g:/altera/15.0/nios2eds/bin/gnu/h-x86_64-mingw32/bin/../lib/gcc/nios2-elf/4.9.1/../../../../../H-x86_64-mingw32/nios2-elf/lib/mno-hw-mul\libc.a(lib_a-writer.o)
 .data          0x000000000080fa50        0x0 g:/altera/15.0/nios2eds/bin/gnu/h-x86_64-mingw32/bin/../lib/gcc/nios2-elf/4.9.1/../../../../../H-x86_64-mingw32/nios2-elf/lib/mno-hw-mul\libc.a(closer.o)
 .data          0x000000000080fa50        0x0 g:/altera/15.0/nios2eds/bin/gnu/h-x86_64-mingw32/bin/../lib/gcc/nios2-elf/4.9.1/../../../../../H-x86_64-mingw32/nios2-elf/lib/mno-hw-mul\libc.a(lib_a-fclose.o)
 .data          0x000000000080fa50        0x0 g:/altera/15.0/nios2eds/bin/gnu/h-x86_64-mingw32/bin/../lib/gcc/nios2-elf/4.9.1/../../../../../H-x86_64-mingw32/nios2-elf/lib/mno-hw-mul\libc.a(lib_a-fstatr.o)
 .data          0x000000000080fa50        0x0 g:/altera/15.0/nios2eds/bin/gnu/h-x86_64-mingw32/bin/../lib/gcc/nios2-elf/4.9.1/../../../../../H-x86_64-mingw32/nios2-elf/lib/mno-hw-mul\libc.a(lib_a-isattyr.o)
 .data          0x000000000080fa50        0x0 g:/altera/15.0/nios2eds/bin/gnu/h-x86_64-mingw32/bin/../lib/gcc/nios2-elf/4.9.1/../../../../../H-x86_64-mingw32/nios2-elf/lib/mno-hw-mul\libc.a(lib_a-lseekr.o)
 .data          0x000000000080fa50        0x0 g:/altera/15.0/nios2eds/bin/gnu/h-x86_64-mingw32/bin/../lib/gcc/nios2-elf/4.9.1/../../../../../H-x86_64-mingw32/nios2-elf/lib/mno-hw-mul\libc.a(lib_a-readr.o)
 .data          0x000000000080fa50        0x0 g:/altera/15.0/nios2eds/bin/gnu/h-x86_64-mingw32/bin/../lib/gcc/nios2-elf/4.9.1/mno-hw-mul\libgcc.a(lib2-mul.o)
 .data          0x000000000080fa50        0x0 G:/Altera/15.0/Nios/nios2_ucosii_bsp/\libucosii_bsp.a(alt_close.o)
 .data          0x000000000080fa50      0x1a8 G:/Altera/15.0/Nios/nios2_ucosii_bsp/\libucosii_bsp.a(alt_dev.o)
                0x000000000080fa50                alt_dev_null
                0x000000000080fa78                alt_fd_list
 .data          0x000000000080fbf8        0x0 G:/Altera/15.0/Nios/nios2_ucosii_bsp/\libucosii_bsp.a(alt_errno.o)
 .data          0x000000000080fbf8        0x0 G:/Altera/15.0/Nios/nios2_ucosii_bsp/\libucosii_bsp.a(alt_fstat.o)
 .data          0x000000000080fbf8        0x0 G:/Altera/15.0/Nios/nios2_ucosii_bsp/\libucosii_bsp.a(alt_isatty.o)
 .data          0x000000000080fbf8        0x0 G:/Altera/15.0/Nios/nios2_ucosii_bsp/\libucosii_bsp.a(alt_lseek.o)
 .data          0x000000000080fbf8        0x0 G:/Altera/15.0/Nios/nios2_ucosii_bsp/\libucosii_bsp.a(alt_main.o)
 .data          0x000000000080fbf8        0x0 G:/Altera/15.0/Nios/nios2_ucosii_bsp/\libucosii_bsp.a(alt_read.o)
 .data          0x000000000080fbf8        0x0 G:/Altera/15.0/Nios/nios2_ucosii_bsp/\libucosii_bsp.a(alt_release_fd.o)
 .data          0x000000000080fbf8        0x0 G:/Altera/15.0/Nios/nios2_ucosii_bsp/\libucosii_bsp.a(alt_sbrk.o)
 .data          0x000000000080fbf8        0x0 G:/Altera/15.0/Nios/nios2_ucosii_bsp/\libucosii_bsp.a(alt_write.o)
 .data          0x000000000080fbf8        0x0 G:/Altera/15.0/Nios/nios2_ucosii_bsp/\libucosii_bsp.a(alt_env_lock.o)
 .data          0x000000000080fbf8        0x0 G:/Altera/15.0/Nios/nios2_ucosii_bsp/\libucosii_bsp.a(alt_malloc_lock.o)
 .data          0x000000000080fbf8        0x0 G:/Altera/15.0/Nios/nios2_ucosii_bsp/\libucosii_bsp.a(os_core.o)
 .data          0x000000000080fbf8        0x0 G:/Altera/15.0/Nios/nios2_ucosii_bsp/\libucosii_bsp.a(os_dbg.o)
 .data          0x000000000080fbf8        0x0 G:/Altera/15.0/Nios/nios2_ucosii_bsp/\libucosii_bsp.a(os_flag.o)
 .data          0x000000000080fbf8        0x0 G:/Altera/15.0/Nios/nios2_ucosii_bsp/\libucosii_bsp.a(os_mem.o)
 .data          0x000000000080fbf8        0x0 G:/Altera/15.0/Nios/nios2_ucosii_bsp/\libucosii_bsp.a(os_q.o)
 .data          0x000000000080fbf8        0x0 G:/Altera/15.0/Nios/nios2_ucosii_bsp/\libucosii_bsp.a(os_sem.o)
 .data          0x000000000080fbf8        0x0 G:/Altera/15.0/Nios/nios2_ucosii_bsp/\libucosii_bsp.a(os_task.o)
 .data          0x000000000080fbf8        0x0 G:/Altera/15.0/Nios/nios2_ucosii_bsp/\libucosii_bsp.a(os_time.o)
 .data          0x000000000080fbf8     0x1138 G:/Altera/15.0/Nios/nios2_ucosii_bsp/\libucosii_bsp.a(alt_sys_init.o)
 .data          0x0000000000810d30        0x0 G:/Altera/15.0/Nios/nios2_ucosii_bsp/\libucosii_bsp.a(altera_avalon_epcs_flash_controller.o)
 .data          0x0000000000810d30        0x0 G:/Altera/15.0/Nios/nios2_ucosii_bsp/\libucosii_bsp.a(altera_avalon_jtag_uart_fd.o)
 .data          0x0000000000810d30        0x0 G:/Altera/15.0/Nios/nios2_ucosii_bsp/\libucosii_bsp.a(altera_avalon_jtag_uart_init.o)
 .data          0x0000000000810d30        0x0 G:/Altera/15.0/Nios/nios2_ucosii_bsp/\libucosii_bsp.a(altera_avalon_jtag_uart_ioctl.o)
 .data          0x0000000000810d30        0x0 G:/Altera/15.0/Nios/nios2_ucosii_bsp/\libucosii_bsp.a(altera_avalon_jtag_uart_read.o)
 .data          0x0000000000810d30        0x0 G:/Altera/15.0/Nios/nios2_ucosii_bsp/\libucosii_bsp.a(altera_avalon_jtag_uart_write.o)
 .data          0x0000000000810d30        0x0 G:/Altera/15.0/Nios/nios2_ucosii_bsp/\libucosii_bsp.a(altera_avalon_timer_sc.o)
 .data          0x0000000000810d30        0x0 G:/Altera/15.0/Nios/nios2_ucosii_bsp/\libucosii_bsp.a(epcs_commands.o)
 .data          0x0000000000810d30        0x0 G:/Altera/15.0/Nios/nios2_ucosii_bsp/\libucosii_bsp.a(alt_alarm_start.o)
 .data          0x0000000000810d30        0x0 G:/Altera/15.0/Nios/nios2_ucosii_bsp/\libucosii_bsp.a(alt_dev_llist_insert.o)
 .data          0x0000000000810d30        0x0 G:/Altera/15.0/Nios/nios2_ucosii_bsp/\libucosii_bsp.a(alt_do_ctors.o)
 .data          0x0000000000810d30        0x0 G:/Altera/15.0/Nios/nios2_ucosii_bsp/\libucosii_bsp.a(alt_do_dtors.o)
 .data          0x0000000000810d30        0x0 G:/Altera/15.0/Nios/nios2_ucosii_bsp/\libucosii_bsp.a(alt_flash_dev.o)
 .data          0x0000000000810d30        0x0 G:/Altera/15.0/Nios/nios2_ucosii_bsp/\libucosii_bsp.a(alt_iic.o)
 .data          0x0000000000810d30        0x0 G:/Altera/15.0/Nios/nios2_ucosii_bsp/\libucosii_bsp.a(alt_iic_isr_register.o)
 .data          0x0000000000810d30        0x0 G:/Altera/15.0/Nios/nios2_ucosii_bsp/\libucosii_bsp.a(alt_io_redirect.o)
 .data          0x0000000000810d30        0x0 G:/Altera/15.0/Nios/nios2_ucosii_bsp/\libucosii_bsp.a(alt_irq_entry.o)
 .data          0x0000000000810d30        0x0 G:/Altera/15.0/Nios/nios2_ucosii_bsp/\libucosii_bsp.a(alt_irq_handler.o)
 .data          0x0000000000810d30        0x0 G:/Altera/15.0/Nios/nios2_ucosii_bsp/\libucosii_bsp.a(alt_irq_vars.o)
 .data          0x0000000000810d30        0x0 G:/Altera/15.0/Nios/nios2_ucosii_bsp/\libucosii_bsp.a(alt_open.o)
 .data          0x0000000000810d30        0x0 G:/Altera/15.0/Nios/nios2_ucosii_bsp/\libucosii_bsp.a(alt_tick.o)
 .data          0x0000000000810d30        0x0 G:/Altera/15.0/Nios/nios2_ucosii_bsp/\libucosii_bsp.a(altera_nios2_qsys_irq.o)
 .data          0x0000000000810d30        0x0 G:/Altera/15.0/Nios/nios2_ucosii_bsp/\libucosii_bsp.a(os_cpu_a.o)
 .data          0x0000000000810d30        0x0 G:/Altera/15.0/Nios/nios2_ucosii_bsp/\libucosii_bsp.a(os_cpu_c.o)
 .data          0x0000000000810d30        0x0 G:/Altera/15.0/Nios/nios2_ucosii_bsp/\libucosii_bsp.a(altera_avalon_spi.o)
 .data          0x0000000000810d30        0x0 G:/Altera/15.0/Nios/nios2_ucosii_bsp/\libucosii_bsp.a(alt_exception_entry.o)
 .data          0x0000000000810d30        0x0 G:/Altera/15.0/Nios/nios2_ucosii_bsp/\libucosii_bsp.a(alt_find_dev.o)
 .data          0x0000000000810d30        0x0 G:/Altera/15.0/Nios/nios2_ucosii_bsp/\libucosii_bsp.a(alt_find_file.o)
 .data          0x0000000000810d30        0x0 G:/Altera/15.0/Nios/nios2_ucosii_bsp/\libucosii_bsp.a(alt_get_fd.o)
 .data          0x0000000000810d30        0x0 g:/altera/15.0/nios2eds/bin/gnu/h-x86_64-mingw32/bin/../lib/gcc/nios2-elf/4.9.1/../../../../../H-x86_64-mingw32/nios2-elf/lib/mno-hw-mul\libc.a(lib_a-atexit.o)
 .data          0x0000000000810d30        0x0 g:/altera/15.0/nios2eds/bin/gnu/h-x86_64-mingw32/bin/../lib/gcc/nios2-elf/4.9.1/../../../../../H-x86_64-mingw32/nios2-elf/lib/mno-hw-mul\libc.a(lib_a-exit.o)
 .data          0x0000000000810d30        0x0 g:/altera/15.0/nios2eds/bin/gnu/h-x86_64-mingw32/bin/../lib/gcc/nios2-elf/4.9.1/../../../../../H-x86_64-mingw32/nios2-elf/lib/mno-hw-mul\libc.a(lib_a-memcmp.o)
 .data          0x0000000000810d30        0x0 g:/altera/15.0/nios2eds/bin/gnu/h-x86_64-mingw32/bin/../lib/gcc/nios2-elf/4.9.1/../../../../../H-x86_64-mingw32/nios2-elf/lib/mno-hw-mul\libc.a(lib_a-__atexit.o)
 .data          0x0000000000810d30        0x0 g:/altera/15.0/nios2eds/bin/gnu/h-x86_64-mingw32/bin/../lib/gcc/nios2-elf/4.9.1/../../../../../H-x86_64-mingw32/nios2-elf/lib/mno-hw-mul\libc.a(lib_a-__call_atexit.o)
 .data          0x0000000000810d30        0x0 g:/altera/15.0/nios2eds/bin/gnu/h-x86_64-mingw32/bin/../lib/gcc/nios2-elf/4.9.1/mno-hw-mul\libgcc.a(lib2-divmod.o)
 .data          0x0000000000810d30        0x0 G:/Altera/15.0/Nios/nios2_ucosii_bsp/\libucosii_bsp.a(alt_exit.o)
                0x0000000000818d30                _gp = ABSOLUTE ((. + 0x8000))
                0x0000000000818d30                PROVIDE (gp, _gp)
 *(.rwdata .rwdata.*)
 *(.sdata .sdata.* .gnu.linkonce.s.*)
 .sdata         0x0000000000810d30        0x8 g:/altera/15.0/nios2eds/bin/gnu/h-x86_64-mingw32/bin/../lib/gcc/nios2-elf/4.9.1/../../../../../H-x86_64-mingw32/nios2-elf/lib/mno-hw-mul\libc.a(lib_a-impure.o)
                0x0000000000810d30                _global_impure_ptr
                0x0000000000810d34                _impure_ptr
 .sdata         0x0000000000810d38        0x8 g:/altera/15.0/nios2eds/bin/gnu/h-x86_64-mingw32/bin/../lib/gcc/nios2-elf/4.9.1/../../../../../H-x86_64-mingw32/nios2-elf/lib/mno-hw-mul\libc.a(lib_a-mallocr.o)
                0x0000000000810d38                __malloc_sbrk_base
                0x0000000000810d3c                __malloc_trim_threshold
 .sdata         0x0000000000810d40       0x14 G:/Altera/15.0/Nios/nios2_ucosii_bsp/\libucosii_bsp.a(alt_dev.o)
                0x0000000000810d40                alt_fs_list
                0x0000000000810d48                alt_dev_list
                0x0000000000810d50                alt_max_fd
 .sdata         0x0000000000810d54        0x4 G:/Altera/15.0/Nios/nios2_ucosii_bsp/\libucosii_bsp.a(alt_errno.o)
                0x0000000000810d54                alt_errno
 .sdata         0x0000000000810d58        0x4 G:/Altera/15.0/Nios/nios2_ucosii_bsp/\libucosii_bsp.a(alt_sbrk.o)
 .sdata         0x0000000000810d5c        0x4 G:/Altera/15.0/Nios/nios2_ucosii_bsp/\libucosii_bsp.a(alt_env_lock.o)
 .sdata         0x0000000000810d60        0x4 G:/Altera/15.0/Nios/nios2_ucosii_bsp/\libucosii_bsp.a(alt_malloc_lock.o)
 .sdata         0x0000000000810d64       0x74 G:/Altera/15.0/Nios/nios2_ucosii_bsp/\libucosii_bsp.a(os_dbg.o)
                0x0000000000810d64                OSDebugEn
                0x0000000000810d68                OSEndiannessTest
                0x0000000000810d6c                OSEventEn
                0x0000000000810d6e                OSEventMax
                0x0000000000810d70                OSEventNameSize
                0x0000000000810d72                OSEventSize
                0x0000000000810d74                OSEventTblSize
                0x0000000000810d76                OSEventMultiEn
                0x0000000000810d78                OSFlagEn
                0x0000000000810d7a                OSFlagGrpSize
                0x0000000000810d7c                OSFlagNodeSize
                0x0000000000810d7e                OSFlagWidth
                0x0000000000810d80                OSFlagMax
                0x0000000000810d82                OSFlagNameSize
                0x0000000000810d84                OSLowestPrio
                0x0000000000810d86                OSMboxEn
                0x0000000000810d88                OSMemEn
                0x0000000000810d8a                OSMemMax
                0x0000000000810d8c                OSMemNameSize
                0x0000000000810d8e                OSMemSize
                0x0000000000810d90                OSMemTblSize
                0x0000000000810d92                OSMutexEn
                0x0000000000810d94                OSPtrSize
                0x0000000000810d96                OSQEn
                0x0000000000810d98                OSQMax
                0x0000000000810d9a                OSQSize
                0x0000000000810d9c                OSRdyTblSize
                0x0000000000810d9e                OSSemEn
                0x0000000000810da0                OSStkWidth
                0x0000000000810da2                OSTaskCreateEn
                0x0000000000810da4                OSTaskCreateExtEn
                0x0000000000810da6                OSTaskDelEn
                0x0000000000810da8                OSTaskIdleStkSize
                0x0000000000810daa                OSTaskProfileEn
                0x0000000000810dac                OSTaskMax
                0x0000000000810dae                OSTaskNameSize
                0x0000000000810db0                OSTaskStatEn
                0x0000000000810db2                OSTaskStatStkSize
                0x0000000000810db4                OSTaskStatStkChkEn
                0x0000000000810db6                OSTaskSwHookEn
                0x0000000000810db8                OSTCBPrioTblMax
                0x0000000000810dba                OSTCBSize
                0x0000000000810dbc                OSTicksPerSec
                0x0000000000810dbe                OSTimeTickHookEn
                0x0000000000810dc0                OSVersionNbr
                0x0000000000810dc2                OSTmrEn
                0x0000000000810dc4                OSTmrCfgMax
                0x0000000000810dc6                OSTmrCfgNameSize
                0x0000000000810dc8                OSTmrCfgWheelSize
                0x0000000000810dca                OSTmrCfgTicksPerSec
                0x0000000000810dcc                OSTmrSize
                0x0000000000810dce                OSTmrTblSize
                0x0000000000810dd0                OSTmrWheelSize
                0x0000000000810dd2                OSTmrWheelTblSize
                0x0000000000810dd4                OSDataSize
 .sdata         0x0000000000810dd8        0x8 G:/Altera/15.0/Nios/nios2_ucosii_bsp/\libucosii_bsp.a(alt_flash_dev.o)
                0x0000000000810dd8                alt_flash_dev_list
 .sdata         0x0000000000810de0        0x4 G:/Altera/15.0/Nios/nios2_ucosii_bsp/\libucosii_bsp.a(alt_irq_vars.o)
                0x0000000000810de0                alt_priority_mask
 .sdata         0x0000000000810de4        0x8 G:/Altera/15.0/Nios/nios2_ucosii_bsp/\libucosii_bsp.a(alt_tick.o)
                0x0000000000810de4                alt_alarm_list
 *(.sdata2 .sdata2.* .gnu.linkonce.s2.*)
                0x0000000000810dec                . = ALIGN (0x4)
                0x0000000000810dec                _edata = ABSOLUTE (.)
                0x0000000000810dec                PROVIDE (edata, ABSOLUTE (.))
                0x0000000000810dec                PROVIDE (__ram_rwdata_end, ABSOLUTE (.))
                0x000000000080f224                PROVIDE (__flash_rwdata_start, LOADADDR (.rwdata))

.bss            0x0000000000810dec     0x73d8
                0x0000000000810dec                __bss_start = ABSOLUTE (.)
                0x0000000000810dec                PROVIDE (__sbss_start, ABSOLUTE (.))
                0x0000000000810dec                PROVIDE (___sbss_start, ABSOLUTE (.))
 *(.dynsbss)
 *(.sbss .sbss.* .gnu.linkonce.sb.*)
 .sbss          0x0000000000810dec        0xc g:/altera/15.0/nios2eds/bin/gnu/h-x86_64-mingw32/bin/../lib/gcc/nios2-elf/4.9.1/../../../../../H-x86_64-mingw32/nios2-elf/lib/mno-hw-mul\libc.a(lib_a-mallocr.o)
                0x0000000000810dec                __malloc_max_total_mem
                0x0000000000810df0                __malloc_max_sbrked_mem
                0x0000000000810df4                __malloc_top_pad
 .sbss          0x0000000000810df8        0x4 g:/altera/15.0/nios2eds/bin/gnu/h-x86_64-mingw32/bin/../lib/gcc/nios2-elf/4.9.1/../../../../../H-x86_64-mingw32/nios2-elf/lib/mno-hw-mul\libc.a(lib_a-int_errno.o)
                0x0000000000810df8                errno
 .sbss          0x0000000000810dfc        0x4 G:/Altera/15.0/Nios/nios2_ucosii_bsp/\libucosii_bsp.a(alt_dev.o)
                0x0000000000810dfc                alt_fd_list_lock
 .sbss          0x0000000000810e00        0xc G:/Altera/15.0/Nios/nios2_ucosii_bsp/\libucosii_bsp.a(alt_main.o)
                0x0000000000810e00                alt_argc
                0x0000000000810e04                alt_argv
                0x0000000000810e08                alt_envp
 .sbss          0x0000000000810e0c        0x8 G:/Altera/15.0/Nios/nios2_ucosii_bsp/\libucosii_bsp.a(alt_env_lock.o)
                0x0000000000810e10                alt_envsem
 .sbss          0x0000000000810e14        0x8 G:/Altera/15.0/Nios/nios2_ucosii_bsp/\libucosii_bsp.a(alt_malloc_lock.o)
                0x0000000000810e18                alt_heapsem
 .sbss          0x0000000000810e1c       0x50 G:/Altera/15.0/Nios/nios2_ucosii_bsp/\libucosii_bsp.a(os_core.o)
                0x0000000000810e1c                OSLockNesting
                0x0000000000810e1d                OSRunning
                0x0000000000810e20                OSIdleCtr
                0x0000000000810e24                OSPrioHighRdy
                0x0000000000810e25                OSPrioCur
                0x0000000000810e28                OSTCBList
                0x0000000000810e2c                OSTickStepState
                0x0000000000810e30                OSCtxSwCtr
                0x0000000000810e34                OSIdleCtrMax
                0x0000000000810e38                OSTCBFreeList
                0x0000000000810e3c                OSCPUUsage
                0x0000000000810e3d                OSTaskCtr
                0x0000000000810e40                OSMemFreeList
                0x0000000000810e44                OSTCBHighRdy
                0x0000000000810e48                OSQFreeList
                0x0000000000810e4c                OSRdyGrp
                0x0000000000810e4d                OSRdyTbl
                0x0000000000810e50                OSEventFreeList
                0x0000000000810e54                OSIntNesting
                0x0000000000810e58                OSTCBCur
                0x0000000000810e5c                OSTime
                0x0000000000810e60                OSFlagFreeList
                0x0000000000810e64                OSStatRdy
                0x0000000000810e68                OSIdleCtrRun
 .sbss          0x0000000000810e6c        0x4 G:/Altera/15.0/Nios/nios2_ucosii_bsp/\libucosii_bsp.a(alt_irq_vars.o)
                0x0000000000810e6c                alt_irq_active
 .sbss          0x0000000000810e70        0x8 G:/Altera/15.0/Nios/nios2_ucosii_bsp/\libucosii_bsp.a(alt_tick.o)
                0x0000000000810e70                _alt_tick_rate
                0x0000000000810e74                _alt_nticks
 *(.sbss2 .sbss2.* .gnu.linkonce.sb2.*)
 *(.scommon)
                0x0000000000810e78                PROVIDE (__sbss_end, ABSOLUTE (.))
                0x0000000000810e78                PROVIDE (___sbss_end, ABSOLUTE (.))
 *(.dynbss)
 *(.bss .bss.* .gnu.linkonce.b.*)
 .bss           0x0000000000810e78        0x0 G:/Altera/15.0/Nios/nios2_ucosii_bsp//obj/HAL/src/crt0.o
 .bss           0x0000000000810e78        0x0 obj/default/hello_ucosii.o
 .bss           0x0000000000810e78        0x0 g:/altera/15.0/nios2eds/bin/gnu/h-x86_64-mingw32/bin/../lib/gcc/nios2-elf/4.9.1/../../../../../H-x86_64-mingw32/nios2-elf/lib/mno-hw-mul\libc.a(lib_a-puts.o)
 .bss           0x0000000000810e78        0x0 g:/altera/15.0/nios2eds/bin/gnu/h-x86_64-mingw32/bin/../lib/gcc/nios2-elf/4.9.1/../../../../../H-x86_64-mingw32/nios2-elf/lib/mno-hw-mul\libc.a(lib_a-strlen.o)
 .bss           0x0000000000810e78        0x0 g:/altera/15.0/nios2eds/bin/gnu/h-x86_64-mingw32/bin/../lib/gcc/nios2-elf/4.9.1/../../../../../H-x86_64-mingw32/nios2-elf/lib/mno-hw-mul\libc.a(lib_a-fvwrite.o)
 .bss           0x0000000000810e78        0x0 g:/altera/15.0/nios2eds/bin/gnu/h-x86_64-mingw32/bin/../lib/gcc/nios2-elf/4.9.1/../../../../../H-x86_64-mingw32/nios2-elf/lib/mno-hw-mul\libc.a(lib_a-impure.o)
 .bss           0x0000000000810e78       0x28 g:/altera/15.0/nios2eds/bin/gnu/h-x86_64-mingw32/bin/../lib/gcc/nios2-elf/4.9.1/../../../../../H-x86_64-mingw32/nios2-elf/lib/mno-hw-mul\libc.a(lib_a-mallocr.o)
                0x0000000000810e78                __malloc_current_mallinfo
 .bss           0x0000000000810ea0        0x0 g:/altera/15.0/nios2eds/bin/gnu/h-x86_64-mingw32/bin/../lib/gcc/nios2-elf/4.9.1/../../../../../H-x86_64-mingw32/nios2-elf/lib/mno-hw-mul\libc.a(lib_a-memchr.o)
 .bss           0x0000000000810ea0        0x0 g:/altera/15.0/nios2eds/bin/gnu/h-x86_64-mingw32/bin/../lib/gcc/nios2-elf/4.9.1/../../../../../H-x86_64-mingw32/nios2-elf/lib/mno-hw-mul\libc.a(lib_a-memcpy.o)
 .bss           0x0000000000810ea0        0x0 g:/altera/15.0/nios2eds/bin/gnu/h-x86_64-mingw32/bin/../lib/gcc/nios2-elf/4.9.1/../../../../../H-x86_64-mingw32/nios2-elf/lib/mno-hw-mul\libc.a(lib_a-memmove.o)
 .bss           0x0000000000810ea0        0x0 g:/altera/15.0/nios2eds/bin/gnu/h-x86_64-mingw32/bin/../lib/gcc/nios2-elf/4.9.1/../../../../../H-x86_64-mingw32/nios2-elf/lib/mno-hw-mul\libc.a(lib_a-reallocr.o)
 .bss           0x0000000000810ea0        0x0 g:/altera/15.0/nios2eds/bin/gnu/h-x86_64-mingw32/bin/../lib/gcc/nios2-elf/4.9.1/../../../../../H-x86_64-mingw32/nios2-elf/lib/mno-hw-mul\libc.a(lib_a-sbrkr.o)
 .bss           0x0000000000810ea0        0x0 g:/altera/15.0/nios2eds/bin/gnu/h-x86_64-mingw32/bin/../lib/gcc/nios2-elf/4.9.1/../../../../../H-x86_64-mingw32/nios2-elf/lib/mno-hw-mul\libc.a(lib_a-wsetup.o)
 .bss           0x0000000000810ea0        0x0 g:/altera/15.0/nios2eds/bin/gnu/h-x86_64-mingw32/bin/../lib/gcc/nios2-elf/4.9.1/../../../../../H-x86_64-mingw32/nios2-elf/lib/mno-hw-mul\libc.a(lib_a-fflush.o)
 .bss           0x0000000000810ea0        0x0 g:/altera/15.0/nios2eds/bin/gnu/h-x86_64-mingw32/bin/../lib/gcc/nios2-elf/4.9.1/../../../../../H-x86_64-mingw32/nios2-elf/lib/mno-hw-mul\libc.a(lib_a-findfp.o)
 .bss           0x0000000000810ea0        0x0 g:/altera/15.0/nios2eds/bin/gnu/h-x86_64-mingw32/bin/../lib/gcc/nios2-elf/4.9.1/../../../../../H-x86_64-mingw32/nios2-elf/lib/mno-hw-mul\libc.a(lib_a-freer.o)
 .bss           0x0000000000810ea0        0x0 g:/altera/15.0/nios2eds/bin/gnu/h-x86_64-mingw32/bin/../lib/gcc/nios2-elf/4.9.1/../../../../../H-x86_64-mingw32/nios2-elf/lib/mno-hw-mul\libc.a(lib_a-fwalk.o)
 .bss           0x0000000000810ea0        0x0 g:/altera/15.0/nios2eds/bin/gnu/h-x86_64-mingw32/bin/../lib/gcc/nios2-elf/4.9.1/../../../../../H-x86_64-mingw32/nios2-elf/lib/mno-hw-mul\libc.a(lib_a-int_errno.o)
 .bss           0x0000000000810ea0        0x0 g:/altera/15.0/nios2eds/bin/gnu/h-x86_64-mingw32/bin/../lib/gcc/nios2-elf/4.9.1/../../../../../H-x86_64-mingw32/nios2-elf/lib/mno-hw-mul\libc.a(lib_a-makebuf.o)
 .bss           0x0000000000810ea0        0x0 g:/altera/15.0/nios2eds/bin/gnu/h-x86_64-mingw32/bin/../lib/gcc/nios2-elf/4.9.1/../../../../../H-x86_64-mingw32/nios2-elf/lib/mno-hw-mul\libc.a(lib_a-memset.o)
 .bss           0x0000000000810ea0        0x0 g:/altera/15.0/nios2eds/bin/gnu/h-x86_64-mingw32/bin/../lib/gcc/nios2-elf/4.9.1/../../../../../H-x86_64-mingw32/nios2-elf/lib/mno-hw-mul\libc.a(lib_a-stdio.o)
 .bss           0x0000000000810ea0        0x0 g:/altera/15.0/nios2eds/bin/gnu/h-x86_64-mingw32/bin/../lib/gcc/nios2-elf/4.9.1/../../../../../H-x86_64-mingw32/nios2-elf/lib/mno-hw-mul\libc.a(lib_a-writer.o)
 .bss           0x0000000000810ea0        0x0 g:/altera/15.0/nios2eds/bin/gnu/h-x86_64-mingw32/bin/../lib/gcc/nios2-elf/4.9.1/../../../../../H-x86_64-mingw32/nios2-elf/lib/mno-hw-mul\libc.a(closer.o)
 .bss           0x0000000000810ea0        0x0 g:/altera/15.0/nios2eds/bin/gnu/h-x86_64-mingw32/bin/../lib/gcc/nios2-elf/4.9.1/../../../../../H-x86_64-mingw32/nios2-elf/lib/mno-hw-mul\libc.a(lib_a-fclose.o)
 .bss           0x0000000000810ea0        0x0 g:/altera/15.0/nios2eds/bin/gnu/h-x86_64-mingw32/bin/../lib/gcc/nios2-elf/4.9.1/../../../../../H-x86_64-mingw32/nios2-elf/lib/mno-hw-mul\libc.a(lib_a-fstatr.o)
 .bss           0x0000000000810ea0        0x0 g:/altera/15.0/nios2eds/bin/gnu/h-x86_64-mingw32/bin/../lib/gcc/nios2-elf/4.9.1/../../../../../H-x86_64-mingw32/nios2-elf/lib/mno-hw-mul\libc.a(lib_a-isattyr.o)
 .bss           0x0000000000810ea0        0x0 g:/altera/15.0/nios2eds/bin/gnu/h-x86_64-mingw32/bin/../lib/gcc/nios2-elf/4.9.1/../../../../../H-x86_64-mingw32/nios2-elf/lib/mno-hw-mul\libc.a(lib_a-lseekr.o)
 .bss           0x0000000000810ea0        0x0 g:/altera/15.0/nios2eds/bin/gnu/h-x86_64-mingw32/bin/../lib/gcc/nios2-elf/4.9.1/../../../../../H-x86_64-mingw32/nios2-elf/lib/mno-hw-mul\libc.a(lib_a-readr.o)
 .bss           0x0000000000810ea0        0x0 g:/altera/15.0/nios2eds/bin/gnu/h-x86_64-mingw32/bin/../lib/gcc/nios2-elf/4.9.1/mno-hw-mul\libgcc.a(lib2-mul.o)
 .bss           0x0000000000810ea0        0x0 G:/Altera/15.0/Nios/nios2_ucosii_bsp/\libucosii_bsp.a(alt_close.o)
 .bss           0x0000000000810ea0        0x0 G:/Altera/15.0/Nios/nios2_ucosii_bsp/\libucosii_bsp.a(alt_dev.o)
 .bss           0x0000000000810ea0        0x0 G:/Altera/15.0/Nios/nios2_ucosii_bsp/\libucosii_bsp.a(alt_errno.o)
 .bss           0x0000000000810ea0        0x0 G:/Altera/15.0/Nios/nios2_ucosii_bsp/\libucosii_bsp.a(alt_fstat.o)
 .bss           0x0000000000810ea0        0x0 G:/Altera/15.0/Nios/nios2_ucosii_bsp/\libucosii_bsp.a(alt_isatty.o)
 .bss           0x0000000000810ea0        0x0 G:/Altera/15.0/Nios/nios2_ucosii_bsp/\libucosii_bsp.a(alt_lseek.o)
 .bss           0x0000000000810ea0        0x0 G:/Altera/15.0/Nios/nios2_ucosii_bsp/\libucosii_bsp.a(alt_main.o)
 .bss           0x0000000000810ea0        0x0 G:/Altera/15.0/Nios/nios2_ucosii_bsp/\libucosii_bsp.a(alt_read.o)
 .bss           0x0000000000810ea0        0x0 G:/Altera/15.0/Nios/nios2_ucosii_bsp/\libucosii_bsp.a(alt_release_fd.o)
 .bss           0x0000000000810ea0        0x0 G:/Altera/15.0/Nios/nios2_ucosii_bsp/\libucosii_bsp.a(alt_sbrk.o)
 .bss           0x0000000000810ea0        0x0 G:/Altera/15.0/Nios/nios2_ucosii_bsp/\libucosii_bsp.a(alt_write.o)
 .bss           0x0000000000810ea0        0x0 G:/Altera/15.0/Nios/nios2_ucosii_bsp/\libucosii_bsp.a(alt_env_lock.o)
 .bss           0x0000000000810ea0        0x0 G:/Altera/15.0/Nios/nios2_ucosii_bsp/\libucosii_bsp.a(alt_malloc_lock.o)
 .bss           0x0000000000810ea0        0x0 G:/Altera/15.0/Nios/nios2_ucosii_bsp/\libucosii_bsp.a(os_core.o)
 .bss           0x0000000000810ea0        0x0 G:/Altera/15.0/Nios/nios2_ucosii_bsp/\libucosii_bsp.a(os_dbg.o)
 .bss           0x0000000000810ea0        0x0 G:/Altera/15.0/Nios/nios2_ucosii_bsp/\libucosii_bsp.a(os_flag.o)
 .bss           0x0000000000810ea0        0x0 G:/Altera/15.0/Nios/nios2_ucosii_bsp/\libucosii_bsp.a(os_mem.o)
 .bss           0x0000000000810ea0        0x0 G:/Altera/15.0/Nios/nios2_ucosii_bsp/\libucosii_bsp.a(os_q.o)
 .bss           0x0000000000810ea0        0x0 G:/Altera/15.0/Nios/nios2_ucosii_bsp/\libucosii_bsp.a(os_sem.o)
 .bss           0x0000000000810ea0        0x0 G:/Altera/15.0/Nios/nios2_ucosii_bsp/\libucosii_bsp.a(os_task.o)
 .bss           0x0000000000810ea0        0x0 G:/Altera/15.0/Nios/nios2_ucosii_bsp/\libucosii_bsp.a(os_time.o)
 .bss           0x0000000000810ea0        0x0 G:/Altera/15.0/Nios/nios2_ucosii_bsp/\libucosii_bsp.a(alt_sys_init.o)
 .bss           0x0000000000810ea0        0x0 G:/Altera/15.0/Nios/nios2_ucosii_bsp/\libucosii_bsp.a(altera_avalon_epcs_flash_controller.o)
 .bss           0x0000000000810ea0        0x0 G:/Altera/15.0/Nios/nios2_ucosii_bsp/\libucosii_bsp.a(altera_avalon_jtag_uart_fd.o)
 .bss           0x0000000000810ea0        0x0 G:/Altera/15.0/Nios/nios2_ucosii_bsp/\libucosii_bsp.a(altera_avalon_jtag_uart_init.o)
 .bss           0x0000000000810ea0        0x0 G:/Altera/15.0/Nios/nios2_ucosii_bsp/\libucosii_bsp.a(altera_avalon_jtag_uart_ioctl.o)
 .bss           0x0000000000810ea0        0x0 G:/Altera/15.0/Nios/nios2_ucosii_bsp/\libucosii_bsp.a(altera_avalon_jtag_uart_read.o)
 .bss           0x0000000000810ea0        0x0 G:/Altera/15.0/Nios/nios2_ucosii_bsp/\libucosii_bsp.a(altera_avalon_jtag_uart_write.o)
 .bss           0x0000000000810ea0        0x0 G:/Altera/15.0/Nios/nios2_ucosii_bsp/\libucosii_bsp.a(altera_avalon_timer_sc.o)
 .bss           0x0000000000810ea0        0x0 G:/Altera/15.0/Nios/nios2_ucosii_bsp/\libucosii_bsp.a(epcs_commands.o)
 .bss           0x0000000000810ea0        0x0 G:/Altera/15.0/Nios/nios2_ucosii_bsp/\libucosii_bsp.a(alt_alarm_start.o)
 .bss           0x0000000000810ea0        0x0 G:/Altera/15.0/Nios/nios2_ucosii_bsp/\libucosii_bsp.a(alt_dev_llist_insert.o)
 .bss           0x0000000000810ea0        0x0 G:/Altera/15.0/Nios/nios2_ucosii_bsp/\libucosii_bsp.a(alt_do_ctors.o)
 .bss           0x0000000000810ea0        0x0 G:/Altera/15.0/Nios/nios2_ucosii_bsp/\libucosii_bsp.a(alt_do_dtors.o)
 .bss           0x0000000000810ea0        0x0 G:/Altera/15.0/Nios/nios2_ucosii_bsp/\libucosii_bsp.a(alt_flash_dev.o)
 .bss           0x0000000000810ea0        0x0 G:/Altera/15.0/Nios/nios2_ucosii_bsp/\libucosii_bsp.a(alt_iic.o)
 .bss           0x0000000000810ea0        0x0 G:/Altera/15.0/Nios/nios2_ucosii_bsp/\libucosii_bsp.a(alt_iic_isr_register.o)
 .bss           0x0000000000810ea0        0x0 G:/Altera/15.0/Nios/nios2_ucosii_bsp/\libucosii_bsp.a(alt_io_redirect.o)
 .bss           0x0000000000810ea0        0x0 G:/Altera/15.0/Nios/nios2_ucosii_bsp/\libucosii_bsp.a(alt_irq_entry.o)
 .bss           0x0000000000810ea0        0x0 G:/Altera/15.0/Nios/nios2_ucosii_bsp/\libucosii_bsp.a(alt_irq_handler.o)
 .bss           0x0000000000810ea0        0x0 G:/Altera/15.0/Nios/nios2_ucosii_bsp/\libucosii_bsp.a(alt_irq_vars.o)
 .bss           0x0000000000810ea0        0x0 G:/Altera/15.0/Nios/nios2_ucosii_bsp/\libucosii_bsp.a(alt_open.o)
 .bss           0x0000000000810ea0        0x0 G:/Altera/15.0/Nios/nios2_ucosii_bsp/\libucosii_bsp.a(alt_tick.o)
 .bss           0x0000000000810ea0        0x0 G:/Altera/15.0/Nios/nios2_ucosii_bsp/\libucosii_bsp.a(altera_nios2_qsys_irq.o)
 .bss           0x0000000000810ea0        0x0 G:/Altera/15.0/Nios/nios2_ucosii_bsp/\libucosii_bsp.a(os_cpu_a.o)
 .bss           0x0000000000810ea0        0x0 G:/Altera/15.0/Nios/nios2_ucosii_bsp/\libucosii_bsp.a(os_cpu_c.o)
 .bss           0x0000000000810ea0        0x0 G:/Altera/15.0/Nios/nios2_ucosii_bsp/\libucosii_bsp.a(altera_avalon_spi.o)
 .bss           0x0000000000810ea0        0x0 G:/Altera/15.0/Nios/nios2_ucosii_bsp/\libucosii_bsp.a(alt_exception_entry.o)
 .bss           0x0000000000810ea0        0x0 G:/Altera/15.0/Nios/nios2_ucosii_bsp/\libucosii_bsp.a(alt_find_dev.o)
 .bss           0x0000000000810ea0        0x0 G:/Altera/15.0/Nios/nios2_ucosii_bsp/\libucosii_bsp.a(alt_find_file.o)
 .bss           0x0000000000810ea0        0x0 G:/Altera/15.0/Nios/nios2_ucosii_bsp/\libucosii_bsp.a(alt_get_fd.o)
 .bss           0x0000000000810ea0        0x0 g:/altera/15.0/nios2eds/bin/gnu/h-x86_64-mingw32/bin/../lib/gcc/nios2-elf/4.9.1/../../../../../H-x86_64-mingw32/nios2-elf/lib/mno-hw-mul\libc.a(lib_a-atexit.o)
 .bss           0x0000000000810ea0        0x0 g:/altera/15.0/nios2eds/bin/gnu/h-x86_64-mingw32/bin/../lib/gcc/nios2-elf/4.9.1/../../../../../H-x86_64-mingw32/nios2-elf/lib/mno-hw-mul\libc.a(lib_a-exit.o)
 .bss           0x0000000000810ea0        0x0 g:/altera/15.0/nios2eds/bin/gnu/h-x86_64-mingw32/bin/../lib/gcc/nios2-elf/4.9.1/../../../../../H-x86_64-mingw32/nios2-elf/lib/mno-hw-mul\libc.a(lib_a-memcmp.o)
 .bss           0x0000000000810ea0        0x0 g:/altera/15.0/nios2eds/bin/gnu/h-x86_64-mingw32/bin/../lib/gcc/nios2-elf/4.9.1/../../../../../H-x86_64-mingw32/nios2-elf/lib/mno-hw-mul\libc.a(lib_a-__atexit.o)
 .bss           0x0000000000810ea0        0x0 g:/altera/15.0/nios2eds/bin/gnu/h-x86_64-mingw32/bin/../lib/gcc/nios2-elf/4.9.1/../../../../../H-x86_64-mingw32/nios2-elf/lib/mno-hw-mul\libc.a(lib_a-__call_atexit.o)
 .bss           0x0000000000810ea0        0x0 g:/altera/15.0/nios2eds/bin/gnu/h-x86_64-mingw32/bin/../lib/gcc/nios2-elf/4.9.1/mno-hw-mul\libgcc.a(lib2-divmod.o)
 .bss           0x0000000000810ea0        0x0 G:/Altera/15.0/Nios/nios2_ucosii_bsp/\libucosii_bsp.a(alt_exit.o)
 *(COMMON)
 COMMON         0x0000000000810ea0     0x4000 obj/default/hello_ucosii.o
                0x0000000000810ea0                task1_stk
                0x0000000000812ea0                task2_stk
 COMMON         0x0000000000814ea0     0x3224 G:/Altera/15.0/Nios/nios2_ucosii_bsp/\libucosii_bsp.a(os_core.o)
                0x0000000000814ea0                OSFlagTbl
                0x0000000000815210                OSMemTbl
                0x0000000000815e40                OSTaskStatStk
                0x0000000000816640                OSQTbl
                0x0000000000816820                OSTaskIdleStk
                0x0000000000817020                OSEventTbl
                0x0000000000817b60                OSTCBTbl
                0x0000000000818070                OSTCBPrioTbl
 COMMON         0x00000000008180c4      0x100 G:/Altera/15.0/Nios/nios2_ucosii_bsp/\libucosii_bsp.a(alt_irq_handler.o)
                0x00000000008180c4                alt_irq
                0x00000000008181c4                . = ALIGN (0x4)
                0x00000000008181c4                __bss_end = ABSOLUTE (.)

.sdram          0x00000000008181c4        0x0
                0x00000000008181c4                PROVIDE (_alt_partition_sdram_start, ABSOLUTE (.))
 *(.sdram .sdram. sdram.*)
                0x00000000008181c4                . = ALIGN (0x4)
                0x00000000008181c4                PROVIDE (_alt_partition_sdram_end, ABSOLUTE (.))
                0x00000000008181c4                _end = ABSOLUTE (.)
                0x00000000008181c4                end = ABSOLUTE (.)
                0x00000000008181c4                __alt_stack_base = ABSOLUTE (.)
                0x00000000008181c4                PROVIDE (_alt_partition_sdram_load_addr, LOADADDR (.sdram))

.flash          0x0000000001001020        0x0
                0x0000000001001020                PROVIDE (_alt_partition_flash_start, ABSOLUTE (.))
 *(.flash .flash. flash.*)
                0x0000000001001020                . = ALIGN (0x4)
                0x0000000001001020                PROVIDE (_alt_partition_flash_end, ABSOLUTE (.))
                0x0000000001001020                PROVIDE (_alt_partition_flash_load_addr, LOADADDR (.flash))

.stab
 *(.stab)

.stabstr
 *(.stabstr)

.stab.excl
 *(.stab.excl)

.stab.exclstr
 *(.stab.exclstr)

.stab.index
 *(.stab.index)

.stab.indexstr
 *(.stab.indexstr)

.comment        0x0000000000000000       0x23
 *(.comment)
 .comment       0x0000000000000000       0x23 obj/default/hello_ucosii.o
                                         0x24 (size before relaxing)
 .comment       0x0000000000000000       0x24 g:/altera/15.0/nios2eds/bin/gnu/h-x86_64-mingw32/bin/../lib/gcc/nios2-elf/4.9.1/../../../../../H-x86_64-mingw32/nios2-elf/lib/mno-hw-mul\libc.a(lib_a-puts.o)
 .comment       0x0000000000000000       0x24 g:/altera/15.0/nios2eds/bin/gnu/h-x86_64-mingw32/bin/../lib/gcc/nios2-elf/4.9.1/../../../../../H-x86_64-mingw32/nios2-elf/lib/mno-hw-mul\libc.a(lib_a-strlen.o)
 .comment       0x0000000000000000       0x24 g:/altera/15.0/nios2eds/bin/gnu/h-x86_64-mingw32/bin/../lib/gcc/nios2-elf/4.9.1/../../../../../H-x86_64-mingw32/nios2-elf/lib/mno-hw-mul\libc.a(lib_a-fvwrite.o)
 .comment       0x0000000000000000       0x24 g:/altera/15.0/nios2eds/bin/gnu/h-x86_64-mingw32/bin/../lib/gcc/nios2-elf/4.9.1/../../../../../H-x86_64-mingw32/nios2-elf/lib/mno-hw-mul\libc.a(lib_a-impure.o)
 .comment       0x0000000000000000       0x24 g:/altera/15.0/nios2eds/bin/gnu/h-x86_64-mingw32/bin/../lib/gcc/nios2-elf/4.9.1/../../../../../H-x86_64-mingw32/nios2-elf/lib/mno-hw-mul\libc.a(lib_a-mallocr.o)
 .comment       0x0000000000000000       0x24 g:/altera/15.0/nios2eds/bin/gnu/h-x86_64-mingw32/bin/../lib/gcc/nios2-elf/4.9.1/../../../../../H-x86_64-mingw32/nios2-elf/lib/mno-hw-mul\libc.a(lib_a-memchr.o)
 .comment       0x0000000000000000       0x24 g:/altera/15.0/nios2eds/bin/gnu/h-x86_64-mingw32/bin/../lib/gcc/nios2-elf/4.9.1/../../../../../H-x86_64-mingw32/nios2-elf/lib/mno-hw-mul\libc.a(lib_a-memcpy.o)
 .comment       0x0000000000000000       0x24 g:/altera/15.0/nios2eds/bin/gnu/h-x86_64-mingw32/bin/../lib/gcc/nios2-elf/4.9.1/../../../../../H-x86_64-mingw32/nios2-elf/lib/mno-hw-mul\libc.a(lib_a-memmove.o)
 .comment       0x0000000000000000       0x24 g:/altera/15.0/nios2eds/bin/gnu/h-x86_64-mingw32/bin/../lib/gcc/nios2-elf/4.9.1/../../../../../H-x86_64-mingw32/nios2-elf/lib/mno-hw-mul\libc.a(lib_a-reallocr.o)
 .comment       0x0000000000000000       0x24 g:/altera/15.0/nios2eds/bin/gnu/h-x86_64-mingw32/bin/../lib/gcc/nios2-elf/4.9.1/../../../../../H-x86_64-mingw32/nios2-elf/lib/mno-hw-mul\libc.a(lib_a-sbrkr.o)
 .comment       0x0000000000000000       0x24 g:/altera/15.0/nios2eds/bin/gnu/h-x86_64-mingw32/bin/../lib/gcc/nios2-elf/4.9.1/../../../../../H-x86_64-mingw32/nios2-elf/lib/mno-hw-mul\libc.a(lib_a-wsetup.o)
 .comment       0x0000000000000000       0x24 g:/altera/15.0/nios2eds/bin/gnu/h-x86_64-mingw32/bin/../lib/gcc/nios2-elf/4.9.1/../../../../../H-x86_64-mingw32/nios2-elf/lib/mno-hw-mul\libc.a(lib_a-fflush.o)
 .comment       0x0000000000000000       0x24 g:/altera/15.0/nios2eds/bin/gnu/h-x86_64-mingw32/bin/../lib/gcc/nios2-elf/4.9.1/../../../../../H-x86_64-mingw32/nios2-elf/lib/mno-hw-mul\libc.a(lib_a-findfp.o)
 .comment       0x0000000000000000       0x24 g:/altera/15.0/nios2eds/bin/gnu/h-x86_64-mingw32/bin/../lib/gcc/nios2-elf/4.9.1/../../../../../H-x86_64-mingw32/nios2-elf/lib/mno-hw-mul\libc.a(lib_a-freer.o)
 .comment       0x0000000000000000       0x24 g:/altera/15.0/nios2eds/bin/gnu/h-x86_64-mingw32/bin/../lib/gcc/nios2-elf/4.9.1/../../../../../H-x86_64-mingw32/nios2-elf/lib/mno-hw-mul\libc.a(lib_a-fwalk.o)
 .comment       0x0000000000000000       0x24 g:/altera/15.0/nios2eds/bin/gnu/h-x86_64-mingw32/bin/../lib/gcc/nios2-elf/4.9.1/../../../../../H-x86_64-mingw32/nios2-elf/lib/mno-hw-mul\libc.a(lib_a-int_errno.o)
 .comment       0x0000000000000000       0x24 g:/altera/15.0/nios2eds/bin/gnu/h-x86_64-mingw32/bin/../lib/gcc/nios2-elf/4.9.1/../../../../../H-x86_64-mingw32/nios2-elf/lib/mno-hw-mul\libc.a(lib_a-makebuf.o)
 .comment       0x0000000000000000       0x24 g:/altera/15.0/nios2eds/bin/gnu/h-x86_64-mingw32/bin/../lib/gcc/nios2-elf/4.9.1/../../../../../H-x86_64-mingw32/nios2-elf/lib/mno-hw-mul\libc.a(lib_a-memset.o)
 .comment       0x0000000000000000       0x24 g:/altera/15.0/nios2eds/bin/gnu/h-x86_64-mingw32/bin/../lib/gcc/nios2-elf/4.9.1/../../../../../H-x86_64-mingw32/nios2-elf/lib/mno-hw-mul\libc.a(lib_a-stdio.o)
 .comment       0x0000000000000000       0x24 g:/altera/15.0/nios2eds/bin/gnu/h-x86_64-mingw32/bin/../lib/gcc/nios2-elf/4.9.1/../../../../../H-x86_64-mingw32/nios2-elf/lib/mno-hw-mul\libc.a(lib_a-writer.o)
 .comment       0x0000000000000000       0x24 g:/altera/15.0/nios2eds/bin/gnu/h-x86_64-mingw32/bin/../lib/gcc/nios2-elf/4.9.1/../../../../../H-x86_64-mingw32/nios2-elf/lib/mno-hw-mul\libc.a(closer.o)
 .comment       0x0000000000000000       0x24 g:/altera/15.0/nios2eds/bin/gnu/h-x86_64-mingw32/bin/../lib/gcc/nios2-elf/4.9.1/../../../../../H-x86_64-mingw32/nios2-elf/lib/mno-hw-mul\libc.a(lib_a-fclose.o)
 .comment       0x0000000000000000       0x24 g:/altera/15.0/nios2eds/bin/gnu/h-x86_64-mingw32/bin/../lib/gcc/nios2-elf/4.9.1/../../../../../H-x86_64-mingw32/nios2-elf/lib/mno-hw-mul\libc.a(lib_a-fstatr.o)
 .comment       0x0000000000000000       0x24 g:/altera/15.0/nios2eds/bin/gnu/h-x86_64-mingw32/bin/../lib/gcc/nios2-elf/4.9.1/../../../../../H-x86_64-mingw32/nios2-elf/lib/mno-hw-mul\libc.a(lib_a-isattyr.o)
 .comment       0x0000000000000000       0x24 g:/altera/15.0/nios2eds/bin/gnu/h-x86_64-mingw32/bin/../lib/gcc/nios2-elf/4.9.1/../../../../../H-x86_64-mingw32/nios2-elf/lib/mno-hw-mul\libc.a(lib_a-lseekr.o)
 .comment       0x0000000000000000       0x24 g:/altera/15.0/nios2eds/bin/gnu/h-x86_64-mingw32/bin/../lib/gcc/nios2-elf/4.9.1/../../../../../H-x86_64-mingw32/nios2-elf/lib/mno-hw-mul\libc.a(lib_a-readr.o)
 .comment       0x0000000000000000       0x24 g:/altera/15.0/nios2eds/bin/gnu/h-x86_64-mingw32/bin/../lib/gcc/nios2-elf/4.9.1/mno-hw-mul\libgcc.a(lib2-mul.o)
 .comment       0x0000000000000000       0x24 G:/Altera/15.0/Nios/nios2_ucosii_bsp/\libucosii_bsp.a(alt_close.o)
 .comment       0x0000000000000000       0x24 G:/Altera/15.0/Nios/nios2_ucosii_bsp/\libucosii_bsp.a(alt_dev.o)
 .comment       0x0000000000000000       0x24 G:/Altera/15.0/Nios/nios2_ucosii_bsp/\libucosii_bsp.a(alt_errno.o)
 .comment       0x0000000000000000       0x24 G:/Altera/15.0/Nios/nios2_ucosii_bsp/\libucosii_bsp.a(alt_fstat.o)
 .comment       0x0000000000000000       0x24 G:/Altera/15.0/Nios/nios2_ucosii_bsp/\libucosii_bsp.a(alt_isatty.o)
 .comment       0x0000000000000000       0x24 G:/Altera/15.0/Nios/nios2_ucosii_bsp/\libucosii_bsp.a(alt_lseek.o)
 .comment       0x0000000000000000       0x24 G:/Altera/15.0/Nios/nios2_ucosii_bsp/\libucosii_bsp.a(alt_main.o)
 .comment       0x0000000000000000       0x24 G:/Altera/15.0/Nios/nios2_ucosii_bsp/\libucosii_bsp.a(alt_read.o)
 .comment       0x0000000000000000       0x24 G:/Altera/15.0/Nios/nios2_ucosii_bsp/\libucosii_bsp.a(alt_release_fd.o)
 .comment       0x0000000000000000       0x24 G:/Altera/15.0/Nios/nios2_ucosii_bsp/\libucosii_bsp.a(alt_sbrk.o)
 .comment       0x0000000000000000       0x24 G:/Altera/15.0/Nios/nios2_ucosii_bsp/\libucosii_bsp.a(alt_write.o)
 .comment       0x0000000000000000       0x24 G:/Altera/15.0/Nios/nios2_ucosii_bsp/\libucosii_bsp.a(alt_env_lock.o)
 .comment       0x0000000000000000       0x24 G:/Altera/15.0/Nios/nios2_ucosii_bsp/\libucosii_bsp.a(alt_malloc_lock.o)
 .comment       0x0000000000000000       0x24 G:/Altera/15.0/Nios/nios2_ucosii_bsp/\libucosii_bsp.a(os_core.o)
 .comment       0x0000000000000000       0x24 G:/Altera/15.0/Nios/nios2_ucosii_bsp/\libucosii_bsp.a(os_dbg.o)
 .comment       0x0000000000000000       0x24 G:/Altera/15.0/Nios/nios2_ucosii_bsp/\libucosii_bsp.a(os_flag.o)
 .comment       0x0000000000000000       0x24 G:/Altera/15.0/Nios/nios2_ucosii_bsp/\libucosii_bsp.a(os_mem.o)
 .comment       0x0000000000000000       0x24 G:/Altera/15.0/Nios/nios2_ucosii_bsp/\libucosii_bsp.a(os_q.o)
 .comment       0x0000000000000000       0x24 G:/Altera/15.0/Nios/nios2_ucosii_bsp/\libucosii_bsp.a(os_sem.o)
 .comment       0x0000000000000000       0x24 G:/Altera/15.0/Nios/nios2_ucosii_bsp/\libucosii_bsp.a(os_task.o)
 .comment       0x0000000000000000       0x24 G:/Altera/15.0/Nios/nios2_ucosii_bsp/\libucosii_bsp.a(os_time.o)
 .comment       0x0000000000000000       0x24 G:/Altera/15.0/Nios/nios2_ucosii_bsp/\libucosii_bsp.a(alt_sys_init.o)
 .comment       0x0000000000000000       0x24 G:/Altera/15.0/Nios/nios2_ucosii_bsp/\libucosii_bsp.a(altera_avalon_epcs_flash_controller.o)
 .comment       0x0000000000000000       0x24 G:/Altera/15.0/Nios/nios2_ucosii_bsp/\libucosii_bsp.a(altera_avalon_jtag_uart_fd.o)
 .comment       0x0000000000000000       0x24 G:/Altera/15.0/Nios/nios2_ucosii_bsp/\libucosii_bsp.a(altera_avalon_jtag_uart_init.o)
 .comment       0x0000000000000000       0x24 G:/Altera/15.0/Nios/nios2_ucosii_bsp/\libucosii_bsp.a(altera_avalon_jtag_uart_ioctl.o)
 .comment       0x0000000000000000       0x24 G:/Altera/15.0/Nios/nios2_ucosii_bsp/\libucosii_bsp.a(altera_avalon_jtag_uart_read.o)
 .comment       0x0000000000000000       0x24 G:/Altera/15.0/Nios/nios2_ucosii_bsp/\libucosii_bsp.a(altera_avalon_jtag_uart_write.o)
 .comment       0x0000000000000000       0x24 G:/Altera/15.0/Nios/nios2_ucosii_bsp/\libucosii_bsp.a(altera_avalon_timer_sc.o)
 .comment       0x0000000000000000       0x24 G:/Altera/15.0/Nios/nios2_ucosii_bsp/\libucosii_bsp.a(epcs_commands.o)
 .comment       0x0000000000000000       0x24 G:/Altera/15.0/Nios/nios2_ucosii_bsp/\libucosii_bsp.a(alt_alarm_start.o)
 .comment       0x0000000000000000       0x24 G:/Altera/15.0/Nios/nios2_ucosii_bsp/\libucosii_bsp.a(alt_dev_llist_insert.o)
 .comment       0x0000000000000000       0x24 G:/Altera/15.0/Nios/nios2_ucosii_bsp/\libucosii_bsp.a(alt_do_ctors.o)
 .comment       0x0000000000000000       0x24 G:/Altera/15.0/Nios/nios2_ucosii_bsp/\libucosii_bsp.a(alt_do_dtors.o)
 .comment       0x0000000000000000       0x24 G:/Altera/15.0/Nios/nios2_ucosii_bsp/\libucosii_bsp.a(alt_flash_dev.o)
 .comment       0x0000000000000000       0x24 G:/Altera/15.0/Nios/nios2_ucosii_bsp/\libucosii_bsp.a(alt_iic.o)
 .comment       0x0000000000000000       0x24 G:/Altera/15.0/Nios/nios2_ucosii_bsp/\libucosii_bsp.a(alt_iic_isr_register.o)
 .comment       0x0000000000000000       0x24 G:/Altera/15.0/Nios/nios2_ucosii_bsp/\libucosii_bsp.a(alt_io_redirect.o)
 .comment       0x0000000000000000       0x24 G:/Altera/15.0/Nios/nios2_ucosii_bsp/\libucosii_bsp.a(alt_irq_handler.o)
 .comment       0x0000000000000000       0x24 G:/Altera/15.0/Nios/nios2_ucosii_bsp/\libucosii_bsp.a(alt_irq_vars.o)
 .comment       0x0000000000000000       0x24 G:/Altera/15.0/Nios/nios2_ucosii_bsp/\libucosii_bsp.a(alt_open.o)
 .comment       0x0000000000000000       0x24 G:/Altera/15.0/Nios/nios2_ucosii_bsp/\libucosii_bsp.a(alt_tick.o)
 .comment       0x0000000000000000       0x24 G:/Altera/15.0/Nios/nios2_ucosii_bsp/\libucosii_bsp.a(altera_nios2_qsys_irq.o)
 .comment       0x0000000000000000       0x24 G:/Altera/15.0/Nios/nios2_ucosii_bsp/\libucosii_bsp.a(os_cpu_c.o)
 .comment       0x0000000000000000       0x24 G:/Altera/15.0/Nios/nios2_ucosii_bsp/\libucosii_bsp.a(altera_avalon_spi.o)
 .comment       0x0000000000000000       0x24 G:/Altera/15.0/Nios/nios2_ucosii_bsp/\libucosii_bsp.a(alt_find_dev.o)
 .comment       0x0000000000000000       0x24 G:/Altera/15.0/Nios/nios2_ucosii_bsp/\libucosii_bsp.a(alt_find_file.o)
 .comment       0x0000000000000000       0x24 G:/Altera/15.0/Nios/nios2_ucosii_bsp/\libucosii_bsp.a(alt_get_fd.o)
 .comment       0x0000000000000000       0x24 g:/altera/15.0/nios2eds/bin/gnu/h-x86_64-mingw32/bin/../lib/gcc/nios2-elf/4.9.1/../../../../../H-x86_64-mingw32/nios2-elf/lib/mno-hw-mul\libc.a(lib_a-atexit.o)
 .comment       0x0000000000000000       0x24 g:/altera/15.0/nios2eds/bin/gnu/h-x86_64-mingw32/bin/../lib/gcc/nios2-elf/4.9.1/../../../../../H-x86_64-mingw32/nios2-elf/lib/mno-hw-mul\libc.a(lib_a-exit.o)
 .comment       0x0000000000000000       0x24 g:/altera/15.0/nios2eds/bin/gnu/h-x86_64-mingw32/bin/../lib/gcc/nios2-elf/4.9.1/../../../../../H-x86_64-mingw32/nios2-elf/lib/mno-hw-mul\libc.a(lib_a-memcmp.o)
 .comment       0x0000000000000000       0x24 g:/altera/15.0/nios2eds/bin/gnu/h-x86_64-mingw32/bin/../lib/gcc/nios2-elf/4.9.1/../../../../../H-x86_64-mingw32/nios2-elf/lib/mno-hw-mul\libc.a(lib_a-__atexit.o)
 .comment       0x0000000000000000       0x24 g:/altera/15.0/nios2eds/bin/gnu/h-x86_64-mingw32/bin/../lib/gcc/nios2-elf/4.9.1/../../../../../H-x86_64-mingw32/nios2-elf/lib/mno-hw-mul\libc.a(lib_a-__call_atexit.o)
 .comment       0x0000000000000000       0x24 g:/altera/15.0/nios2eds/bin/gnu/h-x86_64-mingw32/bin/../lib/gcc/nios2-elf/4.9.1/mno-hw-mul\libgcc.a(lib2-divmod.o)
 .comment       0x0000000000000000       0x24 G:/Altera/15.0/Nios/nios2_ucosii_bsp/\libucosii_bsp.a(alt_exit.o)

.debug
 *(.debug)

.line
 *(.line)

.debug_srcinfo
 *(.debug_srcinfo)

.debug_sfnames
 *(.debug_sfnames)

.debug_aranges  0x0000000000000000      0xae8
 *(.debug_aranges)
 .debug_aranges
                0x0000000000000000       0x20 G:/Altera/15.0/Nios/nios2_ucosii_bsp//obj/HAL/src/crt0.o
 .debug_aranges
                0x0000000000000020       0x20 obj/default/hello_ucosii.o
 .debug_aranges
                0x0000000000000040       0x20 g:/altera/15.0/nios2eds/bin/gnu/h-x86_64-mingw32/bin/../lib/gcc/nios2-elf/4.9.1/../../../../../H-x86_64-mingw32/nios2-elf/lib/mno-hw-mul\libc.a(lib_a-puts.o)
 .debug_aranges
                0x0000000000000060       0x20 g:/altera/15.0/nios2eds/bin/gnu/h-x86_64-mingw32/bin/../lib/gcc/nios2-elf/4.9.1/../../../../../H-x86_64-mingw32/nios2-elf/lib/mno-hw-mul\libc.a(lib_a-strlen.o)
 .debug_aranges
                0x0000000000000080       0x20 g:/altera/15.0/nios2eds/bin/gnu/h-x86_64-mingw32/bin/../lib/gcc/nios2-elf/4.9.1/../../../../../H-x86_64-mingw32/nios2-elf/lib/mno-hw-mul\libc.a(lib_a-fvwrite.o)
 .debug_aranges
                0x00000000000000a0       0x18 g:/altera/15.0/nios2eds/bin/gnu/h-x86_64-mingw32/bin/../lib/gcc/nios2-elf/4.9.1/../../../../../H-x86_64-mingw32/nios2-elf/lib/mno-hw-mul\libc.a(lib_a-impure.o)
 .debug_aranges
                0x00000000000000b8       0x20 g:/altera/15.0/nios2eds/bin/gnu/h-x86_64-mingw32/bin/../lib/gcc/nios2-elf/4.9.1/../../../../../H-x86_64-mingw32/nios2-elf/lib/mno-hw-mul\libc.a(lib_a-mallocr.o)
 .debug_aranges
                0x00000000000000d8       0x20 g:/altera/15.0/nios2eds/bin/gnu/h-x86_64-mingw32/bin/../lib/gcc/nios2-elf/4.9.1/../../../../../H-x86_64-mingw32/nios2-elf/lib/mno-hw-mul\libc.a(lib_a-memchr.o)
 .debug_aranges
                0x00000000000000f8       0x20 g:/altera/15.0/nios2eds/bin/gnu/h-x86_64-mingw32/bin/../lib/gcc/nios2-elf/4.9.1/../../../../../H-x86_64-mingw32/nios2-elf/lib/mno-hw-mul\libc.a(lib_a-memcpy.o)
 .debug_aranges
                0x0000000000000118       0x20 g:/altera/15.0/nios2eds/bin/gnu/h-x86_64-mingw32/bin/../lib/gcc/nios2-elf/4.9.1/../../../../../H-x86_64-mingw32/nios2-elf/lib/mno-hw-mul\libc.a(lib_a-memmove.o)
 .debug_aranges
                0x0000000000000138       0x20 g:/altera/15.0/nios2eds/bin/gnu/h-x86_64-mingw32/bin/../lib/gcc/nios2-elf/4.9.1/../../../../../H-x86_64-mingw32/nios2-elf/lib/mno-hw-mul\libc.a(lib_a-reallocr.o)
 .debug_aranges
                0x0000000000000158       0x20 g:/altera/15.0/nios2eds/bin/gnu/h-x86_64-mingw32/bin/../lib/gcc/nios2-elf/4.9.1/../../../../../H-x86_64-mingw32/nios2-elf/lib/mno-hw-mul\libc.a(lib_a-sbrkr.o)
 .debug_aranges
                0x0000000000000178       0x20 g:/altera/15.0/nios2eds/bin/gnu/h-x86_64-mingw32/bin/../lib/gcc/nios2-elf/4.9.1/../../../../../H-x86_64-mingw32/nios2-elf/lib/mno-hw-mul\libc.a(lib_a-wsetup.o)
 .debug_aranges
                0x0000000000000198       0x20 g:/altera/15.0/nios2eds/bin/gnu/h-x86_64-mingw32/bin/../lib/gcc/nios2-elf/4.9.1/../../../../../H-x86_64-mingw32/nios2-elf/lib/mno-hw-mul\libc.a(lib_a-fflush.o)
 .debug_aranges
                0x00000000000001b8       0x20 g:/altera/15.0/nios2eds/bin/gnu/h-x86_64-mingw32/bin/../lib/gcc/nios2-elf/4.9.1/../../../../../H-x86_64-mingw32/nios2-elf/lib/mno-hw-mul\libc.a(lib_a-findfp.o)
 .debug_aranges
                0x00000000000001d8       0x20 g:/altera/15.0/nios2eds/bin/gnu/h-x86_64-mingw32/bin/../lib/gcc/nios2-elf/4.9.1/../../../../../H-x86_64-mingw32/nios2-elf/lib/mno-hw-mul\libc.a(lib_a-freer.o)
 .debug_aranges
                0x00000000000001f8       0x20 g:/altera/15.0/nios2eds/bin/gnu/h-x86_64-mingw32/bin/../lib/gcc/nios2-elf/4.9.1/../../../../../H-x86_64-mingw32/nios2-elf/lib/mno-hw-mul\libc.a(lib_a-fwalk.o)
 .debug_aranges
                0x0000000000000218       0x18 g:/altera/15.0/nios2eds/bin/gnu/h-x86_64-mingw32/bin/../lib/gcc/nios2-elf/4.9.1/../../../../../H-x86_64-mingw32/nios2-elf/lib/mno-hw-mul\libc.a(lib_a-int_errno.o)
 .debug_aranges
                0x0000000000000230       0x20 g:/altera/15.0/nios2eds/bin/gnu/h-x86_64-mingw32/bin/../lib/gcc/nios2-elf/4.9.1/../../../../../H-x86_64-mingw32/nios2-elf/lib/mno-hw-mul\libc.a(lib_a-makebuf.o)
 .debug_aranges
                0x0000000000000250       0x20 g:/altera/15.0/nios2eds/bin/gnu/h-x86_64-mingw32/bin/../lib/gcc/nios2-elf/4.9.1/../../../../../H-x86_64-mingw32/nios2-elf/lib/mno-hw-mul\libc.a(lib_a-memset.o)
 .debug_aranges
                0x0000000000000270       0x20 g:/altera/15.0/nios2eds/bin/gnu/h-x86_64-mingw32/bin/../lib/gcc/nios2-elf/4.9.1/../../../../../H-x86_64-mingw32/nios2-elf/lib/mno-hw-mul\libc.a(lib_a-stdio.o)
 .debug_aranges
                0x0000000000000290       0x20 g:/altera/15.0/nios2eds/bin/gnu/h-x86_64-mingw32/bin/../lib/gcc/nios2-elf/4.9.1/../../../../../H-x86_64-mingw32/nios2-elf/lib/mno-hw-mul\libc.a(lib_a-writer.o)
 .debug_aranges
                0x00000000000002b0       0x20 g:/altera/15.0/nios2eds/bin/gnu/h-x86_64-mingw32/bin/../lib/gcc/nios2-elf/4.9.1/../../../../../H-x86_64-mingw32/nios2-elf/lib/mno-hw-mul\libc.a(closer.o)
 .debug_aranges
                0x00000000000002d0       0x20 g:/altera/15.0/nios2eds/bin/gnu/h-x86_64-mingw32/bin/../lib/gcc/nios2-elf/4.9.1/../../../../../H-x86_64-mingw32/nios2-elf/lib/mno-hw-mul\libc.a(lib_a-fclose.o)
 .debug_aranges
                0x00000000000002f0       0x20 g:/altera/15.0/nios2eds/bin/gnu/h-x86_64-mingw32/bin/../lib/gcc/nios2-elf/4.9.1/../../../../../H-x86_64-mingw32/nios2-elf/lib/mno-hw-mul\libc.a(lib_a-fstatr.o)
 .debug_aranges