Archive member included to satisfy reference by file (symbol)

c:/altera/14.1/nios2eds/bin/gnu/h-x86_64-mingw32/bin/../lib/gcc/nios2-elf/4.8.3/../../../../../H-x86_64-mingw32/nios2-elf/lib/mno-hw-mul\libc.a(lib_a-puts.o)
                              obj/default/hello_world.o (puts)
c:/altera/14.1/nios2eds/bin/gnu/h-x86_64-mingw32/bin/../lib/gcc/nios2-elf/4.8.3/../../../../../H-x86_64-mingw32/nios2-elf/lib/mno-hw-mul\libc.a(lib_a-strlen.o)
                              c:/altera/14.1/nios2eds/bin/gnu/h-x86_64-mingw32/bin/../lib/gcc/nios2-elf/4.8.3/../../../../../H-x86_64-mingw32/nios2-elf/lib/mno-hw-mul\libc.a(lib_a-puts.o) (strlen)
c:/altera/14.1/nios2eds/bin/gnu/h-x86_64-mingw32/bin/../lib/gcc/nios2-elf/4.8.3/../../../../../H-x86_64-mingw32/nios2-elf/lib/mno-hw-mul\libc.a(lib_a-fvwrite.o)
                              c:/altera/14.1/nios2eds/bin/gnu/h-x86_64-mingw32/bin/../lib/gcc/nios2-elf/4.8.3/../../../../../H-x86_64-mingw32/nios2-elf/lib/mno-hw-mul\libc.a(lib_a-puts.o) (__sfvwrite_r)
c:/altera/14.1/nios2eds/bin/gnu/h-x86_64-mingw32/bin/../lib/gcc/nios2-elf/4.8.3/../../../../../H-x86_64-mingw32/nios2-elf/lib/mno-hw-mul\libc.a(lib_a-impure.o)
                              c:/altera/14.1/nios2eds/bin/gnu/h-x86_64-mingw32/bin/../lib/gcc/nios2-elf/4.8.3/../../../../../H-x86_64-mingw32/nios2-elf/lib/mno-hw-mul\libc.a(lib_a-puts.o) (_impure_ptr)
c:/altera/14.1/nios2eds/bin/gnu/h-x86_64-mingw32/bin/../lib/gcc/nios2-elf/4.8.3/../../../../../H-x86_64-mingw32/nios2-elf/lib/mno-hw-mul\libc.a(lib_a-mallocr.o)
                              c:/altera/14.1/nios2eds/bin/gnu/h-x86_64-mingw32/bin/../lib/gcc/nios2-elf/4.8.3/../../../../../H-x86_64-mingw32/nios2-elf/lib/mno-hw-mul\libc.a(lib_a-fvwrite.o) (_malloc_r)
c:/altera/14.1/nios2eds/bin/gnu/h-x86_64-mingw32/bin/../lib/gcc/nios2-elf/4.8.3/../../../../../H-x86_64-mingw32/nios2-elf/lib/mno-hw-mul\libc.a(lib_a-memchr.o)
                              c:/altera/14.1/nios2eds/bin/gnu/h-x86_64-mingw32/bin/../lib/gcc/nios2-elf/4.8.3/../../../../../H-x86_64-mingw32/nios2-elf/lib/mno-hw-mul\libc.a(lib_a-fvwrite.o) (memchr)
c:/altera/14.1/nios2eds/bin/gnu/h-x86_64-mingw32/bin/../lib/gcc/nios2-elf/4.8.3/../../../../../H-x86_64-mingw32/nios2-elf/lib/mno-hw-mul\libc.a(lib_a-memcpy.o)
                              c:/altera/14.1/nios2eds/bin/gnu/h-x86_64-mingw32/bin/../lib/gcc/nios2-elf/4.8.3/../../../../../H-x86_64-mingw32/nios2-elf/lib/mno-hw-mul\libc.a(lib_a-fvwrite.o) (memcpy)
c:/altera/14.1/nios2eds/bin/gnu/h-x86_64-mingw32/bin/../lib/gcc/nios2-elf/4.8.3/../../../../../H-x86_64-mingw32/nios2-elf/lib/mno-hw-mul\libc.a(lib_a-memmove.o)
                              c:/altera/14.1/nios2eds/bin/gnu/h-x86_64-mingw32/bin/../lib/gcc/nios2-elf/4.8.3/../../../../../H-x86_64-mingw32/nios2-elf/lib/mno-hw-mul\libc.a(lib_a-fvwrite.o) (memmove)
c:/altera/14.1/nios2eds/bin/gnu/h-x86_64-mingw32/bin/../lib/gcc/nios2-elf/4.8.3/../../../../../H-x86_64-mingw32/nios2-elf/lib/mno-hw-mul\libc.a(lib_a-reallocr.o)
                              c:/altera/14.1/nios2eds/bin/gnu/h-x86_64-mingw32/bin/../lib/gcc/nios2-elf/4.8.3/../../../../../H-x86_64-mingw32/nios2-elf/lib/mno-hw-mul\libc.a(lib_a-fvwrite.o) (_realloc_r)
c:/altera/14.1/nios2eds/bin/gnu/h-x86_64-mingw32/bin/../lib/gcc/nios2-elf/4.8.3/../../../../../H-x86_64-mingw32/nios2-elf/lib/mno-hw-mul\libc.a(lib_a-sbrkr.o)
                              c:/altera/14.1/nios2eds/bin/gnu/h-x86_64-mingw32/bin/../lib/gcc/nios2-elf/4.8.3/../../../../../H-x86_64-mingw32/nios2-elf/lib/mno-hw-mul\libc.a(lib_a-mallocr.o) (_sbrk_r)
c:/altera/14.1/nios2eds/bin/gnu/h-x86_64-mingw32/bin/../lib/gcc/nios2-elf/4.8.3/../../../../../H-x86_64-mingw32/nios2-elf/lib/mno-hw-mul\libc.a(lib_a-wsetup.o)
                              c:/altera/14.1/nios2eds/bin/gnu/h-x86_64-mingw32/bin/../lib/gcc/nios2-elf/4.8.3/../../../../../H-x86_64-mingw32/nios2-elf/lib/mno-hw-mul\libc.a(lib_a-fvwrite.o) (__swsetup_r)
c:/altera/14.1/nios2eds/bin/gnu/h-x86_64-mingw32/bin/../lib/gcc/nios2-elf/4.8.3/../../../../../H-x86_64-mingw32/nios2-elf/lib/mno-hw-mul\libc.a(lib_a-fflush.o)
                              c:/altera/14.1/nios2eds/bin/gnu/h-x86_64-mingw32/bin/../lib/gcc/nios2-elf/4.8.3/../../../../../H-x86_64-mingw32/nios2-elf/lib/mno-hw-mul\libc.a(lib_a-fvwrite.o) (_fflush_r)
c:/altera/14.1/nios2eds/bin/gnu/h-x86_64-mingw32/bin/../lib/gcc/nios2-elf/4.8.3/../../../../../H-x86_64-mingw32/nios2-elf/lib/mno-hw-mul\libc.a(lib_a-findfp.o)
                              c:/altera/14.1/nios2eds/bin/gnu/h-x86_64-mingw32/bin/../lib/gcc/nios2-elf/4.8.3/../../../../../H-x86_64-mingw32/nios2-elf/lib/mno-hw-mul\libc.a(lib_a-wsetup.o) (__sinit)
c:/altera/14.1/nios2eds/bin/gnu/h-x86_64-mingw32/bin/../lib/gcc/nios2-elf/4.8.3/../../../../../H-x86_64-mingw32/nios2-elf/lib/mno-hw-mul\libc.a(lib_a-freer.o)
[...]
Memory Configuration

Name             Origin             Length             Attributes
sdram_BEFORE_EXCEPTION 0x0000000000800000 0x0000000000000020
sdram            0x0000000000800020 0x00000000007fffe0
reset            0x0000000001001000 0x0000000000000020
flash            0x0000000001001020 0x00000000000007e0
*default*        0x0000000000000000 0xffffffffffffffff

Linker script and memory map

LOAD ../max10_nios_classic_bsp//obj/HAL/src/crt0.o
LOAD obj/default/hello_world.o
LOAD c:/altera/14.1/nios2eds/bin/gnu/h-x86_64-mingw32/bin/../lib/gcc/nios2-elf/4.8.3/../../../../../H-x86_64-mingw32/nios2-elf/lib/mno-hw-mul\libstdc++.a
LOAD c:/altera/14.1/nios2eds/bin/gnu/h-x86_64-mingw32/bin/../lib/gcc/nios2-elf/4.8.3/../../../../../H-x86_64-mingw32/nios2-elf/lib/mno-hw-mul\libm.a
LOAD c:/altera/14.1/nios2eds/bin/gnu/h-x86_64-mingw32/bin/../lib/gcc/nios2-elf/4.8.3/mno-hw-mul\libgcc.a
START GROUP
LOAD c:/altera/14.1/nios2eds/bin/gnu/h-x86_64-mingw32/bin/../lib/gcc/nios2-elf/4.8.3/../../../../../H-x86_64-mingw32/nios2-elf/lib/mno-hw-mul\libc.a
LOAD c:/altera/14.1/nios2eds/bin/gnu/h-x86_64-mingw32/bin/../lib/gcc/nios2-elf/4.8.3/mno-hw-mul\libgcc.a
LOAD ../max10_nios_classic_bsp/\libhal_bsp.a
END GROUP
LOAD c:/altera/14.1/nios2eds/bin/gnu/h-x86_64-mingw32/bin/../lib/gcc/nios2-elf/4.8.3/mno-hw-mul\libgcc.a
                0x0000000000800000                __alt_mem_sdram = 0x800000
                0x0000000001001000                __alt_mem_flash = 0x1001000

.entry          0x0000000001001000        0x0
 *(.entry)
 .entry         0x0000000001001000        0x0 ../max10_nios_classic_bsp//obj/HAL/src/crt0.o
                0x0000000001001000                __reset

.exceptions     0x0000000000800020      0x19c
                0x0000000000800020                PROVIDE (__ram_exceptions_start, ABSOLUTE (.))
                0x0000000000800020                . = ALIGN (0x20)
 *(.irq)
 *(.exceptions.entry.label)
 .exceptions.entry.label
                0x0000000000800020        0x0 ../max10_nios_classic_bsp/\libhal_bsp.a(alt_irq_entry.o)
                0x0000000000800020                alt_irq_entry
 .exceptions.entry.label
                0x0000000000800020        0x0 ../max10_nios_classic_bsp/\libhal_bsp.a(alt_exception_entry.o)
                0x0000000000800020                alt_exception
 *(.exceptions.entry.user)
 *(.exceptions.entry.ecc_fatal)
 *(.exceptions.entry)
 .exceptions.entry
                0x0000000000800020       0x54 ../max10_nios_classic_bsp/\libhal_bsp.a(alt_exception_entry.o)
 *(.exceptions.irqtest.user)
 *(.exceptions.irqtest)
 .exceptions.irqtest
                0x0000000000800074       0x10 ../max10_nios_classic_bsp/\libhal_bsp.a(alt_irq_entry.o)
 *(.exceptions.irqhandler.user)
 *(.exceptions.irqhandler)
 .exceptions.irqhandler
                0x0000000000800084        0x4 ../max10_nios_classic_bsp/\libhal_bsp.a(alt_irq_entry.o)
 *(.exceptions.irqreturn.user)
 *(.exceptions.irqreturn)
 .exceptions.irqreturn
                0x0000000000800088        0x4 ../max10_nios_classic_bsp/\libhal_bsp.a(alt_irq_entry.o)
 *(.exceptions.notirq.label)
 .exceptions.notirq.label
                0x000000000080008c        0x0 ../max10_nios_classic_bsp/\libhal_bsp.a(alt_irq_entry.o)
 *(.exceptions.notirq.user)
 *(.exceptions.notirq)
 .exceptions.notirq
                0x000000000080008c        0x8 ../max10_nios_classic_bsp/\libhal_bsp.a(alt_exception_entry.o)
 *(.exceptions.soft.user)
 *(.exceptions.soft)
 *(.exceptions.unknown.user)
 *(.exceptions.unknown)
 .exceptions.unknown
                0x0000000000800094        0x4 ../max10_nios_classic_bsp/\libhal_bsp.a(alt_exception_entry.o)
 *(.exceptions.exit.label)
 .exceptions.exit.label
                0x0000000000800098        0x0 ../max10_nios_classic_bsp/\libhal_bsp.a(alt_irq_entry.o)
 .exceptions.exit.label
                0x0000000000800098        0x0 ../max10_nios_classic_bsp/\libhal_bsp.a(alt_exception_entry.o)
 *(.exceptions.exit.user)
 *(.exceptions.exit)
 .exceptions.exit
                0x0000000000800098       0x54 ../max10_nios_classic_bsp/\libhal_bsp.a(alt_exception_entry.o)
 *(.exceptions)
 .exceptions    0x00000000008000ec       0xd0 ../max10_nios_classic_bsp/\libhal_bsp.a(alt_irq_handler.o)
                0x00000000008000ec                alt_irq_handler
                0x00000000008001bc                PROVIDE (__ram_exceptions_end, ABSOLUTE (.))
                0x0000000000800020                PROVIDE (__flash_exceptions_start, LOADADDR (.exceptions))

.text           0x00000000008001bc     0x64c0
                0x00000000008001bc                PROVIDE (stext, ABSOLUTE (.))
 *(.interp)
 *(.hash)
 *(.dynsym)
 *(.dynstr)
 *(.gnu.version)
 *(.gnu.version_d)
 *(.gnu.version_r)
 *(.rel.init)
 *(.rela.init)
 *(.rel.text .rel.text.* .rel.gnu.linkonce.t.*)
 *(.rela.text .rela.text.* .rela.gnu.linkonce.t.*)
 *(.rel.fini)
 *(.rela.fini)
 *(.rel.rodata .rel.rodata.* .rel.gnu.linkonce.r.*)
 *(.rela.rodata .rela.rodata.* .rela.gnu.linkonce.r.*)
 *(.rel.data .rel.data.* .rel.gnu.linkonce.d.*)
 *(.rela.data .rela.data.* .rela.gnu.linkonce.d.*)
 *(.rel.tdata .rel.tdata.* .rel.gnu.linkonce.td.*)
 *(.rela.tdata .rela.tdata.* .rela.gnu.linkonce.td.*)
 *(.rel.tbss .rel.tbss.* .rel.gnu.linkonce.tb.*)
 *(.rela.tbss .rela.tbss.* .rela.gnu.linkonce.tb.*)
 *(.rel.ctors)
 *(.rela.ctors)
 *(.rel.dtors)
 *(.rela.dtors)
 *(.rel.got)
 *(.rela.got)
 *(.rel.sdata .rel.sdata.* .rel.gnu.linkonce.s.*)
 *(.rela.sdata .rela.sdata.* .rela.gnu.linkonce.s.*)
 *(.rel.sbss .rel.sbss.* .rel.gnu.linkonce.sb.*)
 *(.rela.sbss .rela.sbss.* .rela.gnu.linkonce.sb.*)
 *(.rel.sdata2 .rel.sdata2.* .rel.gnu.linkonce.s2.*)
 *(.rela.sdata2 .rela.sdata2.* .rela.gnu.linkonce.s2.*)
 *(.rel.sbss2 .rel.sbss2.* .rel.gnu.linkonce.sb2.*)
 *(.rela.sbss2 .rela.sbss2.* .rela.gnu.linkonce.sb2.*)
 *(.rel.bss .rel.bss.* .rel.gnu.linkonce.b.*)
 *(.rela.bss .rela.bss.* .rela.gnu.linkonce.b.*)
 *(.rel.plt)
 *(.rela.plt)
 *(.rel.dyn)
 *(.init)
 *(.plt)
 *(.text .stub .text.* .gnu.linkonce.t.*)
 .text          0x00000000008001bc       0x38 ../max10_nios_classic_bsp//obj/HAL/src/crt0.o
                0x00000000008001bc                _start
 .text          0x00000000008001f4       0x34 obj/default/hello_world.o
                0x00000000008001f4                main
 .text          0x0000000000800228       0xcc c:/altera/14.1/nios2eds/bin/gnu/h-x86_64-mingw32/bin/../lib/gcc/nios2-elf/4.8.3/../../../../../H-x86_64-mingw32/nios2-elf/lib/mno-hw-mul\libc.a(lib_a-puts.o)
                0x0000000000800228                _puts_r
                0x00000000008002e0                puts
 .text          0x00000000008002f4       0x8c c:/altera/14.1/nios2eds/bin/gnu/h-x86_64-mingw32/bin/../lib/gcc/nios2-elf/4.8.3/../../../../../H-x86_64-mingw32/nios2-elf/lib/mno-hw-mul\libc.a(lib_a-strlen.o)
                0x00000000008002f4                strlen
 .text          0x0000000000800380      0x4ac c:/altera/14.1/nios2eds/bin/gnu/h-x86_64-mingw32/bin/../lib/gcc/nios2-elf/4.8.3/../../../../../H-x86_64-mingw32/nios2-elf/lib/mno-hw-mul\libc.a(lib_a-fvwrite.o)
                0x0000000000800380                __sfvwrite_r
 .text          0x000000000080082c        0x0 c:/altera/14.1/nios2eds/bin/gnu/h-x86_64-mingw32/bin/../lib/gcc/nios2-elf/4.8.3/../../../../../H-x86_64-mingw32/nios2-elf/lib/mno-hw-mul\libc.a(lib_a-impure.o)
 .text          0x000000000080082c      0x7c4 c:/altera/14.1/nios2eds/bin/gnu/h-x86_64-mingw32/bin/../lib/gcc/nios2-elf/4.8.3/../../../../../H-x86_64-mingw32/nios2-elf/lib/mno-hw-mul\libc.a(lib_a-mallocr.o)
                0x000000000080082c                _malloc_r
 .text          0x0000000000800ff0       0xe8 c:/altera/14.1/nios2eds/bin/gnu/h-x86_64-mingw32/bin/../lib/gcc/nios2-elf/4.8.3/../../../../../H-x86_64-mingw32/nios2-elf/lib/mno-hw-mul\libc.a(lib_a-memchr.o)
                0x0000000000800ff0                memchr
 .text          0x00000000008010d8      0x10c c:/altera/14.1/nios2eds/bin/gnu/h-x86_64-mingw32/bin/../lib/gcc/nios2-elf/4.8.3/../../../../../H-x86_64-mingw32/nios2-elf/lib/mno-hw-mul\libc.a(lib_a-memcpy.o)
                0x00000000008010d8                memcpy
 .text          0x00000000008011e4      0x13c c:/altera/14.1/nios2eds/bin/gnu/h-x86_64-mingw32/bin/../lib/gcc/nios2-elf/4.8.3/../../../../../H-x86_64-mingw32/nios2-elf/lib/mno-hw-mul\libc.a(lib_a-memmove.o)
                0x00000000008011e4                memmove
 .text          0x0000000000801320      0x564 c:/altera/14.1/nios2eds/bin/gnu/h-x86_64-mingw32/bin/../lib/gcc/nios2-elf/4.8.3/../../../../../H-x86_64-mingw32/nios2-elf/lib/mno-hw-mul\libc.a(lib_a-reallocr.o)
                0x0000000000801320                _realloc_r
 .text          0x0000000000801884       0x64 c:/altera/14.1/nios2eds/bin/gnu/h-x86_64-mingw32/bin/../lib/gcc/nios2-elf/4.8.3/../../../../../H-x86_64-mingw32/nios2-elf/lib/mno-hw-mul\libc.a(lib_a-sbrkr.o)
                0x0000000000801884                _sbrk_r
 .text          0x00000000008018e8      0x138 c:/altera/14.1/nios2eds/bin/gnu/h-x86_64-mingw32/bin/../lib/gcc/nios2-elf/4.8.3/../../../../../H-x86_64-mingw32/nios2-elf/lib/mno-hw-mul\libc.a(lib_a-wsetup.o)
                0x00000000008018e8                __swsetup_r
 .text          0x0000000000801a20      0x274 c:/altera/14.1/nios2eds/bin/gnu/h-x86_64-mingw32/bin/../lib/gcc/nios2-elf/4.8.3/../../../../../H-x86_64-mingw32/nios2-elf/lib/mno-hw-mul\libc.a(lib_a-fflush.o)
                0x0000000000801a20                _fflush_r
                0x0000000000801c64                fflush
 .text          0x0000000000801c94      0x3a4 c:/altera/14.1/nios2eds/bin/gnu/h-x86_64-mingw32/bin/../lib/gcc/nios2-elf/4.8.3/../../../../../H-x86_64-mingw32/nios2-elf/lib/mno-hw-mul\libc.a(lib_a-findfp.o)
                0x0000000000801ca4                _cleanup_r
                0x0000000000801cb0                __sfmoreglue
                0x0000000000801d28                _cleanup
                0x0000000000801d40                __sinit
                0x0000000000801edc                __sfp
                0x0000000000801ff8                __sfp_lock_acquire
                0x0000000000801ffc                __sfp_lock_release
                0x0000000000802000                __sinit_lock_acquire
                0x0000000000802004                __sinit_lock_release
                0x0000000000802008                __fp_lock_all
                0x0000000000802020                __fp_unlock_all
 .text          0x0000000000802038      0x40c c:/altera/14.1/nios2eds/bin/gnu/h-x86_64-mingw32/bin/../lib/gcc/nios2-elf/4.8.3/../../../../../H-x86_64-mingw32/nios2-elf/lib/mno-hw-mul\libc.a(lib_a-freer.o)
                0x0000000000802038                _malloc_trim_r
                0x0000000000802174                _free_r
 .text          0x0000000000802444      0x160 c:/altera/14.1/nios2eds/bin/gnu/h-x86_64-mingw32/bin/../lib/gcc/nios2-elf/4.8.3/../../../../../H-x86_64-mingw32/nios2-elf/lib/mno-hw-mul\libc.a(lib_a-fwalk.o)
                0x0000000000802444                _fwalk
                0x00000000008024ec                _fwalk_reent
 .text          0x00000000008025a4        0x0 c:/altera/14.1/nios2eds/bin/gnu/h-x86_64-mingw32/bin/../lib/gcc/nios2-elf/4.8.3/../../../../../H-x86_64-mingw32/nios2-elf/lib/mno-hw-mul\libc.a(lib_a-int_errno.o)
 .text          0x00000000008025a4      0x1b4 c:/altera/14.1/nios2eds/bin/gnu/h-x86_64-mingw32/bin/../lib/gcc/nios2-elf/4.8.3/../../../../../H-x86_64-mingw32/nios2-elf/lib/mno-hw-mul\libc.a(lib_a-makebuf.o)
                0x00000000008025a4                __smakebuf_r
 .text          0x0000000000802758      0x114 c:/altera/14.1/nios2eds/bin/gnu/h-x86_64-mingw32/bin/../lib/gcc/nios2-elf/4.8.3/../../../../../H-x86_64-mingw32/nios2-elf/lib/mno-hw-mul\libc.a(lib_a-memset.o)
                0x0000000000802758                memset
 .text          0x000000000080286c      0x13c c:/altera/14.1/nios2eds/bin/gnu/h-x86_64-mingw32/bin/../lib/gcc/nios2-elf/4.8.3/../../../../../H-x86_64-mingw32/nios2-elf/lib/mno-hw-mul\libc.a(lib_a-stdio.o)
                0x000000000080286c                __sread
                0x00000000008028c0                __seofread
                0x00000000008028c8                __swrite
                0x0000000000802944                __sseek
                0x00000000008029a0                __sclose
 .text          0x00000000008029a8       0x6c c:/altera/14.1/nios2eds/bin/gnu/h-x86_64-mingw32/bin/../lib/gcc/nios2-elf/4.8.3/../../../../../H-x86_64-mingw32/nios2-elf/lib/mno-hw-mul\libc.a(lib_a-writer.o)
                0x00000000008029a8                _write_r
 .text          0x0000000000802a14       0x64 c:/altera/14.1/nios2eds/bin/gnu/h-x86_64-mingw32/bin/../lib/gcc/nios2-elf/4.8.3/../../../../../H-x86_64-mingw32/nios2-elf/lib/mno-hw-mul\libc.a(closer.o)
                0x0000000000802a14                _close_r
 .text          0x0000000000802a78      0x13c c:/altera/14.1/nios2eds/bin/gnu/h-x86_64-mingw32/bin/../lib/gcc/nios2-elf/4.8.3/../../../../../H-x86_64-mingw32/nios2-elf/lib/mno-hw-mul\libc.a(lib_a-fclose.o)
                0x0000000000802a78                _fclose_r
                0x0000000000802ba0                fclose
 .text          0x0000000000802bb4       0x68 c:/altera/14.1/nios2eds/bin/gnu/h-x86_64-mingw32/bin/../lib/gcc/nios2-elf/4.8.3/../../../../../H-x86_64-mingw32/nios2-elf/lib/mno-hw-mul\libc.a(lib_a-fstatr.o)
                0x0000000000802bb4                _fstat_r
 .text          0x0000000000802c1c       0x64 c:/altera/14.1/nios2eds/bin/gnu/h-x86_64-mingw32/bin/../lib/gcc/nios2-elf/4.8.3/../../../../../H-x86_64-mingw32/nios2-elf/lib/mno-hw-mul\libc.a(lib_a-isattyr.o)
                0x0000000000802c1c                _isatty_r
 .text          0x0000000000802c80       0x6c c:/altera/14.1/nios2eds/bin/gnu/h-x86_64-mingw32/bin/../lib/gcc/nios2-elf/4.8.3/../../../../../H-x86_64-mingw32/nios2-elf/lib/mno-hw-mul\libc.a(lib_a-lseekr.o)
                0x0000000000802c80                _lseek_r
 .text          0x0000000000802cec       0x6c c:/altera/14.1/nios2eds/bin/gnu/h-x86_64-mingw32/bin/../lib/gcc/nios2-elf/4.8.3/../../../../../H-x86_64-mingw32/nios2-elf/lib/mno-hw-mul\libc.a(lib_a-readr.o)
                0x0000000000802cec                _read_r
 .text          0x0000000000802d58       0x28 c:/altera/14.1/nios2eds/bin/gnu/h-x86_64-mingw32/bin/../lib/gcc/nios2-elf/4.8.3/mno-hw-mul\libgcc.a(lib2-mul.o)
                0x0000000000802d58                __mulsi3
 .text          0x0000000000802d80      0x120 ../max10_nios_classic_bsp/\libhal_bsp.a(alt_close.o)
                0x0000000000802dd0                close
 .text          0x0000000000802ea0       0x2c ../max10_nios_classic_bsp/\libhal_bsp.a(alt_dev.o)
 .text          0x0000000000802ecc        0x0 ../max10_nios_classic_bsp/\libhal_bsp.a(alt_errno.o)
 .text          0x0000000000802ecc      0x104 ../max10_nios_classic_bsp/\libhal_bsp.a(alt_fstat.o)
                0x0000000000802f1c                fstat
 .text          0x0000000000802fd0       0xf8 ../max10_nios_classic_bsp/\libhal_bsp.a(alt_isatty.o)
                0x0000000000803020                isatty
 .text          0x00000000008030c8      0x128 ../max10_nios_classic_bsp/\libhal_bsp.a(alt_lseek.o)
                0x0000000000803118                lseek
 .text          0x00000000008031f0       0x78 ../max10_nios_classic_bsp/\libhal_bsp.a(alt_main.o)
                0x00000000008031f0                alt_main
 .text          0x0000000000803268       0x40 ../max10_nios_classic_bsp/\libhal_bsp.a(alt_malloc_lock.o)
                0x0000000000803268                __malloc_lock
                0x0000000000803288                __malloc_unlock
 .text          0x00000000008032a8      0x148 ../max10_nios_classic_bsp/\libhal_bsp.a(alt_read.o)
                0x00000000008032f8                read
 .text          0x00000000008033f0       0x80 ../max10_nios_classic_bsp/\libhal_bsp.a(alt_release_fd.o)
                0x00000000008033f0                alt_release_fd
 .text          0x0000000000803470       0xb0 ../max10_nios_classic_bsp/\libhal_bsp.a(alt_sbrk.o)
                0x0000000000803470                sbrk
 .text          0x0000000000803520      0x144 ../max10_nios_classic_bsp/\libhal_bsp.a(alt_write.o)
                0x0000000000803570                write
 .text          0x0000000000803664       0xd8 ../max10_nios_classic_bsp/\libhal_bsp.a(alt_sys_init.o)
                0x000000000080369c                alt_irq_init
                0x00000000008036d0                alt_sys_init
 .text          0x000000000080373c      0x994 ../max10_nios_classic_bsp/\libhal_bsp.a(altera_avalon_epcs_flash_controller.o)
                0x0000000000803774                alt_epcs_flash_init
                0x0000000000803b40                alt_epcs_flash_write
                0x0000000000803da0                alt_epcs_flash_get_info
                0x0000000000803ec0                alt_epcs_flash_erase_block
                0x0000000000803f34                alt_epcs_flash_write_block
                0x0000000000804038                alt_epcs_flash_read
 .text          0x00000000008040d0      0x164 ../max10_nios_classic_bsp/\libhal_bsp.a(altera_avalon_jtag_uart_fd.o)
                0x00000000008040d0                altera_avalon_jtag_uart_read_fd
                0x0000000000804130                altera_avalon_jtag_uart_write_fd
                0x0000000000804190                altera_avalon_jtag_uart_close_fd
                0x00000000008041e0                altera_avalon_jtag_uart_ioctl_fd
 .text          0x0000000000804234      0x3c8 ../max10_nios_classic_bsp/\libhal_bsp.a(altera_avalon_jtag_uart_init.o)
                0x0000000000804234                altera_avalon_jtag_uart_init
                0x0000000000804594                altera_avalon_jtag_uart_close
 .text          0x00000000008045fc       0xec ../max10_nios_classic_bsp/\libhal_bsp.a(altera_avalon_jtag_uart_ioctl.o)
                0x00000000008045fc                altera_avalon_jtag_uart_ioctl
 .text          0x00000000008046e8      0x208 ../max10_nios_classic_bsp/\libhal_bsp.a(altera_avalon_jtag_uart_read.o)
                0x00000000008046e8                altera_avalon_jtag_uart_read
 .text          0x00000000008048f0      0x218 ../max10_nios_classic_bsp/\libhal_bsp.a(altera_avalon_jtag_uart_write.o)
                0x00000000008048f0                altera_avalon_jtag_uart_write
 .text          0x0000000000804b08       0xfc ../max10_nios_classic_bsp/\libhal_bsp.a(altera_avalon_timer_sc.o)
                0x0000000000804b7c                alt_avalon_timer_sc_init
 .text          0x0000000000804c04      0x62c ../max10_nios_classic_bsp/\libhal_bsp.a(epcs_commands.o)
                0x0000000000804c04                epcs_read_status_register
                0x0000000000804cd0                epcs_sector_erase
                0x0000000000804dc8                epcs_read_buffer
                0x0000000000804ebc                epcs_write_enable
                0x0000000000804f0c                epcs_write_status_register
                0x0000000000804f74                epcs_write_buffer
                0x0000000000805090                epcs_read_electronic_signature
                0x00000000008050f8                epcs_read_device_id
                0x0000000000805178                epcs_enter_4_bytes_mode
                0x00000000008051d4                epcs_exit_4_bytes_mode
 .text          0x0000000000805230      0x140 ../max10_nios_classic_bsp/\libhal_bsp.a(alt_alarm_start.o)
                0x0000000000805230                alt_alarm_start
 .text          0x0000000000805370       0xf0 ../max10_nios_classic_bsp/\libhal_bsp.a(alt_dev_llist_insert.o)
                0x00000000008053c0                alt_dev_llist_insert
 .text          0x0000000000805460       0x5c ../max10_nios_classic_bsp/\libhal_bsp.a(alt_do_ctors.o)
                0x0000000000805460                _do_ctors
 .text          0x00000000008054bc       0x5c ../max10_nios_classic_bsp/\libhal_bsp.a(alt_do_dtors.o)
                0x00000000008054bc                _do_dtors
 .text          0x0000000000805518       0xb8 ../max10_nios_classic_bsp/\libhal_bsp.a(alt_flash_dev.o)
                0x0000000000805518                alt_flash_open_dev
                0x0000000000805580                alt_flash_close_dev
 .text          0x00000000008055d0      0x1d8 ../max10_nios_classic_bsp/\libhal_bsp.a(alt_iic.o)
                0x00000000008055d0                alt_ic_isr_register
                0x0000000000805620                alt_ic_irq_enable
                0x00000000008056bc                alt_ic_irq_disable
                0x000000000080575c                alt_ic_irq_enabled
 .text          0x00000000008057a8       0xf0 ../max10_nios_classic_bsp/\libhal_bsp.a(alt_iic_isr_register.o)
                0x00000000008057a8                alt_iic_isr_register
 .text          0x0000000000805898      0x158 ../max10_nios_classic_bsp/\libhal_bsp.a(alt_io_redirect.o)
                0x0000000000805978                alt_io_redirect
 .text          0x00000000008059f0        0x0 ../max10_nios_classic_bsp/\libhal_bsp.a(alt_irq_entry.o)
 .text          0x00000000008059f0        0x0 ../max10_nios_classic_bsp/\libhal_bsp.a(alt_irq_handler.o)
 .text          0x00000000008059f0        0x0 ../max10_nios_classic_bsp/\libhal_bsp.a(alt_irq_vars.o)
 .text          0x00000000008059f0      0x2a0 ../max10_nios_classic_bsp/\libhal_bsp.a(alt_open.o)
                0x0000000000805b34                open
 .text          0x0000000000805c90      0x19c ../max10_nios_classic_bsp/\libhal_bsp.a(alt_tick.o)
                0x0000000000805c90                alt_alarm_stop
                0x0000000000805d28                alt_tick
 .text          0x0000000000805e2c       0x20 ../max10_nios_classic_bsp/\libhal_bsp.a(altera_nios2_qsys_irq.o)
                0x0000000000805e2c                altera_nios2_qsys_irq_init
 .text          0x0000000000805e4c      0x1fc ../max10_nios_classic_bsp/\libhal_bsp.a(altera_avalon_spi.o)
                0x0000000000805e4c                alt_avalon_spi_command
 .text          0x0000000000806048        0x0 ../max10_nios_classic_bsp/\libhal_bsp.a(alt_exception_entry.o)
 .text          0x0000000000806048       0x90 ../max10_nios_classic_bsp/\libhal_bsp.a(alt_find_dev.o)
                0x0000000000806048                alt_find_dev
 .text          0x00000000008060d8      0x114 ../max10_nios_classic_bsp/\libhal_bsp.a(alt_find_file.o)
                0x00000000008060d8                alt_find_file
 .text          0x00000000008061ec       0xd4 ../max10_nios_classic_bsp/\libhal_bsp.a(alt_get_fd.o)
                0x00000000008061ec                alt_get_fd
 .text          0x00000000008062c0       0x14 c:/altera/14.1/nios2eds/bin/gnu/h-x86_64-mingw32/bin/../lib/gcc/nios2-elf/4.8.3/../../../../../H-x86_64-mingw32/nios2-elf/lib/mno-hw-mul\libc.a(lib_a-atexit.o)
                0x00000000008062c0                atexit
 .text          0x00000000008062d4       0x38 c:/altera/14.1/nios2eds/bin/gnu/h-x86_64-mingw32/bin/../lib/gcc/nios2-elf/4.8.3/../../../../../H-x86_64-mingw32/nios2-elf/lib/mno-hw-mul\libc.a(lib_a-exit.o)
                0x00000000008062d4                exit
 .text          0x000000000080630c       0x7c c:/altera/14.1/nios2eds/bin/gnu/h-x86_64-mingw32/bin/../lib/gcc/nios2-elf/4.8.3/../../../../../H-x86_64-mingw32/nios2-elf/lib/mno-hw-mul\libc.a(lib_a-memcmp.o)
                0x000000000080630c                memcmp
 .text          0x0000000000806388      0x11c c:/altera/14.1/nios2eds/bin/gnu/h-x86_64-mingw32/bin/../lib/gcc/nios2-elf/4.8.3/../../../../../H-x86_64-mingw32/nios2-elf/lib/mno-hw-mul\libc.a(lib_a-__atexit.o)
                0x0000000000806388                __register_exitproc
 .text          0x00000000008064a4      0x1a4 c:/altera/14.1/nios2eds/bin/gnu/h-x86_64-mingw32/bin/../lib/gcc/nios2-elf/4.8.3/../../../../../H-x86_64-mingw32/nios2-elf/lib/mno-hw-mul\libc.a(lib_a-__call_atexit.o)
                0x00000000008064a4                __call_exitprocs
 .text          0x0000000000806648       0x34 ../max10_nios_classic_bsp/\libhal_bsp.a(alt_exit.o)
                0x0000000000806648                _exit
 *(.gnu.warning.*)
 *(.fini)
                0x000000000080667c                PROVIDE (__etext, ABSOLUTE (.))
                0x000000000080667c                PROVIDE (_etext, ABSOLUTE (.))
                0x000000000080667c                PROVIDE (etext, ABSOLUTE (.))
 *(.eh_frame_hdr)
                0x000000000080667c                . = ALIGN (0x4)
                0x000000000080667c                PROVIDE (__preinit_array_start, ABSOLUTE (.))
 *(.preinit_array)
                0x000000000080667c                PROVIDE (__preinit_array_end, ABSOLUTE (.))
                0x000000000080667c                PROVIDE (__init_array_start, ABSOLUTE (.))
 *(.init_array)
                0x000000000080667c                PROVIDE (__init_array_end, ABSOLUTE (.))
                0x000000000080667c                PROVIDE (__fini_array_start, ABSOLUTE (.))
 *(.fini_array)
                0x000000000080667c                PROVIDE (__fini_array_end, ABSOLUTE (.))
 *(.eh_frame)
 *(.gcc_except_table .gcc_except_table.*)
 *(.dynamic)
                0x000000000080667c                PROVIDE (__CTOR_LIST__, ABSOLUTE (.))
 *(.ctors)
 *(SORT(.ctors.*))
                0x000000000080667c                PROVIDE (__CTOR_END__, ABSOLUTE (.))
                0x000000000080667c                PROVIDE (__DTOR_LIST__, ABSOLUTE (.))
 *(.dtors)
 *(SORT(.dtors.*))
                0x000000000080667c                PROVIDE (__DTOR_END__, ABSOLUTE (.))
 *(.jcr)
                0x000000000080667c                . = ALIGN (0x4)

.rodata         0x000000000080667c       0x4c
                0x000000000080667c                PROVIDE (__ram_rodata_start, ABSOLUTE (.))
                0x000000000080667c                . = ALIGN (0x4)
 *(.rodata .rodata.* .gnu.linkonce.r.*)
 .rodata        0x000000000080667c       0x14 obj/default/hello_world.o
 .rodata.str1.4
                0x0000000000806690        0x2 c:/altera/14.1/nios2eds/bin/gnu/h-x86_64-mingw32/bin/../lib/gcc/nios2-elf/4.8.3/../../../../../H-x86_64-mingw32/nios2-elf/lib/mno-hw-mul\libc.a(lib_a-puts.o)
                                          0x4 (size before relaxing)
 *fill*         0x0000000000806692        0x2 
 .rodata.str1.4
                0x0000000000806694        0x4 c:/altera/14.1/nios2eds/bin/gnu/h-x86_64-mingw32/bin/../lib/gcc/nios2-elf/4.8.3/../../../../../H-x86_64-mingw32/nios2-elf/lib/mno-hw-mul\libc.a(lib_a-impure.o)
 .rodata        0x0000000000806698        0xc ../max10_nios_classic_bsp/\libhal_bsp.a(alt_dev.o)
 .rodata        0x00000000008066a4        0xc ../max10_nios_classic_bsp/\libhal_bsp.a(alt_main.o)
 .rodata        0x00000000008066b0       0x18 ../max10_nios_classic_bsp/\libhal_bsp.a(alt_sys_init.o)
 *(.rodata1)
                0x00000000008066c8                . = ALIGN (0x4)
                0x00000000008066c8                PROVIDE (__ram_rodata_end, ABSOLUTE (.))
                0x000000000080667c                PROVIDE (__flash_rodata_start, LOADADDR (.rodata))

.rwdata         0x00000000008066c8     0x1b3c
                0x00000000008066c8                PROVIDE (__ram_rwdata_start, ABSOLUTE (.))
                0x00000000008066c8                . = ALIGN (0x4)
 *(.got.plt)
 *(.got)
 *(.data1)
 *(.data .data.* .gnu.linkonce.d.*)
 .data          0x00000000008066c8        0x0 ../max10_nios_classic_bsp//obj/HAL/src/crt0.o
 .data          0x00000000008066c8        0x0 obj/default/hello_world.o
 .data          0x00000000008066c8        0x0 c:/altera/14.1/nios2eds/bin/gnu/h-x86_64-mingw32/bin/../lib/gcc/nios2-elf/4.8.3/../../../../../H-x86_64-mingw32/nios2-elf/lib/mno-hw-mul\libc.a(lib_a-puts.o)
 .data          0x00000000008066c8        0x0 c:/altera/14.1/nios2eds/bin/gnu/h-x86_64-mingw32/bin/../lib/gcc/nios2-elf/4.8.3/../../../../../H-x86_64-mingw32/nios2-elf/lib/mno-hw-mul\libc.a(lib_a-strlen.o)
 .data          0x00000000008066c8        0x0 c:/altera/14.1/nios2eds/bin/gnu/h-x86_64-mingw32/bin/../lib/gcc/nios2-elf/4.8.3/../../../../../H-x86_64-mingw32/nios2-elf/lib/mno-hw-mul\libc.a(lib_a-fvwrite.o)
 .data          0x00000000008066c8      0x424 c:/altera/14.1/nios2eds/bin/gnu/h-x86_64-mingw32/bin/../lib/gcc/nios2-elf/4.8.3/../../../../../H-x86_64-mingw32/nios2-elf/lib/mno-hw-mul\libc.a(lib_a-impure.o)
 .data          0x0000000000806aec      0x408 c:/altera/14.1/nios2eds/bin/gnu/h-x86_64-mingw32/bin/../lib/gcc/nios2-elf/4.8.3/../../../../../H-x86_64-mingw32/nios2-elf/lib/mno-hw-mul\libc.a(lib_a-mallocr.o)
                0x0000000000806aec                __malloc_av_
 .data          0x0000000000806ef4        0x0 c:/altera/14.1/nios2eds/bin/gnu/h-x86_64-mingw32/bin/../lib/gcc/nios2-elf/4.8.3/../../../../../H-x86_64-mingw32/nios2-elf/lib/mno-hw-mul\libc.a(lib_a-memchr.o)
 .data          0x0000000000806ef4        0x0 c:/altera/14.1/nios2eds/bin/gnu/h-x86_64-mingw32/bin/../lib/gcc/nios2-elf/4.8.3/../../../../../H-x86_64-mingw32/nios2-elf/lib/mno-hw-mul\libc.a(lib_a-memcpy.o)
 .data          0x0000000000806ef4        0x0 c:/altera/14.1/nios2eds/bin/gnu/h-x86_64-mingw32/bin/../lib/gcc/nios2-elf/4.8.3/../../../../../H-x86_64-mingw32/nios2-elf/lib/mno-hw-mul\libc.a(lib_a-memmove.o)
 .data          0x0000000000806ef4        0x0 c:/altera/14.1/nios2eds/bin/gnu/h-x86_64-mingw32/bin/../lib/gcc/nios2-elf/4.8.3/../../../../../H-x86_64-mingw32/nios2-elf/lib/mno-hw-mul\libc.a(lib_a-reallocr.o)
 .data          0x0000000000806ef4        0x0 c:/altera/14.1/nios2eds/bin/gnu/h-x86_64-mingw32/bin/../lib/gcc/nios2-elf/4.8.3/../../../../../H-x86_64-mingw32/nios2-elf/lib/mno-hw-mul\libc.a(lib_a-sbrkr.o)
 .data          0x0000000000806ef4        0x0 c:/altera/14.1/nios2eds/bin/gnu/h-x86_64-mingw32/bin/../lib/gcc/nios2-elf/4.8.3/../../../../../H-x86_64-mingw32/nios2-elf/lib/mno-hw-mul\libc.a(lib_a-wsetup.o)
 .data          0x0000000000806ef4        0x0 c:/altera/14.1/nios2eds/bin/gnu/h-x86_64-mingw32/bin/../lib/gcc/nios2-elf/4.8.3/../../../../../H-x86_64-mingw32/nios2-elf/lib/mno-hw-mul\libc.a(lib_a-fflush.o)
 .data          0x0000000000806ef4        0x0 c:/altera/14.1/nios2eds/bin/gnu/h-x86_64-mingw32/bin/../lib/gcc/nios2-elf/4.8.3/../../../../../H-x86_64-mingw32/nios2-elf/lib/mno-hw-mul\libc.a(lib_a-findfp.o)
 .data          0x0000000000806ef4        0x0 c:/altera/14.1/nios2eds/bin/gnu/h-x86_64-mingw32/bin/../lib/gcc/nios2-elf/4.8.3/../../../../../H-x86_64-mingw32/nios2-elf/lib/mno-hw-mul\libc.a(lib_a-freer.o)
 .data          0x0000000000806ef4        0x0 c:/altera/14.1/nios2eds/bin/gnu/h-x86_64-mingw32/bin/../lib/gcc/nios2-elf/4.8.3/../../../../../H-x86_64-mingw32/nios2-elf/lib/mno-hw-mul\libc.a(lib_a-fwalk.o)
 .data          0x0000000000806ef4        0x0 c:/altera/14.1/nios2eds/bin/gnu/h-x86_64-mingw32/bin/../lib/gcc/nios2-elf/4.8.3/../../../../../H-x86_64-mingw32/nios2-elf/lib/mno-hw-mul\libc.a(lib_a-int_errno.o)
 .data          0x0000000000806ef4        0x0 c:/altera/14.1/nios2eds/bin/gnu/h-x86_64-mingw32/bin/../lib/gcc/nios2-elf/4.8.3/../../../../../H-x86_64-mingw32/nios2-elf/lib/mno-hw-mul\libc.a(lib_a-makebuf.o)
 .data          0x0000000000806ef4        0x0 c:/altera/14.1/nios2eds/bin/gnu/h-x86_64-mingw32/bin/../lib/gcc/nios2-elf/4.8.3/../../../../../H-x86_64-mingw32/nios2-elf/lib/mno-hw-mul\libc.a(lib_a-memset.o)
 .data          0x0000000000806ef4        0x0 c:/altera/14.1/nios2eds/bin/gnu/h-x86_64-mingw32/bin/../lib/gcc/nios2-elf/4.8.3/../../../../../H-x86_64-mingw32/nios2-elf/lib/mno-hw-mul\libc.a(lib_a-stdio.o)
 .data          0x0000000000806ef4        0x0 c:/altera/14.1/nios2eds/bin/gnu/h-x86_64-mingw32/bin/../lib/gcc/nios2-elf/4.8.3/../../../../../H-x86_64-mingw32/nios2-elf/lib/mno-hw-mul\libc.a(lib_a-writer.o)
 .data          0x0000000000806ef4        0x0 c:/altera/14.1/nios2eds/bin/gnu/h-x86_64-mingw32/bin/../lib/gcc/nios2-elf/4.8.3/../../../../../H-x86_64-mingw32/nios2-elf/lib/mno-hw-mul\libc.a(closer.o)
 .data          0x0000000000806ef4        0x0 c:/altera/14.1/nios2eds/bin/gnu/h-x86_64-mingw32/bin/../lib/gcc/nios2-elf/4.8.3/../../../../../H-x86_64-mingw32/nios2-elf/lib/mno-hw-mul\libc.a(lib_a-fclose.o)
 .data          0x0000000000806ef4        0x0 c:/altera/14.1/nios2eds/bin/gnu/h-x86_64-mingw32/bin/../lib/gcc/nios2-elf/4.8.3/../../../../../H-x86_64-mingw32/nios2-elf/lib/mno-hw-mul\libc.a(lib_a-fstatr.o)
 .data          0x0000000000806ef4        0x0 c:/altera/14.1/nios2eds/bin/gnu/h-x86_64-mingw32/bin/../lib/gcc/nios2-elf/4.8.3/../../../../../H-x86_64-mingw32/nios2-elf/lib/mno-hw-mul\libc.a(lib_a-isattyr.o)
 .data          0x0000000000806ef4        0x0 c:/altera/14.1/nios2eds/bin/gnu/h-x86_64-mingw32/bin/../lib/gcc/nios2-elf/4.8.3/../../../../../H-x86_64-mingw32/nios2-elf/lib/mno-hw-mul\libc.a(lib_a-lseekr.o)
 .data          0x0000000000806ef4        0x0 c:/altera/14.1/nios2eds/bin/gnu/h-x86_64-mingw32/bin/../lib/gcc/nios2-elf/4.8.3/../../../../../H-x86_64-mingw32/nios2-elf/lib/mno-hw-mul\libc.a(lib_a-readr.o)
 .data          0x0000000000806ef4        0x0 c:/altera/14.1/nios2eds/bin/gnu/h-x86_64-mingw32/bin/../lib/gcc/nios2-elf/4.8.3/mno-hw-mul\libgcc.a(lib2-mul.o)
 .data          0x0000000000806ef4        0x0 ../max10_nios_classic_bsp/\libhal_bsp.a(alt_close.o)
 .data          0x0000000000806ef4      0x1a8 ../max10_nios_classic_bsp/\libhal_bsp.a(alt_dev.o)
                0x0000000000806ef4                alt_dev_null
                0x0000000000806f1c                alt_fd_list
 .data          0x000000000080709c        0x0 ../max10_nios_classic_bsp/\libhal_bsp.a(alt_errno.o)
 .data          0x000000000080709c        0x0 ../max10_nios_classic_bsp/\libhal_bsp.a(alt_fstat.o)
 .data          0x000000000080709c        0x0 ../max10_nios_classic_bsp/\libhal_bsp.a(alt_isatty.o)
 .data          0x000000000080709c        0x0 ../max10_nios_classic_bsp/\libhal_bsp.a(alt_lseek.o)
 .data          0x000000000080709c        0x0 ../max10_nios_classic_bsp/\libhal_bsp.a(alt_main.o)
 .data          0x000000000080709c        0x0 ../max10_nios_classic_bsp/\libhal_bsp.a(alt_malloc_lock.o)
 .data          0x000000000080709c        0x0 ../max10_nios_classic_bsp/\libhal_bsp.a(alt_read.o)
 .data          0x000000000080709c        0x0 ../max10_nios_classic_bsp/\libhal_bsp.a(alt_release_fd.o)
 .data          0x000000000080709c        0x0 ../max10_nios_classic_bsp/\libhal_bsp.a(alt_sbrk.o)
 .data          0x000000000080709c        0x0 ../max10_nios_classic_bsp/\libhal_bsp.a(alt_write.o)
 .data          0x000000000080709c     0x1128 ../max10_nios_classic_bsp/\libhal_bsp.a(alt_sys_init.o)
 .data          0x00000000008081c4        0x0 ../max10_nios_classic_bsp/\libhal_bsp.a(altera_avalon_epcs_flash_controller.o)
 .data          0x00000000008081c4        0x0 ../max10_nios_classic_bsp/\libhal_bsp.a(altera_avalon_jtag_uart_fd.o)
 .data          0x00000000008081c4        0x0 ../max10_nios_classic_bsp/\libhal_bsp.a(altera_avalon_jtag_uart_init.o)
 .data          0x00000000008081c4        0x0 ../max10_nios_classic_bsp/\libhal_bsp.a(altera_avalon_jtag_uart_ioctl.o)
 .data          0x00000000008081c4        0x0 ../max10_nios_classic_bsp/\libhal_bsp.a(altera_avalon_jtag_uart_read.o)
 .data          0x00000000008081c4        0x0 ../max10_nios_classic_bsp/\libhal_bsp.a(altera_avalon_jtag_uart_write.o)
 .data          0x00000000008081c4        0x0 ../max10_nios_classic_bsp/\libhal_bsp.a(altera_avalon_timer_sc.o)
 .data          0x00000000008081c4        0x0 ../max10_nios_classic_bsp/\libhal_bsp.a(epcs_commands.o)
 .data          0x00000000008081c4        0x0 ../max10_nios_classic_bsp/\libhal_bsp.a(alt_alarm_start.o)
 .data          0x00000000008081c4        0x0 ../max10_nios_classic_bsp/\libhal_bsp.a(alt_dev_llist_insert.o)
 .data          0x00000000008081c4        0x0 ../max10_nios_classic_bsp/\libhal_bsp.a(alt_do_ctors.o)
 .data          0x00000000008081c4        0x0 ../max10_nios_classic_bsp/\libhal_bsp.a(alt_do_dtors.o)
 .data          0x00000000008081c4        0x0 ../max10_nios_classic_bsp/\libhal_bsp.a(alt_flash_dev.o)
 .data          0x00000000008081c4        0x0 ../max10_nios_classic_bsp/\libhal_bsp.a(alt_iic.o)
 .data          0x00000000008081c4        0x0 ../max10_nios_classic_bsp/\libhal_bsp.a(alt_iic_isr_register.o)
 .data          0x00000000008081c4        0x0 ../max10_nios_classic_bsp/\libhal_bsp.a(alt_io_redirect.o)
 .data          0x00000000008081c4        0x0 ../max10_nios_classic_bsp/\libhal_bsp.a(alt_irq_entry.o)
 .data          0x00000000008081c4        0x0 ../max10_nios_classic_bsp/\libhal_bsp.a(alt_irq_handler.o)
 .data          0x00000000008081c4        0x0 ../max10_nios_classic_bsp/\libhal_bsp.a(alt_irq_vars.o)
 .data          0x00000000008081c4        0x0 ../max10_nios_classic_bsp/\libhal_bsp.a(alt_open.o)
 .data          0x00000000008081c4        0x0 ../max10_nios_classic_bsp/\libhal_bsp.a(alt_tick.o)
 .data          0x00000000008081c4        0x0 ../max10_nios_classic_bsp/\libhal_bsp.a(altera_nios2_qsys_irq.o)
 .data          0x00000000008081c4        0x0 ../max10_nios_classic_bsp/\libhal_bsp.a(altera_avalon_spi.o)
 .data          0x00000000008081c4        0x0 ../max10_nios_classic_bsp/\libhal_bsp.a(alt_exception_entry.o)
 .data          0x00000000008081c4        0x0 ../max10_nios_classic_bsp/\libhal_bsp.a(alt_find_dev.o)
 .data          0x00000000008081c4        0x0 ../max10_nios_classic_bsp/\libhal_bsp.a(alt_find_file.o)
 .data          0x00000000008081c4        0x0 ../max10_nios_classic_bsp/\libhal_bsp.a(alt_get_fd.o)
 .data          0x00000000008081c4        0x0 c:/altera/14.1/nios2eds/bin/gnu/h-x86_64-mingw32/bin/../lib/gcc/nios2-elf/4.8.3/../../../../../H-x86_64-mingw32/nios2-elf/lib/mno-hw-mul\libc.a(lib_a-atexit.o)
 .data          0x00000000008081c4        0x0 c:/altera/14.1/nios2eds/bin/gnu/h-x86_64-mingw32/bin/../lib/gcc/nios2-elf/4.8.3/../../../../../H-x86_64-mingw32/nios2-elf/lib/mno-hw-mul\libc.a(lib_a-exit.o)
 .data          0x00000000008081c4        0x0 c:/altera/14.1/nios2eds/bin/gnu/h-x86_64-mingw32/bin/../lib/gcc/nios2-elf/4.8.3/../../../../../H-x86_64-mingw32/nios2-elf/lib/mno-hw-mul\libc.a(lib_a-memcmp.o)
 .data          0x00000000008081c4        0x0 c:/altera/14.1/nios2eds/bin/gnu/h-x86_64-mingw32/bin/../lib/gcc/nios2-elf/4.8.3/../../../../../H-x86_64-mingw32/nios2-elf/lib/mno-hw-mul\libc.a(lib_a-__atexit.o)
 .data          0x00000000008081c4        0x0 c:/altera/14.1/nios2eds/bin/gnu/h-x86_64-mingw32/bin/../lib/gcc/nios2-elf/4.8.3/../../../../../H-x86_64-mingw32/nios2-elf/lib/mno-hw-mul\libc.a(lib_a-__call_atexit.o)
 .data          0x00000000008081c4        0x0 ../max10_nios_classic_bsp/\libhal_bsp.a(alt_exit.o)
                0x00000000008101c4                _gp = ABSOLUTE ((. + 0x8000))
                0x00000000008101c4                PROVIDE (gp, _gp)
 *(.rwdata .rwdata.*)
 *(.sdata .sdata.* .gnu.linkonce.s.*)
 .sdata         0x00000000008081c4        0x8 c:/altera/14.1/nios2eds/bin/gnu/h-x86_64-mingw32/bin/../lib/gcc/nios2-elf/4.8.3/../../../../../H-x86_64-mingw32/nios2-elf/lib/mno-hw-mul\libc.a(lib_a-impure.o)
                0x00000000008081c4                _global_impure_ptr
                0x00000000008081c8                _impure_ptr
 .sdata         0x00000000008081cc        0x8 c:/altera/14.1/nios2eds/bin/gnu/h-x86_64-mingw32/bin/../lib/gcc/nios2-elf/4.8.3/../../../../../H-x86_64-mingw32/nios2-elf/lib/mno-hw-mul\libc.a(lib_a-mallocr.o)
                0x00000000008081cc                __malloc_sbrk_base
                0x00000000008081d0                __malloc_trim_threshold
 .sdata         0x00000000008081d4       0x14 ../max10_nios_classic_bsp/\libhal_bsp.a(alt_dev.o)
                0x00000000008081d4                alt_fs_list
                0x00000000008081dc                alt_dev_list
                0x00000000008081e4                alt_max_fd
 .sdata         0x00000000008081e8        0x4 ../max10_nios_classic_bsp/\libhal_bsp.a(alt_errno.o)
                0x00000000008081e8                alt_errno
 .sdata         0x00000000008081ec        0x4 ../max10_nios_classic_bsp/\libhal_bsp.a(alt_sbrk.o)
 .sdata         0x00000000008081f0        0x8 ../max10_nios_classic_bsp/\libhal_bsp.a(alt_flash_dev.o)
                0x00000000008081f0                alt_flash_dev_list
 .sdata         0x00000000008081f8        0x4 ../max10_nios_classic_bsp/\libhal_bsp.a(alt_irq_vars.o)
                0x00000000008081f8                alt_priority_mask
 .sdata         0x00000000008081fc        0x8 ../max10_nios_classic_bsp/\libhal_bsp.a(alt_tick.o)
                0x00000000008081fc                alt_alarm_list
 *(.sdata2 .sdata2.* .gnu.linkonce.s2.*)
                0x0000000000808204                . = ALIGN (0x4)
                0x0000000000808204                _edata = ABSOLUTE (.)
                0x0000000000808204                PROVIDE (edata, ABSOLUTE (.))
                0x0000000000808204                PROVIDE (__ram_rwdata_end, ABSOLUTE (.))
                0x00000000008066c8                PROVIDE (__flash_rwdata_start, LOADADDR (.rwdata))

.bss            0x0000000000808204      0x150
                0x0000000000808204                __bss_start = ABSOLUTE (.)
                0x0000000000808204                PROVIDE (__sbss_start, ABSOLUTE (.))
                0x0000000000808204                PROVIDE (___sbss_start, ABSOLUTE (.))
 *(.dynsbss)
 *(.sbss .sbss.* .gnu.linkonce.sb.*)
 .sbss          0x0000000000808204        0xc c:/altera/14.1/nios2eds/bin/gnu/h-x86_64-mingw32/bin/../lib/gcc/nios2-elf/4.8.3/../../../../../H-x86_64-mingw32/nios2-elf/lib/mno-hw-mul\libc.a(lib_a-mallocr.o)
                0x0000000000808204                __malloc_max_total_mem
                0x0000000000808208                __malloc_max_sbrked_mem
                0x000000000080820c                __malloc_top_pad
 .sbss          0x0000000000808210        0x4 c:/altera/14.1/nios2eds/bin/gnu/h-x86_64-mingw32/bin/../lib/gcc/nios2-elf/4.8.3/../../../../../H-x86_64-mingw32/nios2-elf/lib/mno-hw-mul\libc.a(lib_a-int_errno.o)
                0x0000000000808210                errno
 .sbss          0x0000000000808214        0xc ../max10_nios_classic_bsp/\libhal_bsp.a(alt_main.o)
                0x0000000000808214                alt_argc
                0x0000000000808218                alt_argv
                0x000000000080821c                alt_envp
 .sbss          0x0000000000808220        0x4 ../max10_nios_classic_bsp/\libhal_bsp.a(alt_irq_vars.o)
                0x0000000000808220                alt_irq_active
 .sbss          0x0000000000808224        0x8 ../max10_nios_classic_bsp/\libhal_bsp.a(alt_tick.o)
                0x0000000000808224                _alt_tick_rate
                0x0000000000808228                _alt_nticks
 *(.sbss2 .sbss2.* .gnu.linkonce.sb2.*)
 *(.scommon)
                0x000000000080822c                PROVIDE (__sbss_end, ABSOLUTE (.))
                0x000000000080822c                PROVIDE (___sbss_end, ABSOLUTE (.))
 *(.dynbss)
 *(.bss .bss.* .gnu.linkonce.b.*)
 .bss           0x000000000080822c        0x0 ../max10_nios_classic_bsp//obj/HAL/src/crt0.o
 .bss           0x000000000080822c        0x0 obj/default/hello_world.o
 .bss           0x000000000080822c        0x0 c:/altera/14.1/nios2eds/bin/gnu/h-x86_64-mingw32/bin/../lib/gcc/nios2-elf/4.8.3/../../../../../H-x86_64-mingw32/nios2-elf/lib/mno-hw-mul\libc.a(lib_a-puts.o)
 .bss           0x000000000080822c        0x0 c:/altera/14.1/nios2eds/bin/gnu/h-x86_64-mingw32/bin/../lib/gcc/nios2-elf/4.8.3/../../../../../H-x86_64-mingw32/nios2-elf/lib/mno-hw-mul\libc.a(lib_a-strlen.o)
 .bss           0x000000000080822c        0x0 c:/altera/14.1/nios2eds/bin/gnu/h-x86_64-mingw32/bin/../lib/gcc/nios2-elf/4.8.3/../../../../../H-x86_64-mingw32/nios2-elf/lib/mno-hw-mul\libc.a(lib_a-fvwrite.o)
 .bss           0x000000000080822c        0x0 c:/altera/14.1/nios2eds/bin/gnu/h-x86_64-mingw32/bin/../lib/gcc/nios2-elf/4.8.3/../../../../../H-x86_64-mingw32/nios2-elf/lib/mno-hw-mul\libc.a(lib_a-impure.o)
 .bss           0x000000000080822c       0x28 c:/altera/14.1/nios2eds/bin/gnu/h-x86_64-mingw32/bin/../lib/gcc/nios2-elf/4.8.3/../../../../../H-x86_64-mingw32/nios2-elf/lib/mno-hw-mul\libc.a(lib_a-mallocr.o)
                0x000000000080822c                __malloc_current_mallinfo
 .bss           0x0000000000808254        0x0 c:/altera/14.1/nios2eds/bin/gnu/h-x86_64-mingw32/bin/../lib/gcc/nios2-elf/4.8.3/../../../../../H-x86_64-mingw32/nios2-elf/lib/mno-hw-mul\libc.a(lib_a-memchr.o)
 .bss           0x0000000000808254        0x0 c:/altera/14.1/nios2eds/bin/gnu/h-x86_64-mingw32/bin/../lib/gcc/nios2-elf/4.8.3/../../../../../H-x86_64-mingw32/nios2-elf/lib/mno-hw-mul\libc.a(lib_a-memcpy.o)
 .bss           0x0000000000808254        0x0 c:/altera/14.1/nios2eds/bin/gnu/h-x86_64-mingw32/bin/../lib/gcc/nios2-elf/4.8.3/../../../../../H-x86_64-mingw32/nios2-elf/lib/mno-hw-mul\libc.a(lib_a-memmove.o)
 .bss           0x0000000000808254        0x0 c:/altera/14.1/nios2eds/bin/gnu/h-x86_64-mingw32/bin/../lib/gcc/nios2-elf/4.8.3/../../../../../H-x86_64-mingw32/nios2-elf/lib/mno-hw-mul\libc.a(lib_a-reallocr.o)
 .bss           0x0000000000808254        0x0 c:/altera/14.1/nios2eds/bin/gnu/h-x86_64-mingw32/bin/../lib/gcc/nios2-elf/4.8.3/../../../../../H-x86_64-mingw32/nios2-elf/lib/mno-hw-mul\libc.a(lib_a-sbrkr.o)
 .bss           0x0000000000808254        0x0 c:/altera/14.1/nios2eds/bin/gnu/h-x86_64-mingw32/bin/../lib/gcc/nios2-elf/4.8.3/../../../../../H-x86_64-mingw32/nios2-elf/lib/mno-hw-mul\libc.a(lib_a-wsetup.o)
 .bss           0x0000000000808254        0x0 c:/altera/14.1/nios2eds/bin/gnu/h-x86_64-mingw32/bin/../lib/gcc/nios2-elf/4.8.3/../../../../../H-x86_64-mingw32/nios2-elf/lib/mno-hw-mul\libc.a(lib_a-fflush.o)
 .bss           0x0000000000808254        0x0 c:/altera/14.1/nios2eds/bin/gnu/h-x86_64-mingw32/bin/../lib/gcc/nios2-elf/4.8.3/../../../../../H-x86_64-mingw32/nios2-elf/lib/mno-hw-mul\libc.a(lib_a-findfp.o)
 .bss           0x0000000000808254        0x0 c:/altera/14.1/nios2eds/bin/gnu/h-x86_64-mingw32/bin/../lib/gcc/nios2-elf/4.8.3/../../../../../H-x86_64-mingw32/nios2-elf/lib/mno-hw-mul\libc.a(lib_a-freer.o)
 .bss           0x0000000000808254        0x0 c:/altera/14.1/nios2eds/bin/gnu/h-x86_64-mingw32/bin/../lib/gcc/nios2-elf/4.8.3/../../../../../H-x86_64-mingw32/nios2-elf/lib/mno-hw-mul\libc.a(lib_a-fwalk.o)
 .bss           0x0000000000808254        0x0 c:/altera/14.1/nios2eds/bin/gnu/h-x86_64-mingw32/bin/../lib/gcc/nios2-elf/4.8.3/../../../../../H-x86_64-mingw32/nios2-elf/lib/mno-hw-mul\libc.a(lib_a-int_errno.o)
 .bss           0x0000000000808254        0x0 c:/altera/14.1/nios2eds/bin/gnu/h-x86_64-mingw32/bin/../lib/gcc/nios2-elf/4.8.3/../../../../../H-x86_64-mingw32/nios2-elf/lib/mno-hw-mul\libc.a(lib_a-makebuf.o)
 .bss           0x0000000000808254        0x0 c:/altera/14.1/nios2eds/bin/gnu/h-x86_64-mingw32/bin/../lib/gcc/nios2-elf/4.8.3/../../../../../H-x86_64-mingw32/nios2-elf/lib/mno-hw-mul\libc.a(lib_a-memset.o)
 .bss           0x0000000000808254        0x0 c:/altera/14.1/nios2eds/bin/gnu/h-x86_64-mingw32/bin/../lib/gcc/nios2-elf/4.8.3/../../../../../H-x86_64-mingw32/nios2-elf/lib/mno-hw-mul\libc.a(lib_a-stdio.o)
 .bss           0x0000000000808254        0x0 c:/altera/14.1/nios2eds/bin/gnu/h-x86_64-mingw32/bin/../lib/gcc/nios2-elf/4.8.3/../../../../../H-x86_64-mingw32/nios2-elf/lib/mno-hw-mul\libc.a(lib_a-writer.o)
 .bss           0x0000000000808254        0x0 c:/altera/14.1/nios2eds/bin/gnu/h-x86_64-mingw32/bin/../lib/gcc/nios2-elf/4.8.3/../../../../../H-x86_64-mingw32/nios2-elf/lib/mno-hw-mul\libc.a(closer.o)
 .bss           0x0000000000808254        0x0 c:/altera/14.1/nios2eds/bin/gnu/h-x86_64-mingw32/bin/../lib/gcc/nios2-elf/4.8.3/../../../../../H-x86_64-mingw32/nios2-elf/lib/mno-hw-mul\libc.a(lib_a-fclose.o)
 .bss           0x0000000000808254        0x0 c:/altera/14.1/nios2eds/bin/gnu/h-x86_64-mingw32/bin/../lib/gcc/nios2-elf/4.8.3/../../../../../H-x86_64-mingw32/nios2-elf/lib/mno-hw-mul\libc.a(lib_a-fstatr.o)
 .bss           0x0000000000808254        0x0 c:/altera/14.1/nios2eds/bin/gnu/h-x86_64-mingw32/bin/../lib/gcc/nios2-elf/4.8.3/../../../../../H-x86_64-mingw32/nios2-elf/lib/mno-hw-mul\libc.a(lib_a-isattyr.o)
 .bss           0x0000000000808254        0x0 c:/altera/14.1/nios2eds/bin/gnu/h-x86_64-mingw32/bin/../lib/gcc/nios2-elf/4.8.3/../../../../../H-x86_64-mingw32/nios2-elf/lib/mno-hw-mul\libc.a(lib_a-lseekr.o)
 .bss           0x0000000000808254        0x0 c:/altera/14.1/nios2eds/bin/gnu/h-x86_64-mingw32/bin/../lib/gcc/nios2-elf/4.8.3/../../../../../H-x86_64-mingw32/nios2-elf/lib/mno-hw-mul\libc.a(lib_a-readr.o)
 .bss           0x0000000000808254        0x0 c:/altera/14.1/nios2eds/bin/gnu/h-x86_64-mingw32/bin/../lib/gcc/nios2-elf/4.8.3/mno-hw-mul\libgcc.a(lib2-mul.o)
 .bss           0x0000000000808254        0x0 ../max10_nios_classic_bsp/\libhal_bsp.a(alt_close.o)
 .bss           0x0000000000808254        0x0 ../max10_nios_classic_bsp/\libhal_bsp.a(alt_dev.o)
 .bss           0x0000000000808254        0x0 ../max10_nios_classic_bsp/\libhal_bsp.a(alt_errno.o)
 .bss           0x0000000000808254        0x0 ../max10_nios_classic_bsp/\libhal_bsp.a(alt_fstat.o)
 .bss           0x0000000000808254        0x0 ../max10_nios_classic_bsp/\libhal_bsp.a(alt_isatty.o)
 .bss           0x0000000000808254        0x0 ../max10_nios_classic_bsp/\libhal_bsp.a(alt_lseek.o)
 .bss           0x0000000000808254        0x0 ../max10_nios_classic_bsp/\libhal_bsp.a(alt_main.o)
 .bss           0x0000000000808254        0x0 ../max10_nios_classic_bsp/\libhal_bsp.a(alt_malloc_lock.o)
 .bss           0x0000000000808254        0x0 ../max10_nios_classic_bsp/\libhal_bsp.a(alt_read.o)
 .bss           0x0000000000808254        0x0 ../max10_nios_classic_bsp/\libhal_bsp.a(alt_release_fd.o)
 .bss           0x0000000000808254        0x0 ../max10_nios_classic_bsp/\libhal_bsp.a(alt_sbrk.o)
 .bss           0x0000000000808254        0x0 ../max10_nios_classic_bsp/\libhal_bsp.a(alt_write.o)
 .bss           0x0000000000808254        0x0 ../max10_nios_classic_bsp/\libhal_bsp.a(alt_sys_init.o)
 .bss           0x0000000000808254        0x0 ../max10_nios_classic_bsp/\libhal_bsp.a(altera_avalon_epcs_flash_controller.o)
 .bss           0x0000000000808254        0x0 ../max10_nios_classic_bsp/\libhal_bsp.a(altera_avalon_jtag_uart_fd.o)
 .bss           0x0000000000808254        0x0 ../max10_nios_classic_bsp/\libhal_bsp.a(altera_avalon_jtag_uart_init.o)
 .bss           0x0000000000808254        0x0 ../max10_nios_classic_bsp/\libhal_bsp.a(altera_avalon_jtag_uart_ioctl.o)
 .bss           0x0000000000808254        0x0 ../max10_nios_classic_bsp/\libhal_bsp.a(altera_avalon_jtag_uart_read.o)
 .bss           0x0000000000808254        0x0 ../max10_nios_classic_bsp/\libhal_bsp.a(altera_avalon_jtag_uart_write.o)
 .bss           0x0000000000808254        0x0 ../max10_nios_classic_bsp/\libhal_bsp.a(altera_avalon_timer_sc.o)
 .bss           0x0000000000808254        0x0 ../max10_nios_classic_bsp/\libhal_bsp.a(epcs_commands.o)
 .bss           0x0000000000808254        0x0 ../max10_nios_classic_bsp/\libhal_bsp.a(alt_alarm_start.o)
 .bss           0x0000000000808254        0x0 ../max10_nios_classic_bsp/\libhal_bsp.a(alt_dev_llist_insert.o)
 .bss           0x0000000000808254        0x0 ../max10_nios_classic_bsp/\libhal_bsp.a(alt_do_ctors.o)
 .bss           0x0000000000808254        0x0 ../max10_nios_classic_bsp/\libhal_bsp.a(alt_do_dtors.o)
 .bss           0x0000000000808254        0x0 ../max10_nios_classic_bsp/\libhal_bsp.a(alt_flash_dev.o)
 .bss           0x0000000000808254        0x0 ../max10_nios_classic_bsp/\libhal_bsp.a(alt_iic.o)
 .bss           0x0000000000808254        0x0 ../max10_nios_classic_bsp/\libhal_bsp.a(alt_iic_isr_register.o)
 .bss           0x0000000000808254        0x0 ../max10_nios_classic_bsp/\libhal_bsp.a(alt_io_redirect.o)
 .bss           0x0000000000808254        0x0 ../max10_nios_classic_bsp/\libhal_bsp.a(alt_irq_entry.o)
 .bss           0x0000000000808254        0x0 ../max10_nios_classic_bsp/\libhal_bsp.a(alt_irq_handler.o)
 .bss           0x0000000000808254        0x0 ../max10_nios_classic_bsp/\libhal_bsp.a(alt_irq_vars.o)
 .bss           0x0000000000808254        0x0 ../max10_nios_classic_bsp/\libhal_bsp.a(alt_open.o)
 .bss           0x0000000000808254        0x0 ../max10_nios_classic_bsp/\libhal_bsp.a(alt_tick.o)
 .bss           0x0000000000808254        0x0 ../max10_nios_classic_bsp/\libhal_bsp.a(altera_nios2_qsys_irq.o)
 .bss           0x0000000000808254        0x0 ../max10_nios_classic_bsp/\libhal_bsp.a(altera_avalon_spi.o)
 .bss           0x0000000000808254        0x0 ../max10_nios_classic_bsp/\libhal_bsp.a(alt_exception_entry.o)
 .bss           0x0000000000808254        0x0 ../max10_nios_classic_bsp/\libhal_bsp.a(alt_find_dev.o)
 .bss           0x0000000000808254        0x0 ../max10_nios_classic_bsp/\libhal_bsp.a(alt_find_file.o)
 .bss           0x0000000000808254        0x0 ../max10_nios_classic_bsp/\libhal_bsp.a(alt_get_fd.o)
 .bss           0x0000000000808254        0x0 c:/altera/14.1/nios2eds/bin/gnu/h-x86_64-mingw32/bin/../lib/gcc/nios2-elf/4.8.3/../../../../../H-x86_64-mingw32/nios2-elf/lib/mno-hw-mul\libc.a(lib_a-atexit.o)
 .bss           0x0000000000808254        0x0 c:/altera/14.1/nios2eds/bin/gnu/h-x86_64-mingw32/bin/../lib/gcc/nios2-elf/4.8.3/../../../../../H-x86_64-mingw32/nios2-elf/lib/mno-hw-mul\libc.a(lib_a-exit.o)
 .bss           0x0000000000808254        0x0 c:/altera/14.1/nios2eds/bin/gnu/h-x86_64-mingw32/bin/../lib/gcc/nios2-elf/4.8.3/../../../../../H-x86_64-mingw32/nios2-elf/lib/mno-hw-mul\libc.a(lib_a-memcmp.o)
 .bss           0x0000000000808254        0x0 c:/altera/14.1/nios2eds/bin/gnu/h-x86_64-mingw32/bin/../lib/gcc/nios2-elf/4.8.3/../../../../../H-x86_64-mingw32/nios2-elf/lib/mno-hw-mul\libc.a(lib_a-__atexit.o)
 .bss           0x0000000000808254        0x0 c:/altera/14.1/nios2eds/bin/gnu/h-x86_64-mingw32/bin/../lib/gcc/nios2-elf/4.8.3/../../../../../H-x86_64-mingw32/nios2-elf/lib/mno-hw-mul\libc.a(lib_a-__call_atexit.o)
 .bss           0x0000000000808254        0x0 ../max10_nios_classic_bsp/\libhal_bsp.a(alt_exit.o)
 *(COMMON)
 COMMON         0x0000000000808254      0x100 ../max10_nios_classic_bsp/\libhal_bsp.a(alt_irq_handler.o)
                0x0000000000808254                alt_irq
                0x0000000000808354                . = ALIGN (0x4)
                0x0000000000808354                __bss_end = ABSOLUTE (.)

.sdram          0x0000000000808354        0x0
                0x0000000000808354                PROVIDE (_alt_partition_sdram_start, ABSOLUTE (.))
 *(.sdram .sdram. sdram.*)
                0x0000000000808354                . = ALIGN (0x4)
                0x0000000000808354                PROVIDE (_alt_partition_sdram_end, ABSOLUTE (.))
                0x0000000000808354                _end = ABSOLUTE (.)
                0x0000000000808354                end = ABSOLUTE (.)
                0x0000000000808354                __alt_stack_base = ABSOLUTE (.)
                0x0000000000808354                PROVIDE (_alt_partition_sdram_load_addr, LOADADDR (.sdram))

.flash          0x0000000001001020        0x0
                0x0000000001001020                PROVIDE (_alt_partition_flash_start, ABSOLUTE (.))
 *(.flash .flash. flash.*)
                0x0000000001001020                . = ALIGN (0x4)
                0x0000000001001020                PROVIDE (_alt_partition_flash_end, ABSOLUTE (.))
                0x0000000001001020                PROVIDE (_alt_partition_flash_load_addr, LOADADDR (.flash))

.stab
 *(.stab)

.stabstr
 *(.stabstr)

.stab.excl
 *(.stab.excl)

.stab.exclstr
 *(.stab.exclstr)

.stab.index
 *(.stab.index)

.stab.indexstr
 *(.stab.indexstr)

.comment        0x0000000000000000       0x39
 *(.comment)
 .comment       0x0000000000000000       0x39 obj/default/hello_world.o
                                         0x3a (size before relaxing)
 .comment       0x0000000000000000       0x3a c:/altera/14.1/nios2eds/bin/gnu/h-x86_64-mingw32/bin/../lib/gcc/nios2-elf/4.8.3/../../../../../H-x86_64-mingw32/nios2-elf/lib/mno-hw-mul\libc.a(lib_a-puts.o)
 .comment       0x0000000000000000       0x3a c:/altera/14.1/nios2eds/bin/gnu/h-x86_64-mingw32/bin/../lib/gcc/nios2-elf/4.8.3/../../../../../H-x86_64-mingw32/nios2-elf/lib/mno-hw-mul\libc.a(lib_a-strlen.o)
 .comment       0x0000000000000000       0x3a c:/altera/14.1/nios2eds/bin/gnu/h-x86_64-mingw32/bin/../lib/gcc/nios2-elf/4.8.3/../../../../../H-x86_64-mingw32/nios2-elf/lib/mno-hw-mul\libc.a(lib_a-fvwrite.o)
 .comment       0x0000000000000000       0x3a c:/altera/14.1/nios2eds/bin/gnu/h-x86_64-mingw32/bin/../lib/gcc/nios2-elf/4.8.3/../../../../../H-x86_64-mingw32/nios2-elf/lib/mno-hw-mul\libc.a(lib_a-impure.o)
 .comment       0x0000000000000000       0x3a c:/altera/14.1/nios2eds/bin/gnu/h-x86_64-mingw32/bin/../lib/gcc/nios2-elf/4.8.3/../../../../../H-x86_64-mingw32/nios2-elf/lib/mno-hw-mul\libc.a(lib_a-mallocr.o)
 .comment       0x0000000000000000       0x3a c:/altera/14.1/nios2eds/bin/gnu/h-x86_64-mingw32/bin/../lib/gcc/nios2-elf/4.8.3/../../../../../H-x86_64-mingw32/nios2-elf/lib/mno-hw-mul\libc.a(lib_a-memchr.o)
 .comment       0x0000000000000000       0x3a c:/altera/14.1/nios2eds/bin/gnu/h-x86_64-mingw32/bin/../lib/gcc/nios2-elf/4.8.3/../../../../../H-x86_64-mingw32/nios2-elf/lib/mno-hw-mul\libc.a(lib_a-memcpy.o)
 .comment       0x0000000000000000       0x3a c:/altera/14.1/nios2eds/bin/gnu/h-x86_64-mingw32/bin/../lib/gcc/nios2-elf/4.8.3/../../../../../H-x86_64-mingw32/nios2-elf/lib/mno-hw-mul\libc.a(lib_a-memmove.o)
 .comment       0x0000000000000000       0x3a c:/altera/14.1/nios2eds/bin/gnu/h-x86_64-mingw32/bin/../lib/gcc/nios2-elf/4.8.3/../../../../../H-x86_64-mingw32/nios2-elf/lib/mno-hw-mul\libc.a(lib_a-reallocr.o)
 .comment       0x0000000000000000       0x3a c:/altera/14.1/nios2eds/bin/gnu/h-x86_64-mingw32/bin/../lib/gcc/nios2-elf/4.8.3/../../../../../H-x86_64-mingw32/nios2-elf/lib/mno-hw-mul\libc.a(lib_a-sbrkr.o)
 .comment       0x0000000000000000       0x3a c:/altera/14.1/nios2eds/bin/gnu/h-x86_64-mingw32/bin/../lib/gcc/nios2-elf/4.8.3/../../../../../H-x86_64-mingw32/nios2-elf/lib/mno-hw-mul\libc.a(lib_a-wsetup.o)
 .comment       0x0000000000000000       0x3a c:/altera/14.1/nios2eds/bin/gnu/h-x86_64-mingw32/bin/../lib/gcc/nios2-elf/4.8.3/../../../../../H-x86_64-mingw32/nios2-elf/lib/mno-hw-mul\libc.a(lib_a-fflush.o)
 .comment       0x0000000000000000       0x3a c:/altera/14.1/nios2eds/bin/gnu/h-x86_64-mingw32/bin/../lib/gcc/nios2-elf/4.8.3/../../../../../H-x86_64-mingw32/nios2-elf/lib/mno-hw-mul\libc.a(lib_a-findfp.o)
 .comment       0x0000000000000000       0x3a c:/altera/14.1/nios2eds/bin/gnu/h-x86_64-mingw32/bin/../lib/gcc/nios2-elf/4.8.3/../../../../../H-x86_64-mingw32/nios2-elf/lib/mno-hw-mul\libc.a(lib_a-freer.o)
 .comment       0x0000000000000000       0x3a c:/altera/14.1/nios2eds/bin/gnu/h-x86_64-mingw32/bin/../lib/gcc/nios2-elf/4.8.3/../../../../../H-x86_64-mingw32/nios2-elf/lib/mno-hw-mul\libc.a(lib_a-fwalk.o)
 .comment       0x0000000000000000       0x3a c:/altera/14.1/nios2eds/bin/gnu/h-x86_64-mingw32/bin/../lib/gcc/nios2-elf/4.8.3/../../../../../H-x86_64-mingw32/nios2-elf/lib/mno-hw-mul\libc.a(lib_a-int_errno.o)
 .comment       0x0000000000000000       0x3a c:/altera/14.1/nios2eds/bin/gnu/h-x86_64-mingw32/bin/../lib/gcc/nios2-elf/4.8.3/../../../../../H-x86_64-mingw32/nios2-elf/lib/mno-hw-mul\libc.a(lib_a-makebuf.o)
 .comment       0x0000000000000000       0x3a c:/altera/14.1/nios2eds/bin/gnu/h-x86_64-mingw32/bin/../lib/gcc/nios2-elf/4.8.3/../../../../../H-x86_64-mingw32/nios2-elf/lib/mno-hw-mul\libc.a(lib_a-memset.o)
 .comment       0x0000000000000000       0x3a c:/altera/14.1/nios2eds/bin/gnu/h-x86_64-mingw32/bin/../lib/gcc/nios2-elf/4.8.3/../../../../../H-x86_64-mingw32/nios2-elf/lib/mno-hw-mul\libc.a(lib_a-stdio.o)
 .comment       0x0000000000000000       0x3a c:/altera/14.1/nios2eds/bin/gnu/h-x86_64-mingw32/bin/../lib/gcc/nios2-elf/4.8.3/../../../../../H-x86_64-mingw32/nios2-elf/lib/mno-hw-mul\libc.a(lib_a-writer.o)
 .comment       0x0000000000000000       0x3a c:/altera/14.1/nios2eds/bin/gnu/h-x86_64-mingw32/bin/../lib/gcc/nios2-elf/4.8.3/../../../../../H-x86_64-mingw32/nios2-elf/lib/mno-hw-mul\libc.a(closer.o)
 .comment       0x0000000000000000       0x3a c:/altera/14.1/nios2eds/bin/gnu/h-x86_64-mingw32/bin/../lib/gcc/nios2-elf/4.8.3/../../../../../H-x86_64-mingw32/nios2-elf/lib/mno-hw-mul\libc.a(lib_a-fclose.o)
 .comment       0x0000000000000000       0x3a c:/altera/14.1/nios2eds/bin/gnu/h-x86_64-mingw32/bin/../lib/gcc/nios2-elf/4.8.3/../../../../../H-x86_64-mingw32/nios2-elf/lib/mno-hw-mul\libc.a(lib_a-fstatr.o)
 .comment       0x0000000000000000       0x3a c:/altera/14.1/nios2eds/bin/gnu/h-x86_64-mingw32/bin/../lib/gcc/nios2-elf/4.8.3/../../../../../H-x86_64-mingw32/nios2-elf/lib/mno-hw-mul\libc.a(lib_a-isattyr.o)
 .comment       0x0000000000000000       0x3a c:/altera/14.1/nios2eds/bin/gnu/h-x86_64-mingw32/bin/../lib/gcc/nios2-elf/4.8.3/../../../../../H-x86_64-mingw32/nios2-elf/lib/mno-hw-mul\libc.a(lib_a-lseekr.o)
 .comment       0x0000000000000000       0x3a c:/altera/14.1/nios2eds/bin/gnu/h-x86_64-mingw32/bin/../lib/gcc/nios2-elf/4.8.3/../../../../../H-x86_64-mingw32/nios2-elf/lib/mno-hw-mul\libc.a(lib_a-readr.o)
 .comment       0x0000000000000000       0x3a c:/altera/14.1/nios2eds/bin/gnu/h-x86_64-mingw32/bin/../lib/gcc/nios2-elf/4.8.3/mno-hw-mul\libgcc.a(lib2-mul.o)
 .comment       0x0000000000000000       0x3a ../max10_nios_classic_bsp/\libhal_bsp.a(alt_close.o)
 .comment       0x0000000000000000       0x3a ../max10_nios_classic_bsp/\libhal_bsp.a(alt_dev.o)
 .comment       0x0000000000000000       0x3a ../max10_nios_classic_bsp/\libhal_bsp.a(alt_errno.o)
 .comment       0x0000000000000000       0x3a ../max10_nios_classic_bsp/\libhal_bsp.a(alt_fstat.o)
 .comment       0x0000000000000000       0x3a ../max10_nios_classic_bsp/\libhal_bsp.a(alt_isatty.o)
 .comment       0x0000000000000000       0x3a ../max10_nios_classic_bsp/\libhal_bsp.a(alt_lseek.o)
 .comment       0x0000000000000000       0x3a ../max10_nios_classic_bsp/\libhal_bsp.a(alt_main.o)
 .comment       0x0000000000000000       0x3a ../max10_nios_classic_bsp/\libhal_bsp.a(alt_malloc_lock.o)
 .comment       0x0000000000000000       0x3a ../max10_nios_classic_bsp/\libhal_bsp.a(alt_read.o)
 .comment       0x0000000000000000       0x3a ../max10_nios_classic_bsp/\libhal_bsp.a(alt_release_fd.o)
 .comment       0x0000000000000000       0x3a ../max10_nios_classic_bsp/\libhal_bsp.a(alt_sbrk.o)
 .comment       0x0000000000000000       0x3a ../max10_nios_classic_bsp/\libhal_bsp.a(alt_write.o)
 .comment       0x0000000000000000       0x3a ../max10_nios_classic_bsp/\libhal_bsp.a(alt_sys_init.o)
 .comment       0x0000000000000000       0x3a ../max10_nios_classic_bsp/\libhal_bsp.a(altera_avalon_epcs_flash_controller.o)
 .comment       0x0000000000000000       0x3a ../max10_nios_classic_bsp/\libhal_bsp.a(altera_avalon_jtag_uart_fd.o)
 .comment       0x0000000000000000       0x3a ../max10_nios_classic_bsp/\libhal_bsp.a(altera_avalon_jtag_uart_init.o)
 .comment       0x0000000000000000       0x3a ../max10_nios_classic_bsp/\libhal_bsp.a(altera_avalon_jtag_uart_ioctl.o)
 .comment       0x0000000000000000       0x3a ../max10_nios_classic_bsp/\libhal_bsp.a(altera_avalon_jtag_uart_read.o)
 .comment       0x0000000000000000       0x3a ../max10_nios_classic_bsp/\libhal_bsp.a(altera_avalon_jtag_uart_write.o)
 .comment       0x0000000000000000       0x3a ../max10_nios_classic_bsp/\libhal_bsp.a(altera_avalon_timer_sc.o)
 .comment       0x0000000000000000       0x3a ../max10_nios_classic_bsp/\libhal_bsp.a(epcs_commands.o)
 .comment       0x0000000000000000       0x3a ../max10_nios_classic_bsp/\libhal_bsp.a(alt_alarm_start.o)
 .comment       0x0000000000000000       0x3a ../max10_nios_classic_bsp/\libhal_bsp.a(alt_dev_llist_insert.o)
 .comment       0x0000000000000000       0x3a ../max10_nios_classic_bsp/\libhal_bsp.a(alt_do_ctors.o)
 .comment       0x0000000000000000       0x3a ../max10_nios_classic_bsp/\libhal_bsp.a(alt_do_dtors.o)
 .comment       0x0000000000000000       0x3a ../max10_nios_classic_bsp/\libhal_bsp.a(alt_flash_dev.o)
 .comment       0x0000000000000000       0x3a ../max10_nios_classic_bsp/\libhal_bsp.a(alt_iic.o)
 .comment       0x0000000000000000       0x3a ../max10_nios_classic_bsp/\libhal_bsp.a(alt_iic_isr_register.o)
 .comment       0x0000000000000000       0x3a ../max10_nios_classic_bsp/\libhal_bsp.a(alt_io_redirect.o)
 .comment       0x0000000000000000       0x3a ../max10_nios_classic_bsp/\libhal_bsp.a(alt_irq_handler.o)
 .comment       0x0000000000000000       0x3a ../max10_nios_classic_bsp/\libhal_bsp.a(alt_irq_vars.o)
 .comment       0x0000000000000000       0x3a ../max10_nios_classic_bsp/\libhal_bsp.a(alt_open.o)
 .comment       0x0000000000000000       0x3a ../max10_nios_classic_bsp/\libhal_bsp.a(alt_tick.o)
 .comment       0x0000000000000000       0x3a ../max10_nios_classic_bsp/\libhal_bsp.a(altera_nios2_qsys_irq.o)
 .comment       0x0000000000000000       0x3a ../max10_nios_classic_bsp/\libhal_bsp.a(altera_avalon_spi.o)
 .comment       0x0000000000000000       0x3a ../max10_nios_classic_bsp/\libhal_bsp.a(alt_find_dev.o)
 .comment       0x0000000000000000       0x3a ../max10_nios_classic_bsp/\libhal_bsp.a(alt_find_file.o)
 .comment       0x0000000000000000       0x3a ../max10_nios_classic_bsp/\libhal_bsp.a(alt_get_fd.o)
 .comment       0x0000000000000000       0x3a c:/altera/14.1/nios2eds/bin/gnu/h-x86_64-mingw32/bin/../lib/gcc/nios2-elf/4.8.3/../../../../../H-x86_64-mingw32/nios2-elf/lib/mno-hw-mul\libc.a(lib_a-atexit.o)
 .comment       0x0000000000000000       0x3a c:/altera/14.1/nios2eds/bin/gnu/h-x86_64-mingw32/bin/../lib/gcc/nios2-elf/4.8.3/../../../../../H-x86_64-mingw32/nios2-elf/lib/mno-hw-mul\libc.a(lib_a-exit.o)
 .comment       0x0000000000000000       0x3a c:/altera/14.1/nios2eds/bin/gnu/h-x86_64-mingw32/bin/../lib/gcc/nios2-elf/4.8.3/../../../../../H-x86_64-mingw32/nios2-elf/lib/mno-hw-mul\libc.a(lib_a-memcmp.o)
 .comment       0x0000000000000000       0x3a c:/altera/14.1/nios2eds/bin/gnu/h-x86_64-mingw32/bin/../lib/gcc/nios2-elf/4.8.3/../../../../../H-x86_64-mingw32/nios2-elf/lib/mno-hw-mul\libc.a(lib_a-__atexit.o)
 .comment       0x0000000000000000       0x3a c:/altera/14.1/nios2eds/bin/gnu/h-x86_64-mingw32/bin/../lib/gcc/nios2-elf/4.8.3/../../../../../H-x86_64-mingw32/nios2-elf/lib/mno-hw-mul\libc.a(lib_a-__call_atexit.o)
 .comment       0x0000000000000000       0x3a ../max10_nios_classic_bsp/\libhal_bsp.a(alt_exit.o)

.debug
 *(.debug)

.line
 *(.line)

.debug_srcinfo
 *(.debug_srcinfo)

.debug_sfnames
 *(.debug_sfnames)

.debug_aranges  0x0000000000000000      0x968
 *(.debug_aranges)
 .debug_aranges
                0x0000000000000000       0x20 ../max10_nios_classic_bsp//obj/HAL/src/crt0.o
 .debug_aranges
                0x0000000000000020       0x20 obj/default/hello_world.o
 .debug_aranges
                0x0000000000000040       0x20 c:/altera/14.1/nios2eds/bin/gnu/h-x86_64-mingw32/bin/../lib/gcc/nios2-elf/4.8.3/../../../../../H-x86_64-mingw32/nios2-elf/lib/mno-hw-mul\libc.a(lib_a-puts.o)
 .debug_aranges
                0x0000000000000060       0x20 c:/altera/14.1/nios2eds/bin/gnu/h-x86_64-mingw32/bin/../lib/gcc/nios2-elf/4.8.3/../../../../../H-x86_64-mingw32/nios2-elf/lib/mno-hw-mul\libc.a(lib_a-strlen.o)
 .debug_aranges
                0x0000000000000080       0x20 c:/altera/14.1/nios2eds/bin/gnu/h-x86_64-mingw32/bin/../lib/gcc/nios2-elf/4.8.3/../../../../../H-x86_64-mingw32/nios2-elf/lib/mno-hw-mul\libc.a(lib_a-fvwrite.o)
 .debug_aranges
                0x00000000000000a0       0x18 c:/altera/14.1/nios2eds/bin/gnu/h-x86_64-mingw32/bin/../lib/gcc/nios2-elf/4.8.3/../../../../../H-x86_64-mingw32/nios2-elf/lib/mno-hw-mul\libc.a(lib_a-impure.o)
 .debug_aranges
                0x00000000000000b8       0x20 c:/altera/14.1/nios2eds/bin/gnu/h-x86_64-mingw32/bin/../lib/gcc/nios2-elf/4.8.3/../../../../../H-x86_64-mingw32/nios2-elf/lib/mno-hw-mul\libc.a(lib_a-mallocr.o)
 .debug_aranges
                0x00000000000000d8       0x20 c:/altera/14.1/nios2eds/bin/gnu/h-x86_64-mingw32/bin/../lib/gcc/nios2-elf/4.8.3/../../../../../H-x86_64-mingw32/nios2-elf/lib/mno-hw-mul\libc.a(lib_a-memchr.o)
 .debug_aranges
                0x00000000000000f8       0x20 c:/altera/14.1/nios2eds/bin/gnu/h-x86_64-mingw32/bin/../lib/gcc/nios2-elf/4.8.3/../../../../../H-x86_64-mingw32/nios2-elf/lib/mno-hw-mul\libc.a(lib_a-memcpy.o)
 .debug_aranges
                0x0000000000000118       0x20 c:/altera/14.1/nios2eds/bin/gnu/h-x86_64-mingw32/bin/../lib/gcc/nios2-elf/4.8.3/../../../../../H-x86_64-mingw32/nios2-elf/lib/mno-hw-mul\libc.a(lib_a-memmove.o)
 .debug_aranges
                0x0000000000000138       0x20 c:/altera/14.1/nios2eds/bin/gnu/h-x86_64-mingw32/bin/../lib/gcc/nios2-elf/4.8.3/../../../../../H-x86_64-mingw32/nios2-elf/lib/mno-hw-mul\libc.a(lib_a-reallocr.o)
 .debug_aranges
                0x0000000000000158       0x20 c:/altera/14.1/nios2eds/bin/gnu/h-x86_64-mingw32/bin/../lib/gcc/nios2-elf/4.8.3/../../../../../H-x86_64-mingw32/nios2-elf/lib/mno-hw-mul\libc.a(lib_a-sbrkr.o)
 .debug_aranges
                0x0000000000000178       0x20 c:/altera/14.1/nios2eds/bin/gnu/h-x86_64-mingw32/bin/../lib/gcc/nios2-elf/4.8.3/../../../../../H-x86_64-mingw32/nios2-elf/lib/mno-hw-mul\libc.a(lib_a-wsetup.o)
 .debug_aranges
                0x0000000000000198       0x20 c:/altera/14.1/nios2eds/bin/gnu/h-x86_64-mingw32/bin/../lib/gcc/nios2-elf/4.8.3/../../../../../H-x86_64-mingw32/nios2-elf/lib/mno-hw-mul\libc.a(lib_a-fflush.o)
 .debug_aranges
                0x00000000000001b8       0x20 c:/altera/14.1/nios2eds/bin/gnu/h-x86_64-mingw32/bin/../lib/gcc/nios2-elf/4.8.3/../../../../../H-x86_64-mingw32/nios2-elf/lib/mno-hw-mul\libc.a(lib_a-findfp.o)
 .debug_aranges
                0x00000000000001d8       0x20 c:/altera/14.1/nios2eds/bin/gnu/h-x86_64-mingw32/bin/../lib/gcc/nios2-elf/4.8.3/../../../../../H-x86_64-mingw32/nios2-elf/lib/mno-hw-mul\libc.a(lib_a-freer.o)
 .debug_aranges
                0x00000000000001f8       0x20 c:/altera/14.1/nios2eds/bin/gnu/h-x86_64-mingw32/bin/../lib/gcc/nios2-elf/4.8.3/../../../../../H-x86_64-mingw32/nios2-elf/lib/mno-hw-mul\libc.a(lib_a-fwalk.o)
 .debug_aranges
                0x0000000000000218       0x18 c:/altera/14.1/nios2eds/bin/gnu/h-x86_64-mingw32/bin/../lib/gcc/nios2-elf/4.8.3/../../../../../H-x86_64-mingw32/nios2-elf/lib/mno-hw-mul\libc.a(lib_a-int_errno.o)
 .debug_aranges
                0x0000000000000230       0x20 c:/altera/14.1/nios2eds/bin/gnu/h-x86_64-mingw32/bin/../lib/gcc/nios2-elf/4.8.3/../../../../../H-x86_64-mingw32/nios2-elf/lib/mno-hw-mul\libc.a(lib_a-makebuf.o)
 .debug_aranges
                0x0000000000000250       0x20 c:/altera/14.1/nios2eds/bin/gnu/h-x86_64-mingw32/bin/../lib/gcc/nios2-elf/4.8.3/../../../../../H-x86_64-mingw32/nios2-elf/lib/mno-hw-mul\libc.a(lib_a-memset.o)
 .debug_aranges
                0x0000000000000270       0x20 c:/altera/14.1/nios2eds/bin/gnu/h-x86_64-mingw32/bin/../lib/gcc/nios2-elf/4.8.3/../../../../../H-x86_64-mingw32/nios2-elf/lib/mno-hw-mul\libc.a(lib_a-stdio.o)
 .debug_aranges
                0x0000000000000290       0x20 c:/altera/14.1/nios2eds/bin/gnu/h-x86_64-mingw32/bin/../lib/gcc/nios2-elf/4.8.3/../../../../../H-x86_64-mingw32/nios2-elf/lib/mno-hw-mul\libc.a(lib_a-writer.o)
 .debug_aranges
                0x00000000000002b0       0x20 c:/altera/14.1/nios2eds/bin/gnu/h-x86_64-mingw32/bin/../lib/gcc/nios2-elf/4.8.3/../../../../../H-x86_64-mingw32/nios2-elf/lib/mno-hw-mul\libc.a(closer.o)
 .debug_aranges
                0x00000000000002d0       0x20 c:/altera/14.1/nios2eds/bin/gnu/h-x86_64-mingw32/bin/../lib/gcc/nios2-elf/4.8.3/../../../../../H-x86_64-mingw32/nios2-elf/lib/mno-hw-mul\libc.a(lib_a-fclose.o)
 .debug_aranges
                0x00000000000002f0       0x20 c:/altera/14.1/nios2eds/bin/gnu/h-x86_64-mingw32/bin/../lib/gcc/nios2-elf/4.8.3/../../../../../H-x86_64-mingw32/nios2-elf/lib/mno-hw-mul\libc.a(lib_a-fstatr.o)
 .debug_aranges
                0x0000000000000310       0x20 c:/altera/14.1/nios2eds/bin/gnu/h-x86_64-mingw32/bin/../lib/gcc/nios2-elf/4.8.3/../../../../../H-x86_64-mingw32/nios2-elf/lib/mno-hw-mul\libc.a(lib_a-isattyr.o)
 .debug_aranges
                0x0000000000000330       0x20 c:/altera/14.1/nios2eds/bin/gnu/h-x86_64-mingw32/bin/../lib/gcc/nios2-elf/4.8.3/../../../../../H-x86_64-mingw32/nios2-elf/lib/mno-hw-mul\libc.a(lib_a-lseekr.o)
 .debug_aranges
                0x0000000000000350       0x20 c:/altera/14.1/nios2eds/bin/gnu/h-x86_64-mingw32/bin/../lib/gcc/nios2-elf/4.8.3/../../../../../H-x86_64-mingw32/nios2-elf/lib/mno-hw-mul\libc.a(lib_a-readr.o)
 .debug_aranges
                0x0000000000000370       0x20 c:/altera/14.1/nios2eds/bin/gnu/h-x86_64-mingw32/bin/../lib/gcc/nios2-elf/4.8.3/mno-hw-mul\libgcc.a(lib2-mul.o)
 .debug_aranges
                0x0000000000000390       0x20 ../max10_nios_classic_bsp/\libhal_bsp.a(alt_close.o)
 .debug_aranges
                0x00000000000003b0       0x20 ../max10_nios_classic_bsp/\libhal_bsp.a(alt_dev.o)
 .debug_aranges
                0x00000000000003d0       0x18 ../max10_nios_classic_bsp/\libhal_bsp.a(alt_errno.o)
 .debug_aranges
                0x00000000000003e8       0x20 ../max10_nios_classic_bsp/\libhal_bsp.a(alt_fstat.o)
 .debug_aranges
                0x0000000000000408       0x20 ../max10_nios_classic_bsp/\libhal_bsp.a(alt_isatty.o)
 .debug_aranges
                0x0000000000000428       0x20 ../max10_nios_classic_bsp/\libhal_bsp.a(alt_lseek.o)
 .debug_aranges
                0x0000000000000448       0x20 ../max10_nios_classic_bsp/\libhal_bsp.a(alt_main.o)
 .debug_aranges
                0x0000000000000468       0x20 ../max10_nios_classic_bsp/\libhal_bsp.a(alt_malloc_lock.o)
 .debug_aranges
                0x0000000000000488       0x20 ../max10_nios_classic_bsp/\libhal_bsp.a(alt_read.o)
 .debug_aranges
                0x00000000000004a8       0x20 ../max10_nios_classic_bsp/\libhal_bsp.a(alt_release_fd.o)
 .debug_aranges
                0x00000000000004c8       0x20 ../max10_nios_classic_bsp/\libhal_bsp.a(alt_sbrk.o)
 .debug_aranges
                0x00000000000004e8       0x20 ../max10_nios_classic_bsp/\libhal_bsp.a(alt_write.o)
 .debug_aranges
                0x0000000000000508       0x20 ../max10_nios_classic_bsp/\libhal_bsp.a(alt_sys_init.o)
 .debug_aranges
                0x0000000000000528       0x20 ../max10_nios_classic_bsp/\libhal_bsp.a(altera_avalon_epcs_flash_controller.o)
 .debug_aranges
                0x0000000000000548       0x20 ../max10_nios_classic_bsp/\libhal_bsp.a(altera_avalon_jtag_uart_fd.o)
 .debug_aranges
                0x0000000000000568       0x20 ../max10_nios_classic_bsp/\libhal_bsp.a(altera_avalon_jtag_uart_init.o)
 .debug_aranges
                0x0000000000000588       0x20 ../max10_nios_classic_bsp/\libhal_bsp.a(altera_avalon_jtag_uart_ioctl.o)
 .debug_aranges
                0x00000000000005a8       0x20 ../max10_nios_classic_bsp/\libhal_bsp.a(altera_avalon_jtag_uart_read.o)
 .debug_aranges
                0x00000000000005c8       0x20 ../max10_nios_classic_bsp/\libhal_bsp.a(altera_avalon_jtag_uart_write.o)
 .debug_aranges
                0x00000000000005e8       0x20 ../max10_nios_classic_bsp/\libhal_bsp.a(altera_avalon_timer_sc.o)
 .debug_aranges
                0x0000000000000608       0x20 ../max10_nios_classic_bsp/\libhal_bsp.a(epcs_commands.o)
 .debug_aranges
                0x0000000000000628       0x20 ../max10_nios_classic_bsp/\libhal_bsp.a(alt_alarm_start.o)
 .debug_aranges
                0x0000000000000648       0x20 ../max10_nios_classic_bsp/\libhal_bsp.a(alt_dev_llist_insert.o)
 .debug_aranges
                0x0000000000000668       0x20 ../max10_nios_classic_bsp/\libhal_bsp.a(alt_do_ctors.o)
 .debug_aranges
                0x0000000000000688       0x20 ../max10_nios_classic_bsp/\libhal_bsp.a(alt_do_dtors.o)
 .debug_aranges
                0x00000000000006a8       0x20 ../max10_nios_classic_bsp/\libhal_bsp.a(alt_flash_dev.o)
 .debug_aranges
                0x00000000000006c8       0x20 ../max10_nios_classic_bsp/\libhal_bsp.a(alt_iic.o)
 .debug_aranges
                0x00000000000006e8       0x20 ../max10_nios_classic_bsp/\libhal_bsp.a(alt_iic_isr_register.o)
 .debug_aranges
                0x0000000000000708       0x20 ../max10_nios_classic_bsp/\libhal_bsp.a(alt_io_redirect.o)
 .debug_aranges
                0x0000000000000728       0x30 ../max10_nios_classic_bsp/\libhal_bsp.a(alt_irq_entry.o)
 .debug_aranges
                0x0000000000000758       0x20 ../max10_nios_classic_bsp/\libhal_bsp.a(alt_irq_handler.o)
 .debug_aranges
                0x0000000000000778       0x18 ../max10_nios_classic_bsp/\libhal_bsp.a(alt_irq_vars.o)
 .debug_aranges
                0x0000000000000790       0x20 ../max10_nios_classic_bsp/\libhal_bsp.a(alt_open.o)
 .debug_aranges
                0x00000000000007b0       0x20 ../max10_nios_classic_bsp/\libhal_bsp.a(alt_tick.o)
 .debug_aranges
                0x00000000000007d0       0x20 ../max10_nios_classic_bsp/\libhal_bsp.a(altera_nios2_qsys_irq.o)
 .debug_aranges
                0x00000000000007f0       0x20 ../max10_nios_classic_bsp/\libhal_bsp.a(altera_avalon_spi.o)
 .debug_aranges
                0x0000000000000810       0x38 ../max10_nios_classic_bsp/\libhal_bsp.a(alt_exception_entry.o)
 .debug_aranges
                0x0000000000000848       0x20 ../max10_nios_classic_bsp/\libhal_bsp.a(alt_find_dev.o)
 .debug_aranges
                0x0000000000000868       0x20 ../max10_nios_classic_bsp/\libhal_bsp.a(alt_find_file.o)
 .debug_aranges
                0x0000000000000888       0x20 ../max10_nios_classic_bsp/\libhal_bsp.a(alt_get_fd.o)
 .debug_aranges
                0x00000000000008a8       0x20 c:/altera/14.1/nios2eds/bin/gnu/h-x86_64-mingw32/bin/../lib/gcc/nios2-elf/4.8.3/../../../../../H-x86_64-mingw32/nios2-elf/lib/mno-hw-mul\libc.a(lib_a-atexit.o)
 .debug_aranges
                0x00000000000008c8       0x20 c:/altera/14.1/nios2eds/bin/gnu/h-x86_64-mingw32/bin/../lib/gcc/nios2-elf/4.8.3/../../../../../H-x86_64-mingw32/nios2-elf/lib/mno-hw-mul\libc.a(lib_a-exit.o)
 .debug_aranges
                0x00000000000008e8       0x20 c:/altera/14.1/nios2eds/bin/gnu/h-x86_64-mingw32/bin/../lib/gcc/nios2-elf/4.8.3/../../../../../H-x86_64-mingw32/nios2-elf/lib/mno-hw-mul\libc.a(lib_a-memcmp.o)
 .debug_aranges
                0x0000000000000908       0x20 c:/altera/14.1/nios2eds/bin/gnu/h-x86_64-mingw32/bin/../lib/gcc/nios2-elf/4.8.3/../../../../../H-x86_64-mingw32/nios2-elf/lib/mno-hw-mul\libc.a(lib_a-__atexit.o)
 .debug_aranges
                0x0000000000000928       0x20 c:/altera/14.1/nios2eds/bin/gnu/h-x86_64-mingw32/bin/../lib/gcc/nios2-elf/4.8.3/../../../../../H-x86_64-mingw32/nios2-elf/lib/mno-hw-mul\libc.a(lib_a-__call_atexit.o)
 .debug_aranges
                0x0000000000000948       0x20 ../max10_nios_classic_bsp/\libhal_bsp.a(alt_exit.o)

.debug_pubnames
 *(.debug_pubnames)

.debug_info     0x0000000000000000    0x17190
 *(.debug_info .gnu.linkonce.wi.*)
 .debug_info    0x0000000000000000       0x6b ../max10_nios_classic_bsp//obj/HAL/src/crt0.o
 .debug_info    0x000000000000006b       0x8f obj/default/hello_world.o
 .debug_info    0x00000000000000fa      0x9f4 c:/altera/14.1/nios2eds/bin/gnu/h-x86_64-mingw32/bin/../lib/gcc/nios2-elf/4.8.3/../../../../../H-x86_64-mingw32/nios2-elf/lib/mno-hw-mul\libc.a(lib_a-puts.o)
 .debug_info    0x0000000000000aee       0xdb c:/altera/14.1/nios2eds/bin/gnu/h-x86_64-mingw32/bin/../lib/gcc/nios2-elf/4.8.3/../../../../../H-x86_64-mingw32/nios2-elf/lib/mno-hw-mul\libc.a(lib_a-strlen.o)
 .debug_info    0x0000000000000bc9      0xc31 c:/altera/14.1/nios2eds/bin/gnu/h-x86_64-mingw32/bin/../lib/gcc/nios2-elf/4.8.3/../../../../../H-x86_64-mingw32/nios2-elf/lib/mno-hw-mul\libc.a(lib_a-fvwrite.o)
 .debug_info    0x00000000000017fa      0x88f c:/altera/14.1/nios2eds/bin/gnu/h-x86_64-mingw32/bin/../lib/gcc/nios2-elf/4.8.3/../../../../../H-x86_64-mingw32/nios2-elf/lib/mno-hw-mul\libc.a(lib_a-impure.o)
 .debug_info    0x0000000000002089      0xd7c c:/altera/14.1/nios2eds/bin/gnu/h-x86_64-mingw32/bin/../lib/gcc/nios2-elf/4.8.3/../../../../../H-x86_64-mingw32/nios2-elf/lib/mno-hw-mul\libc.a(lib_a-mallocr.o)
 .debug_info    0x0000000000002e05      0x12b c:/altera/14.1/nios2eds/bin/gnu/h-x86_64-mingw32/bin/../lib/gcc/nios2-elf/4.8.3/../../../../../H-x86_64-mingw32/nios2-elf/lib/mno-hw-mul\libc.a(lib_a-memchr.o)
 .debug_info    0x0000000000002f30      0x133 c:/altera/14.1/nios2eds/bin/gnu/h-x86_64-mingw32/bin/../lib/gcc/nios2-elf/4.8.3/../../../../../H-x86_64-mingw32/nios2-elf/lib/mno-hw-mul\libc.a(lib_a-memcpy.o)
 .debug_info    0x0000000000003063      0x133 c:/altera/14.1/nios2eds/bin/gnu/h-x86_64-mingw32/bin/../lib/gcc/nios2-elf/4.8.3/../../../../../H-x86_64-mingw32/nios2-elf/lib/mno-hw-mul\libc.a(lib_a-memmove.o)
 .debug_info    0x0000000000003196      0xc9c c:/altera/14.1/nios2eds/bin/gnu/h-x86_64-mingw32/bin/../lib/gcc/nios2-elf/4.8.3/../../../../../H-x86_64-mingw32/nios2-elf/lib/mno-hw-mul\libc.a(lib_a-reallocr.o)
 .debug_info    0x0000000000003e32      0x8ef c:/altera/14.1/nios2eds/bin/gnu/h-x86_64-mingw32/bin/../lib/gcc/nios2-elf/4.8.3/../../../../../H-x86_64-mingw32/nios2-elf/lib/mno-hw-mul\libc.a(lib_a-sbrkr.o)
 .debug_info    0x0000000000004721      0x91d c:/altera/14.1/nios2eds/bin/gnu/h-x86_64-mingw32/bin/../lib/gcc/nios2-elf/4.8.3/../../../../../H-x86_64-mingw32/nios2-elf/lib/mno-hw-mul\libc.a(lib_a-wsetup.o)
 .debug_info    0x000000000000503e      0xa3a c:/altera/14.1/nios2eds/bin/gnu/h-x86_64-mingw32/bin/../lib/gcc/nios2-elf/4.8.3/../../../../../H-x86_64-mingw32/nios2-elf/lib/mno-hw-mul\libc.a(lib_a-fflush.o)
 .debug_info    0x0000000000005a78      0xd07 c:/altera/14.1/nios2eds/bin/gnu/h-x86_64-mingw32/bin/../lib/gcc/nios2-elf/4.8.3/../../../../../H-x86_64-mingw32/nios2-elf/lib/mno-hw-mul\libc.a(lib_a-findfp.o)
 .debug_info    0x000000000000677f      0xc17 c:/altera/14.1/nios2eds/bin/gnu/h-x86_64-mingw32/bin/../lib/gcc/nios2-elf/4.8.3/../../../../../H-x86_64-mingw32/nios2-elf/lib/mno-hw-mul\libc.a(lib_a-freer.o)
 .debug_info    0x0000000000007396      0xab7 c:/altera/14.1/nios2eds/bin/gnu/h-x86_64-mingw32/bin/../lib/gcc/nios2-elf/4.8.3/../../../../../H-x86_64-mingw32/nios2-elf/lib/mno-hw-mul\libc.a(lib_a-fwalk.o)
 .debug_info    0x0000000000007e4d       0x83 c:/altera/14.1/nios2eds/bin/gnu/h-x86_64-mingw32/bin/../lib/gcc/nios2-elf/4.8.3/../../../../../H-x86_64-mingw32/nios2-elf/lib/mno-hw-mul\libc.a(lib_a-int_errno.o)
 .debug_info    0x0000000000007ed0      0xaff c:/altera/14.1/nios2eds/bin/gnu/h-x86_64-mingw32/bin/../lib/gcc/nios2-elf/4.8.3/../../../../../H-x86_64-mingw32/nios2-elf/lib/mno-hw-mul\libc.a(lib_a-makebuf.o)
 .debug_info    0x00000000000089cf      0x11a c:/altera/14.1/nios2eds/bin/gnu/h-x86_64-mingw32/bin/../lib/gcc/nios2-elf/4.8.3/../../../../../H-x86_64-mingw32/nios2-elf/lib/mno-hw-mul\libc.a(lib_a-memset.o)
 .debug_info    0x0000000000008ae9      0xb83 c:/altera/14.1/nios2eds/bin/gnu/h-x86_64-mingw32/bin/../lib/gcc/nios2-elf/4.8.3/../../../../../H-x86_64-mingw32/nios2-elf/lib/mno-hw-mul\libc.a(lib_a-stdio.o)
 .debug_info    0x000000000000966c      0x921 c:/altera/14.1/nios2eds/bin/gnu/h-x86_64-mingw32/bin/../lib/gcc/nios2-elf/4.8.3/../../../../../H-x86_64-mingw32/nios2-elf/lib/mno-hw-mul\libc.a(lib_a-writer.o)
 .debug_info    0x0000000000009f8d      0x8ce c:/altera/14.1/nios2eds/bin/gnu/h-x86_64-mingw32/bin/../lib/gcc/nios2-elf/4.8.3/../../../../../H-x86_64-mingw32/nios2-elf/lib/mno-hw-mul\libc.a(closer.o)
 .debug_info    0x000000000000a85b      0x9d5 c:/altera/14.1/nios2eds/bin/gnu/h-x86_64-mingw32/bin/../lib/gcc/nios2-elf/4.8.3/../../../../../H-x86_64-mingw32/nios2-elf/lib/mno-hw-mul\libc.a(lib_a-fclose.o)
 .debug_info    0x000000000000b230      0xa5c c:/altera/14.1/nios2eds/bin/gnu/h-x86_64-mingw32/bin/../lib/gcc/nios2-elf/4.8.3/../../../../../H-x86_64-mingw32/nios2-elf/lib/mno-hw-mul\libc.a(lib_a-fstatr.o)
 .debug_info    0x000000000000bc8c      0x8ce c:/altera/14.1/nios2eds/bin/gnu/h-x86_64-mingw32/bin/../lib/gcc/nios2-elf/4.8.3/../../../../../H-x86_64-mingw32/nios2-elf/lib/mno-hw-mul\libc.a(lib_a-isattyr.o)
 .debug_info    0x000000000000c55a      0x91a c:/altera/14.1/nios2eds/bin/gnu/h-x86_64-mingw32/bin/../lib/gcc/nios2-elf/4.8.3/../../../../../H-x86_64-mingw32/nios2-elf/lib/mno-hw-mul\libc.a(lib_a-lseekr.o)
 .debug_info    0x000000000000ce74      0x91a c:/altera/14.1/nios2eds/bin/gnu/h-x86_64-mingw32/bin/../lib/gcc/nios2-elf/4.8.3/../../../../../H-x86_64-mingw32/nios2-elf/lib/mno-hw-mul\libc.a(lib_a-readr.o)
 .debug_info    0x000000000000d78e       0xb4 c:/altera/14.1/nios2eds/bin/gnu/h-x86_64-mingw32/bin/../lib/gcc/nios2-elf/4.8.3/mno-hw-mul\libgcc.a(lib2-mul.o)
 .debug_info    0x000000000000d842      0x31a ../max10_nios_classic_bsp/\libhal_bsp.a(alt_close.o)
 .debug_info    0x000000000000db5c      0x495 ../max10_nios_classic_bsp/\libhal_bsp.a(alt_dev.o)
 .debug_info    0x000000000000dff1       0x9f ../max10_nios_classic_bsp/\libhal_bsp.a(alt_errno.o)
 .debug_info    0x000000000000e090      0x481 ../max10_nios_classic_bsp/\libhal_bsp.a(alt_fstat.o)
 .debug_info    0x000000000000e511      0x484 ../max10_nios_classic_bsp/\libhal_bsp.a(alt_isatty.o)
 .debug_info    0x000000000000e995      0x34b ../max10_nios_classic_bsp/\libhal_bsp.a(alt_lseek.o)
 .debug_info    0x000000000000ece0      0x12a ../max10_nios_classic_bsp/\libhal_bsp.a(alt_main.o)
 .debug_info    0x000000000000ee0a      0x89f ../max10_nios_classic_bsp/\libhal_bsp.a(alt_malloc_lock.o)
 .debug_info    0x000000000000f6a9      0x4a9 ../max10_nios_classic_bsp/\libhal_bsp.a(alt_read.o)
 .debug_info    0x000000000000fb52      0x2b0 ../max10_nios_classic_bsp/\libhal_bsp.a(alt_release_fd.o)
 .debug_info    0x000000000000fe02      0x1a5 ../max10_nios_classic_bsp/\libhal_bsp.a(alt_sbrk.o)
 .debug_info    0x000000000000ffa7      0x4b0 ../max10_nios_classic_bsp/\libhal_bsp.a(alt_write.o)
 .debug_info    0x0000000000010457      0x798 ../max10_nios_classic_bsp/\libhal_bsp.a(alt_sys_init.o)
 .debug_info    0x0000000000010bef      0x83a ../max10_nios_classic_bsp/\libhal_bsp.a(altera_avalon_epcs_flash_controller.o)
 .debug_info    0x0000000000011429      0x527 ../max10_nios_classic_bsp/\libhal_bsp.a(altera_avalon_jtag_uart_fd.o)
 .debug_info    0x0000000000011950      0x3a1 ../max10_nios_classic_bsp/\libhal_bsp.a(altera_avalon_jtag_uart_init.o)
 .debug_info    0x0000000000011cf1      0x279 ../max10_nios_classic_bsp/\libhal_bsp.a(altera_avalon_jtag_uart_ioctl.o)
 .debug_info    0x0000000000011f6a      0x342 ../max10_nios_classic_bsp/\libhal_bsp.a(altera_avalon_jtag_uart_read.o)
 .debug_info    0x00000000000122ac      0x339 ../max10_nios_classic_bsp/\libhal_bsp.a(altera_avalon_jtag_uart_write.o)
 .debug_info    0x00000000000125e5      0x21f ../max10_nios_classic_bsp/\libhal_bsp.a(altera_avalon_timer_sc.o)
 .debug_info    0x0000000000012804      0x448 ../max10_nios_classic_bsp/\libhal_bsp.a(epcs_commands.o)
 .debug_info    0x0000000000012c4c      0x2c5 ../max10_nios_classic_bsp/\libhal_bsp.a(alt_alarm_start.o)
 .debug_info    0x0000000000012f11      0x1a2 ../max10_nios_classic_bsp/\libhal_bsp.a(alt_dev_llist_insert.o)
 .debug_info    0x00000000000130b3       0x83 ../max10_nios_classic_bsp/\libhal_bsp.a(alt_do_ctors.o)
 .debug_info    0x0000000000013136       0x83 ../max10_nios_classic_bsp/\libhal_bsp.a(alt_do_dtors.o)
 .debug_info    0x00000000000131b9      0x394 ../max10_nios_classic_bsp/\libhal_bsp.a(alt_flash_dev.o)
 .debug_info    0x000000000001354d      0x349 ../max10_nios_classic_bsp/\libhal_bsp.a(alt_iic.o)
 .debug_info    0x0000000000013896      0x1e8 ../max10_nios_classic_bsp/\libhal_bsp.a(alt_iic_isr_register.o)
 .debug_info    0x0000000000013a7e      0x49e ../max10_nios_classic_bsp/\libhal_bsp.a(alt_io_redirect.o)
 .debug_info    0x0000000000013f1c       0x70 ../max10_nios_classic_bsp/\libhal_bsp.a(alt_irq_entry.o)
 .debug_info    0x0000000000013f8c      0x180 ../max10_nios_classic_bsp/\libhal_bsp.a(alt_irq_handler.o)
 .debug_info    0x000000000001410c       0x88 ../max10_nios_classic_bsp/\libhal_bsp.a(alt_irq_vars.o)
 .debug_info    0x0000000000014194      0x3b4 ../max10_nios_classic_bsp/\libhal_bsp.a(alt_open.o)
 .debug_info    0x0000000000014548      0x292 ../max10_nios_classic_bsp/\libhal_bsp.a(alt_tick.o)
 .debug_info    0x00000000000147da       0x8b ../max10_nios_classic_bsp/\libhal_bsp.a(altera_nios2_qsys_irq.o)
 .debug_info    0x0000000000014865      0x186 ../max10_nios_classic_bsp/\libhal_bsp.a(altera_avalon_spi.o)
 .debug_info    0x00000000000149eb       0x76 ../max10_nios_classic_bsp/\libhal_bsp.a(alt_exception_entry.o)
 .debug_info    0x0000000000014a61      0x2e2 ../max10_nios_classic_bsp/\libhal_bsp.a(alt_find_dev.o)
 .debug_info    0x0000000000014d43      0x2df ../max10_nios_classic_bsp/\libhal_bsp.a(alt_find_file.o)
 .debug_info    0x0000000000015022      0x309 ../max10_nios_classic_bsp/\libhal_bsp.a(alt_get_fd.o)
 .debug_info    0x000000000001532b      0x10a c:/altera/14.1/nios2eds/bin/gnu/h-x86_64-mingw32/bin/../lib/gcc/nios2-elf/4.8.3/../../../../../H-x86_64-mingw32/nios2-elf/lib/mno-hw-mul\libc.a(lib_a-atexit.o)
 .debug_info    0x0000000000015435      0x8df c:/altera/14.1/nios2eds/bin/gnu/h-x86_64-mingw32/bin/../lib/gcc/nios2-elf/4.8.3/../../../../../H-x86_64-mingw32/nios2-elf/lib/mno-hw-mul\libc.a(lib_a-exit.o)
 .debug_info    0x0000000000015d14      0x113 c:/altera/14.1/nios2eds/bin/gnu/h-x86_64-mingw32/bin/../lib/gcc/nios2-elf/4.8.3/../../../../../H-x86_64-mingw32/nios2-elf/lib/mno-hw-mul\libc.a(lib_a-memcmp.o)
 .debug_info    0x0000000000015e27      0x93b c:/altera/14.1/nios2eds/bin/gnu/h-x86_64-mingw32/bin/../lib/gcc/nios2-elf/4.8.3/../../../../../H-x86_64-mingw32/nios2-elf/lib/mno-hw-mul\libc.a(lib_a-__atexit.o)
 .debug_info    0x0000000000016762      0x949 c:/altera/14.1/nios2eds/bin/gnu/h-x86_64-mingw32/bin/../lib/gcc/nios2-elf/4.8.3/../../../../../H-x86_64-mingw32/nios2-elf/lib/mno-hw-mul\libc.a(lib_a-__call_atexit.o)
 .debug_info    0x00000000000170ab       0xe5 ../max10_nios_classic_bsp/\libhal_bsp.a(alt_exit.o)

.debug_abbrev   0x0000000000000000     0x615b
 *(.debug_abbrev)
 .debug_abbrev  0x0000000000000000       0x14 ../max10_nios_classic_bsp//obj/HAL/src/crt0.o
 .debug_abbrev  0x0000000000000014       0x42 obj/default/hello_world.o
 .debug_abbrev  0x0000000000000056      0x226 c:/altera/14.1/nios2eds/bin/gnu/h-x86_64-mingw32/bin/../lib/gcc/nios2-elf/4.8.3/../../../../../H-x86_64-mingw32/nios2-elf/lib/mno-hw-mul\libc.a(lib_a-puts.o)
 .debug_abbrev  0x000000000000027c       0x90 c:/altera/14.1/nios2eds/bin/gnu/h-x86_64-mingw32/bin/../lib/gcc/nios2-elf/4.8.3/../../../../../H-x86_64-mingw32/nios2-elf/lib/mno-hw-mul\libc.a(lib_a-strlen.o)
 .debug_abbrev  0x000000000000030c      0x252 c:/altera/14.1/nios2eds/bin/gnu/h-x86_64-mingw32/bin/../lib/gcc/nios2-elf/4.8.3/../../../../../H-x86_64-mingw32/nios2-elf/lib/mno-hw-mul\libc.a(lib_a-fvwrite.o)
 .debug_abbrev  0x000000000000055e      0x180 c:/altera/14.1/nios2eds/bin/gnu/h-x86_64-mingw32/bin/../lib/gcc/nios2-elf/4.8.3/../../../../../H-x86_64-mingw32/nios2-elf/lib/mno-hw-mul\libc.a(lib_a-impure.o)
 .debug_abbrev  0x00000000000006de      0x2a2 c:/altera/14.1/nios2eds/bin/gnu/h-x86_64-mingw32/bin/../lib/gcc/nios2-elf/4.8.3/../../../../../H-x86_64-mingw32/nios2-elf/lib/mno-hw-mul\libc.a(lib_a-mallocr.o)
 .debug_abbrev  0x0000000000000980       0xab c:/altera/14.1/nios2eds/bin/gnu/h-x86_64-mingw32/bin/../lib/gcc/nios2-elf/4.8.3/../../../../../H-x86_64-mingw32/nios2-elf/lib/mno-hw-mul\libc.a(lib_a-memchr.o)
 .debug_abbrev  0x0000000000000a2b       0x9c c:/altera/14.1/nios2eds/bin/gnu/h-x86_64-mingw32/bin/../lib/gcc/nios2-elf/4.8.3/../../../../../H-x86_64-mingw32/nios2-elf/lib/mno-hw-mul\libc.a(lib_a-memcpy.o)
 .debug_abbrev  0x0000000000000ac7       0x9c c:/altera/14.1/nios2eds/bin/gnu/h-x86_64-mingw32/bin/../lib/gcc/nios2-elf/4.8.3/../../../../../H-x86_64-mingw32/nios2-elf/lib/mno-hw-mul\libc.a(lib_a-memmove.o)
 .debug_abbrev  0x0000000000000b63      0x260 c:/altera/14.1/nios2eds/bin/gnu/h-x86_64-mingw32/bin/../lib/gcc/nios2-elf/4.8.3/../../../../../H-x86_64-mingw32/nios2-elf/lib/mno-hw-mul\libc.a(lib_a-reallocr.o)
 .debug_abbrev  0x0000000000000dc3      0x1fd c:/altera/14.1/nios2eds/bin/gnu/h-x86_64-mingw32/bin/../lib/gcc/nios2-elf/4.8.3/../../../../../H-x86_64-mingw32/nios2-elf/lib/mno-hw-mul\libc.a(lib_a-sbrkr.o)
 .debug_abbrev  0x0000000000000fc0      0x1f3 c:/altera/14.1/nios2eds/bin/gnu/h-x86_64-mingw32/bin/../lib/gcc/nios2-elf/4.8.3/../../../../../H-x86_64-mingw32/nios2-elf/lib/mno-hw-mul\libc.a(lib_a-wsetup.o)
 .debug_abbrev  0x00000000000011b3      0x275 c:/altera/14.1/nios2eds/bin/gnu/h-x86_64-mingw32/bin/../lib/gcc/nios2-elf/4.8.3/../../../../../H-x86_64-mingw32/nios2-elf/lib/mno-hw-mul\libc.a(lib_a-fflush.o)
 .debug_abbrev  0x0000000000001428      0x366 c:/altera/14.1/nios2eds/bin/gnu/h-x86_64-mingw32/bin/../lib/gcc/nios2-elf/4.8.3/../../../../../H-x86_64-mingw32/nios2-elf/lib/mno-hw-mul\libc.a(lib_a-findfp.o)
 .debug_abbrev  0x000000000000178e      0x27b c:/altera/14.1/nios2eds/bin/gnu/h-x86_64-mingw32/bin/../lib/gcc/nios2-elf/4.8.3/../../../../../H-x86_64-mingw32/nios2-elf/lib/mno-hw-mul\libc.a(lib_a-freer.o)
 .debug_abbrev  0x0000000000001a09      0x242 c:/altera/14.1/nios2eds/bin/gnu/h-x86_64-mingw32/bin/../lib/gcc/nios2-elf/4.8.3/../../../../../H-x86_64-mingw32/nios2-elf/lib/mno-hw-mul\libc.a(lib_a-fwalk.o)
 .debug_abbrev  0x0000000000001c4b       0x37 c:/altera/14.1/nios2eds/bin/gnu/h-x86_64-mingw32/bin/../lib/gcc/nios2-elf/4.8.3/../../../../../H-x86_64-mingw32/nios2-elf/lib/mno-hw-mul\libc.a(lib_a-int_errno.o)
 .debug_abbrev  0x0000000000001c82      0x206 c:/altera/14.1/nios2eds/bin/gnu/h-x86_64-mingw32/bin/../lib/gcc/nios2-elf/4.8.3/../../../../../H-x86_64-mingw32/nios2-elf/lib/mno-hw-mul\libc.a(lib_a-makebuf.o)
 .debug_abbrev  0x0000000000001e88       0xae c:/altera/14.1/nios2eds/bin/gnu/h-x86_64-mingw32/bin/../lib/gcc/nios2-elf/4.8.3/../../../../../H-x86_64-mingw32/nios2-elf/lib/mno-hw-mul\libc.a(lib_a-memset.o)